Archive member included to satisfy reference by file (symbol)

/usr/lib/gcc/arm-none-eabi/4.8/../../../arm-none-eabi/lib/armv7e-m/libg_nano.a(lib_a-errno.o)
                              ./system/src/newlib/_sbrk.o (__errno)
/usr/lib/gcc/arm-none-eabi/4.8/../../../arm-none-eabi/lib/armv7e-m/libg_nano.a(lib_a-impure.o)
                              /usr/lib/gcc/arm-none-eabi/4.8/../../../arm-none-eabi/lib/armv7e-m/libg_nano.a(lib_a-errno.o) (_impure_ptr)
/usr/lib/gcc/arm-none-eabi/4.8/../../../arm-none-eabi/lib/armv7e-m/libg_nano.a(lib_a-strlen.o)
                              ./system/src/diag/Trace.o (strlen)
/usr/lib/gcc/arm-none-eabi/4.8/../../../arm-none-eabi/lib/armv7e-m/libg_nano.a(lib_a-vsnprintf.o)
                              ./system/src/diag/Trace.o (vsnprintf)
/usr/lib/gcc/arm-none-eabi/4.8/../../../arm-none-eabi/lib/armv7e-m/libg_nano.a(lib_a-nano-svfprintf.o)
                              /usr/lib/gcc/arm-none-eabi/4.8/../../../arm-none-eabi/lib/armv7e-m/libg_nano.a(lib_a-vsnprintf.o) (_svfprintf_r)
/usr/lib/gcc/arm-none-eabi/4.8/../../../arm-none-eabi/lib/armv7e-m/libg_nano.a(lib_a-nano-vfprintf_i.o)
                              /usr/lib/gcc/arm-none-eabi/4.8/../../../arm-none-eabi/lib/armv7e-m/libg_nano.a(lib_a-nano-svfprintf.o) (_printf_i)
/usr/lib/gcc/arm-none-eabi/4.8/../../../arm-none-eabi/lib/armv7e-m/libg_nano.a(lib_a-memchr-stub.o)
                              /usr/lib/gcc/arm-none-eabi/4.8/../../../arm-none-eabi/lib/armv7e-m/libg_nano.a(lib_a-nano-svfprintf.o) (memchr)
/usr/lib/gcc/arm-none-eabi/4.8/../../../arm-none-eabi/lib/armv7e-m/libg_nano.a(lib_a-memcpy-stub.o)
                              /usr/lib/gcc/arm-none-eabi/4.8/../../../arm-none-eabi/lib/armv7e-m/libg_nano.a(lib_a-nano-svfprintf.o) (memcpy)
/usr/lib/gcc/arm-none-eabi/4.8/../../../arm-none-eabi/lib/armv7e-m/libg_nano.a(lib_a-memmove.o)
                              /usr/lib/gcc/arm-none-eabi/4.8/../../../arm-none-eabi/lib/armv7e-m/libg_nano.a(lib_a-nano-svfprintf.o) (memmove)
/usr/lib/gcc/arm-none-eabi/4.8/../../../arm-none-eabi/lib/armv7e-m/libg_nano.a(lib_a-nano-freer.o)
                              /usr/lib/gcc/arm-none-eabi/4.8/../../../arm-none-eabi/lib/armv7e-m/libg_nano.a(lib_a-nano-svfprintf.o) (_free_r)
/usr/lib/gcc/arm-none-eabi/4.8/../../../arm-none-eabi/lib/armv7e-m/libg_nano.a(lib_a-nano-mallocr.o)
                              /usr/lib/gcc/arm-none-eabi/4.8/../../../arm-none-eabi/lib/armv7e-m/libg_nano.a(lib_a-nano-svfprintf.o) (_malloc_r)
/usr/lib/gcc/arm-none-eabi/4.8/../../../arm-none-eabi/lib/armv7e-m/libg_nano.a(lib_a-nano-reallocr.o)
                              /usr/lib/gcc/arm-none-eabi/4.8/../../../arm-none-eabi/lib/armv7e-m/libg_nano.a(lib_a-nano-svfprintf.o) (_realloc_r)
/usr/lib/gcc/arm-none-eabi/4.8/../../../arm-none-eabi/lib/armv7e-m/libg_nano.a(lib_a-sbrkr.o)
                              /usr/lib/gcc/arm-none-eabi/4.8/../../../arm-none-eabi/lib/armv7e-m/libg_nano.a(lib_a-nano-mallocr.o) (_sbrk_r)
/usr/lib/gcc/arm-none-eabi/4.8/../../../arm-none-eabi/lib/armv7e-m/libg_nano.a(lib_a-nano-msizer.o)
                              /usr/lib/gcc/arm-none-eabi/4.8/../../../arm-none-eabi/lib/armv7e-m/libg_nano.a(lib_a-nano-reallocr.o) (_malloc_usable_size_r)

Allocating common symbols
Common symbol       size              file

errno               0x4               ./system/src/newlib/_syscalls.o
pFlash              0x20              ./system/src/stm32f4-hal/stm32f4xx_hal_flash.o
fifo                0x50              ./src/fifo.o
outarray            0x4               ./src/STM32F4_P24v04.o
TIM_Handle          0x3c              ./src/fifo.o

Discarded input sections

 .group         0x0000000000000000        0x8 ./system/src/stm32f4-hal/stm32f4xx_hal.o
 .group         0x0000000000000000        0x8 ./system/src/stm32f4-hal/stm32f4xx_hal.o
 .group         0x0000000000000000        0x8 ./system/src/stm32f4-hal/stm32f4xx_hal.o
 .group         0x0000000000000000        0x8 ./system/src/stm32f4-hal/stm32f4xx_hal.o
 .group         0x0000000000000000        0x8 ./system/src/stm32f4-hal/stm32f4xx_hal.o
 .group         0x0000000000000000        0x8 ./system/src/stm32f4-hal/stm32f4xx_hal.o
 .group         0x0000000000000000        0x8 ./system/src/stm32f4-hal/stm32f4xx_hal.o
 .group         0x0000000000000000        0x8 ./system/src/stm32f4-hal/stm32f4xx_hal.o
 .group         0x0000000000000000        0x8 ./system/src/stm32f4-hal/stm32f4xx_hal.o
 .group         0x0000000000000000        0x8 ./system/src/stm32f4-hal/stm32f4xx_hal.o
 .group         0x0000000000000000        0x8 ./system/src/stm32f4-hal/stm32f4xx_hal.o
 .group         0x0000000000000000        0x8 ./system/src/stm32f4-hal/stm32f4xx_hal.o
 .group         0x0000000000000000        0x8 ./system/src/stm32f4-hal/stm32f4xx_hal.o
 .group         0x0000000000000000        0x8 ./system/src/stm32f4-hal/stm32f4xx_hal.o
 .group         0x0000000000000000        0x8 ./system/src/stm32f4-hal/stm32f4xx_hal.o
[...]
Memory Configuration

Name             Origin             Length             Attributes
RAM              0x0000000020000000 0x0000000000020000 xrw
CCMRAM           0x0000000010000000 0x0000000000010000 xrw
FLASH            0x0000000008000000 0x0000000000100000 xr
FLASHB1          0x0000000000000000 0x0000000000000000 xr
EXTMEMB0         0x0000000000000000 0x0000000000000000 xr
EXTMEMB1         0x0000000000000000 0x0000000000000000 xr
EXTMEMB2         0x0000000000000000 0x0000000000000000 xr
EXTMEMB3         0x0000000000000000 0x0000000000000000 xr
MEMORY_ARRAY     0x0000000020002000 0x0000000000000020 xrw
*default*        0x0000000000000000 0xffffffffffffffff

Linker script and memory map

LOAD ./system/src/stm32f4-hal/stm32f4xx_hal.o
LOAD ./system/src/stm32f4-hal/stm32f4xx_hal_cec.o
LOAD ./system/src/stm32f4-hal/stm32f4xx_hal_cortex.o
LOAD ./system/src/stm32f4-hal/stm32f4xx_hal_flash.o
LOAD ./system/src/stm32f4-hal/stm32f4xx_hal_flash_ex.o
LOAD ./system/src/stm32f4-hal/stm32f4xx_hal_flash_ramfunc.o
LOAD ./system/src/stm32f4-hal/stm32f4xx_hal_gpio.o
LOAD ./system/src/stm32f4-hal/stm32f4xx_hal_iwdg.o
LOAD ./system/src/stm32f4-hal/stm32f4xx_hal_pwr.o
LOAD ./system/src/stm32f4-hal/stm32f4xx_hal_pwr_ex.o
LOAD ./system/src/stm32f4-hal/stm32f4xx_hal_rcc.o
LOAD ./system/src/stm32f4-hal/stm32f4xx_hal_rcc_ex.o
LOAD ./system/src/stm32f4-hal/stm32f4xx_hal_tim.o
LOAD ./system/src/newlib/_cxx.o
LOAD ./system/src/newlib/_exit.o
LOAD ./system/src/newlib/_sbrk.o
LOAD ./system/src/newlib/_startup.o
LOAD ./system/src/newlib/_syscalls.o
LOAD ./system/src/newlib/assert.o
LOAD ./system/src/diag/Trace.o
LOAD ./system/src/diag/trace_impl.o
LOAD ./system/src/cortexm/_initialize_hardware.o
LOAD ./system/src/cortexm/_reset_hardware.o
LOAD ./system/src/cortexm/exception_handlers.o
LOAD ./system/src/cmsis/system_stm32f4xx.o
LOAD ./system/src/cmsis/vectors_stm32f4xx.o
LOAD ./src/STM32F4_P24v04.o
LOAD ./src/_initialize_hardware.o
LOAD ./src/_write.o
LOAD ./src/fifo.o
LOAD ./src/init.o
LOAD ./src/interrupts.o
LOAD ./src/main.o
LOAD ./src/p24.o
LOAD /usr/lib/gcc/arm-none-eabi/4.8/../../../arm-none-eabi/lib/armv7e-m/libstdc++_nano.a
LOAD /usr/lib/gcc/arm-none-eabi/4.8/../../../arm-none-eabi/lib/armv7e-m/libm.a
START GROUP
LOAD /usr/lib/gcc/arm-none-eabi/4.8/armv7e-m/libgcc.a
LOAD /usr/lib/gcc/arm-none-eabi/4.8/../../../arm-none-eabi/lib/armv7e-m/libg_nano.a
LOAD /usr/lib/gcc/arm-none-eabi/4.8/../../../arm-none-eabi/lib/armv7e-m/libc_nano.a
END GROUP
START GROUP
LOAD /usr/lib/gcc/arm-none-eabi/4.8/armv7e-m/libgcc.a
LOAD /usr/lib/gcc/arm-none-eabi/4.8/../../../arm-none-eabi/lib/armv7e-m/libc_nano.a
END GROUP
                0x0000000020020000                __stack = (ORIGIN (RAM) + 0x20000)
                0x0000000020020000                _estack = __stack
                0x0000000000000400                __Main_Stack_Size = 0x400
                0x0000000000000400                PROVIDE (_Main_Stack_Size, __Main_Stack_Size)
                0x000000002001fc00                __Main_Stack_Limit = (__stack - __Main_Stack_Size)
                0x000000002001fc00                PROVIDE (_Main_Stack_Limit, __Main_Stack_Limit)
                0x0000000000000100                _Minimum_Stack_Size = 0x100
                0x0000000020000254                PROVIDE (_Heap_Begin, _end_noinit)
                0x000000002001fc00                PROVIDE (_Heap_Limit, (__stack - __Main_Stack_Size))

.isr_vector     0x0000000008000000      0x3e8
 FILL mask 0xff
                0x0000000008000000                __vectors_start = ABSOLUTE (.)
                0x0000000008000000                __vectors_start__ = ABSOLUTE (.)
 *(.isr_vector)
 .isr_vector    0x0000000008000000      0x188 ./system/src/cmsis/vectors_stm32f4xx.o
                0x0000000008000000                __isr_vectors
 *(.cfmconfig)
 *(.after_vectors .after_vectors.*)
 .after_vectors
                0x0000000008000188      0x130 ./system/src/newlib/_startup.o
                0x0000000008000188                _start
 .after_vectors
                0x00000000080002b8      0x12c ./system/src/cortexm/exception_handlers.o
                0x00000000080002b8                Reset_Handler
                0x00000000080002c0                NMI_Handler
                0x00000000080002c4                HardFault_Handler
                0x00000000080002d8                HardFault_Handler_C
                0x0000000008000334                MemManage_Handler
                0x0000000008000338                BusFault_Handler
                0x000000000800034c                BusFault_Handler_C
                0x0000000008000380                UsageFault_Handler
                0x0000000008000394                UsageFault_Handler_C
                0x00000000080003c8                SVC_Handler
                0x00000000080003cc                DebugMon_Handler
                0x00000000080003d0                PendSV_Handler
                0x00000000080003d4                TIM4_IRQHandler
 .after_vectors
                0x00000000080003e4        0x4 ./system/src/cmsis/vectors_stm32f4xx.o
                0x00000000080003e4                RTC_Alarm_IRQHandler
                0x00000000080003e4                HASH_RNG_IRQHandler
                0x00000000080003e4                EXTI2_IRQHandler
                0x00000000080003e4                TIM8_CC_IRQHandler
                0x00000000080003e4                TIM1_CC_IRQHandler
                0x00000000080003e4                DMA2_Stream5_IRQHandler
                0x00000000080003e4                DMA1_Stream5_IRQHandler
                0x00000000080003e4                PVD_IRQHandler
                0x00000000080003e4                SDIO_IRQHandler
                0x00000000080003e4                TAMP_STAMP_IRQHandler
                0x00000000080003e4                CAN2_RX1_IRQHandler
                0x00000000080003e4                EXTI3_IRQHandler
                0x00000000080003e4                TIM8_TRG_COM_TIM14_IRQHandler
                0x00000000080003e4                TIM1_UP_TIM10_IRQHandler
                0x00000000080003e4                TIM8_UP_TIM13_IRQHandler
                0x00000000080003e4                I2C3_ER_IRQHandler
                0x00000000080003e4                EXTI0_IRQHandler
                0x00000000080003e4                I2C2_EV_IRQHandler
                0x00000000080003e4                DMA1_Stream2_IRQHandler
                0x00000000080003e4                CAN1_RX0_IRQHandler
                0x00000000080003e4                FPU_IRQHandler
                0x00000000080003e4                OTG_HS_WKUP_IRQHandler
                0x00000000080003e4                CAN2_SCE_IRQHandler
                0x00000000080003e4                DMA2_Stream2_IRQHandler
                0x00000000080003e4                SPI1_IRQHandler
                0x00000000080003e4                TIM6_DAC_IRQHandler
                0x00000000080003e4                TIM1_BRK_TIM9_IRQHandler
                0x00000000080003e4                DCMI_IRQHandler
                0x00000000080003e4                CAN2_RX0_IRQHandler
                0x00000000080003e4                DMA2_Stream3_IRQHandler
                0x00000000080003e4                USART6_IRQHandler
                0x00000000080003e4                USART3_IRQHandler
                0x00000000080003e4                CAN1_RX1_IRQHandler
                0x00000000080003e4                UART5_IRQHandler
                0x00000000080003e4                DMA2_Stream0_IRQHandler
                0x00000000080003e4                I2C1_EV_IRQHandler
                0x00000000080003e4                DMA1_Stream6_IRQHandler
                0x00000000080003e4                DMA1_Stream1_IRQHandler
                0x00000000080003e4                UART4_IRQHandler
                0x00000000080003e4                RCC_IRQHandler
                0x00000000080003e4                TIM8_BRK_TIM12_IRQHandler
                0x00000000080003e4                Default_Handler
                0x00000000080003e4                EXTI15_10_IRQHandler
                0x00000000080003e4                ADC_IRQHandler
                0x00000000080003e4                DMA1_Stream7_IRQHandler
                0x00000000080003e4                TIM7_IRQHandler
                0x00000000080003e4                CAN2_TX_IRQHandler
                0x00000000080003e4                TIM5_IRQHandler
                0x00000000080003e4                DMA2_Stream7_IRQHandler
                0x00000000080003e4                I2C3_EV_IRQHandler
                0x00000000080003e4                EXTI9_5_IRQHandler
                0x00000000080003e4                RTC_WKUP_IRQHandler
                0x00000000080003e4                ETH_WKUP_IRQHandler
                0x00000000080003e4                SPI2_IRQHandler
                0x00000000080003e4                OTG_HS_EP1_IN_IRQHandler
                0x00000000080003e4                DMA1_Stream0_IRQHandler
                0x00000000080003e4                CAN1_TX_IRQHandler
                0x00000000080003e4                EXTI4_IRQHandler
                0x00000000080003e4                FSMC_IRQHandler
                0x00000000080003e4                ETH_IRQHandler
                0x00000000080003e4                OTG_HS_EP1_OUT_IRQHandler
                0x00000000080003e4                WWDG_IRQHandler
                0x00000000080003e4                TIM2_IRQHandler
                0x00000000080003e4                OTG_FS_WKUP_IRQHandler
                0x00000000080003e4                TIM1_TRG_COM_TIM11_IRQHandler
                0x00000000080003e4                OTG_HS_IRQHandler
                0x00000000080003e4                EXTI1_IRQHandler
                0x00000000080003e4                USART2_IRQHandler
                0x00000000080003e4                I2C2_ER_IRQHandler
                0x00000000080003e4                DMA2_Stream1_IRQHandler
                0x00000000080003e4                CAN1_SCE_IRQHandler
                0x00000000080003e4                FLASH_IRQHandler
                0x00000000080003e4                DMA2_Stream4_IRQHandler
                0x00000000080003e4                USART1_IRQHandler
                0x00000000080003e4                OTG_FS_IRQHandler
                0x00000000080003e4                SPI3_IRQHandler
                0x00000000080003e4                DMA1_Stream4_IRQHandler
                0x00000000080003e4                I2C1_ER_IRQHandler
                0x00000000080003e4                DMA2_Stream6_IRQHandler
                0x00000000080003e4                DMA1_Stream3_IRQHandler

.inits          0x00000000080003e8       0x28
                0x00000000080003e8                __data_regions_array_start = .
                0x00000000080003e8        0x4 LONG 0x8004220 LOADADDR (.data)
                0x00000000080003ec        0x4 LONG 0x20000000 ADDR (.data)
                0x00000000080003f0        0x4 LONG 0x200000b8 (ADDR (.data) + SIZEOF (.data))
                0x00000000080003f4        0x4 LONG 0x8004220 LOADADDR (.data_CCMRAM)
                0x00000000080003f8        0x4 LONG 0x10000000 ADDR (.data_CCMRAM)
                0x00000000080003fc        0x4 LONG 0x10000000 (ADDR (.data_CCMRAM) + SIZEOF (.data_CCMRAM))
                0x0000000008000400                __data_regions_array_end = .
                0x0000000008000400                __bss_regions_array_start = .
                0x0000000008000400        0x4 LONG 0x200000b8 ADDR (.bss)
                0x0000000008000404        0x4 LONG 0x20000254 (ADDR (.bss) + SIZEOF (.bss))
                0x0000000008000408        0x4 LONG 0x10000000 ADDR (.bss_CCMRAM)
                0x000000000800040c        0x4 LONG 0x10000000 (ADDR (.bss_CCMRAM) + SIZEOF (.bss_CCMRAM))
                0x0000000008000410                __bss_regions_array_end = .
 *(.init)
 *(.fini)
                0x0000000008000410                . = ALIGN (0x4)
                0x0000000008000410                PROVIDE (__preinit_array_start, .)
 *(.preinit_array_sysinit .preinit_array_sysinit.*)
 *(.preinit_array_platform .preinit_array_platform.*)
 *(.preinit_array .preinit_array.*)
                0x0000000008000410                PROVIDE (__preinit_array_end, .)
                0x0000000008000410                . = ALIGN (0x4)
                0x0000000008000410                PROVIDE (__init_array_start, .)
 *(SORT(.init_array.*))
 *(.init_array)
                0x0000000008000410                PROVIDE (__init_array_end, .)
                0x0000000008000410                . = ALIGN (0x4)
                0x0000000008000410                PROVIDE (__fini_array_start, .)
 *(SORT(.fini_array.*))
 *(.fini_array)
                0x0000000008000410                PROVIDE (__fini_array_end, .)

.flashtext
 *(.flashtext .flashtext.*)

.text           0x0000000008000410     0x3e0d
 *(.text .text.*)
 .text.HAL_MspInit
                0x0000000008000410        0x4 ./system/src/stm32f4-hal/stm32f4xx_hal.o
                0x0000000008000410                HAL_MspInit
 .text.HAL_InitTick
                0x0000000008000414       0x28 ./system/src/stm32f4-hal/stm32f4xx_hal.o
                0x0000000008000414                HAL_InitTick
 .text.HAL_Init
                0x000000000800043c       0x34 ./system/src/stm32f4-hal/stm32f4xx_hal.o
                0x000000000800043c                HAL_Init
 .text.HAL_GetTick
                0x0000000008000470        0xc ./system/src/stm32f4-hal/stm32f4xx_hal.o
                0x0000000008000470                HAL_GetTick
 .text.HAL_NVIC_SetPriorityGrouping
                0x000000000800047c       0x3c ./system/src/stm32f4-hal/stm32f4xx_hal_cortex.o
                0x000000000800047c                HAL_NVIC_SetPriorityGrouping
 .text.HAL_NVIC_SetPriority
                0x00000000080004b8       0x84 ./system/src/stm32f4-hal/stm32f4xx_hal_cortex.o
                0x00000000080004b8                HAL_NVIC_SetPriority
 .text.HAL_NVIC_EnableIRQ
                0x000000000800053c       0x2c ./system/src/stm32f4-hal/stm32f4xx_hal_cortex.o
                0x000000000800053c                HAL_NVIC_EnableIRQ
 .text.HAL_SYSTICK_Config
                0x0000000008000568       0x2c ./system/src/stm32f4-hal/stm32f4xx_hal_cortex.o
                0x0000000008000568                HAL_SYSTICK_Config
 .text.HAL_SYSTICK_CLKSourceConfig
                0x0000000008000594       0x38 ./system/src/stm32f4-hal/stm32f4xx_hal_cortex.o
                0x0000000008000594                HAL_SYSTICK_CLKSourceConfig
 .text.HAL_GPIO_Init
                0x00000000080005cc      0x328 ./system/src/stm32f4-hal/stm32f4xx_hal_gpio.o
                0x00000000080005cc                HAL_GPIO_Init
 .text.HAL_RCC_OscConfig
                0x00000000080008f4      0x4b4 ./system/src/stm32f4-hal/stm32f4xx_hal_rcc.o
                0x00000000080008f4                HAL_RCC_OscConfig
 .text.HAL_RCC_ClockConfig
                0x0000000008000da8      0x368 ./system/src/stm32f4-hal/stm32f4xx_hal_rcc.o
                0x0000000008000da8                HAL_RCC_ClockConfig
 .text.HAL_RCC_GetSysClockFreq
                0x0000000008001110       0xa0 ./system/src/stm32f4-hal/stm32f4xx_hal_rcc.o
                0x0000000008001110                HAL_RCC_GetSysClockFreq
 .text.HAL_RCC_GetHCLKFreq
                0x00000000080011b0       0x38 ./system/src/stm32f4-hal/stm32f4xx_hal_rcc.o
                0x00000000080011b0                HAL_RCC_GetHCLKFreq
 .text.HAL_TIM_Base_MspInit
                0x00000000080011e8        0x4 ./system/src/stm32f4-hal/stm32f4xx_hal_tim.o
                0x00000000080011e8                HAL_TIM_Base_MspInit
 .text.HAL_TIM_Base_Start_IT
                0x00000000080011ec       0x9c ./system/src/stm32f4-hal/stm32f4xx_hal_tim.o
                0x00000000080011ec                HAL_TIM_Base_Start_IT
 .text.TIM_Base_SetConfig
                0x0000000008001288      0x11c ./system/src/stm32f4-hal/stm32f4xx_hal_tim.o
                0x0000000008001288                TIM_Base_SetConfig
 .text.HAL_TIM_Base_Init
                0x00000000080013a4       0xf0 ./system/src/stm32f4-hal/stm32f4xx_hal_tim.o
                0x00000000080013a4                HAL_TIM_Base_Init
 .text._exit    0x0000000008001494        0x4 ./system/src/newlib/_exit.o
                0x0000000008001494                _exit
 .text.abort    0x0000000008001498       0x14 ./system/src/newlib/_exit.o
                0x0000000008001498                abort
 .text._sbrk    0x00000000080014ac       0x44 ./system/src/newlib/_sbrk.o
                0x00000000080014ac                _sbrk
 .text.__initialize_args
                0x00000000080014f0       0x10 ./system/src/newlib/_syscalls.o
                0x00000000080014f0                __initialize_args
 .text.assert_failed
                0x0000000008001500       0x18 ./system/src/newlib/assert.o
                0x0000000008001500                assert_failed
 .text.trace_printf
                0x0000000008001518       0x34 ./system/src/diag/Trace.o
                0x0000000008001518                trace_printf
 .text.trace_puts
                0x000000000800154c       0x20 ./system/src/diag/Trace.o
                0x000000000800154c                trace_puts
 .text._trace_write_semihosting_debug
                0x000000000800156c       0x60 ./system/src/diag/trace_impl.o
 .text.trace_write
                0x00000000080015cc        0x8 ./system/src/diag/trace_impl.o
                0x00000000080015cc                trace_write
 .text.__initialize_hardware_early
                0x00000000080015d4        0x8 ./system/src/cortexm/_initialize_hardware.o
                0x00000000080015d4                __initialize_hardware_early
 .text.dumpExceptionStack
                0x00000000080015dc       0xf0 ./system/src/cortexm/exception_handlers.o
                0x00000000080015dc                dumpExceptionStack
 .text.isSemihosting
                0x00000000080016cc       0x20 ./system/src/cortexm/exception_handlers.o
                0x00000000080016cc                isSemihosting
 .text.SystemInit
                0x00000000080016ec       0x40 ./system/src/cmsis/system_stm32f4xx.o
                0x00000000080016ec                SystemInit
 .text.SystemCoreClockUpdate
                0x000000000800172c       0xa4 ./system/src/cmsis/system_stm32f4xx.o
                0x000000000800172c                SystemCoreClockUpdate
 .text          0x00000000080017d0     0x1ba8 ./src/STM32F4_P24v04.o
                0x00000000080017d0                P24_init
                0x0000000008001b32                asm_print_digit
                0x00000000080031cc                asm_vdisplay
                0x00000000080032a4                asm_get_switch
                0x00000000080032c8                screw_it
                0x00000000080032ee                asm_hw8_stuff
 .text.SystemClock_Config
                0x0000000008003378       0x98 ./src/_initialize_hardware.o
                0x0000000008003378                SystemClock_Config
 .text.__initialize_hardware
                0x0000000008003410       0x14 ./src/_initialize_hardware.o
                0x0000000008003410                __initialize_hardware
 .text.queue    0x0000000008003424       0xbc ./src/fifo.o
                0x0000000008003424                queue
 .text.vdisplay_init
                0x00000000080034e0       0x20 ./src/init.o
                0x00000000080034e0                vdisplay_init
 .text.TIM3_init
                0x0000000008003500       0x58 ./src/init.o
                0x0000000008003500                TIM3_init
 .text.GPIO_init
                0x0000000008003558       0x54 ./src/init.o
                0x0000000008003558                GPIO_init
 .text.init_all
                0x00000000080035ac       0x14 ./src/init.o
                0x00000000080035ac                init_all
 .text.TIM3_IRQHandler
                0x00000000080035c0       0x1c ./src/interrupts.o
                0x00000000080035c0                TIM3_IRQHandler
 .text.SysTick_Handler
                0x00000000080035dc        0x4 ./src/interrupts.o
                0x00000000080035dc                SysTick_Handler
 .text.main     0x00000000080035e0        0x8 ./src/main.o
                0x00000000080035e0                main
 .text.ANCAInit
                0x00000000080035e8       0x30 ./src/p24.o
                0x00000000080035e8                ANCAInit
 .text.ANCA_INIT_All
                0x0000000008003618       0xa0 ./src/p24.o
                0x0000000008003618                ANCA_INIT_All
 .text.__errno  0x00000000080036b8        0xc /usr/lib/gcc/arm-none-eabi/4.8/../../../arm-none-eabi/lib/armv7e-m/libg_nano.a(lib_a-errno.o)
                0x00000000080036b8                __errno
 .text.strlen   0x00000000080036c4       0x10 /usr/lib/gcc/arm-none-eabi/4.8/../../../arm-none-eabi/lib/armv7e-m/libg_nano.a(lib_a-strlen.o)
                0x00000000080036c4                strlen
 .text._vsnprintf_r
                0x00000000080036d4       0x52 /usr/lib/gcc/arm-none-eabi/4.8/../../../arm-none-eabi/lib/armv7e-m/libg_nano.a(lib_a-vsnprintf.o)
                0x00000000080036d4                _vsnprintf_r
                0x00000000080036d4                _vsniprintf_r
 *fill*         0x0000000008003726        0x2 
 .text.vsnprintf
                0x0000000008003728       0x20 /usr/lib/gcc/arm-none-eabi/4.8/../../../arm-none-eabi/lib/armv7e-m/libg_nano.a(lib_a-vsnprintf.o)
                0x0000000008003728                vsnprintf
                0x0000000008003728                vsniprintf
 .text.__ssputs_r
                0x0000000008003748       0xb8 /usr/lib/gcc/arm-none-eabi/4.8/../../../arm-none-eabi/lib/armv7e-m/libg_nano.a(lib_a-nano-svfprintf.o)
                0x0000000008003748                __ssputs_r
 .text._svfprintf_r
                0x0000000008003800      0x1dc /usr/lib/gcc/arm-none-eabi/4.8/../../../arm-none-eabi/lib/armv7e-m/libg_nano.a(lib_a-nano-svfprintf.o)
                0x0000000008003800                _svfprintf_r
                0x0000000008003800                _svfiprintf_r
 .text._printf_common
                0x00000000080039dc       0xe4 /usr/lib/gcc/arm-none-eabi/4.8/../../../arm-none-eabi/lib/armv7e-m/libg_nano.a(lib_a-nano-vfprintf_i.o)
                0x00000000080039dc                _printf_common
 .text._printf_i
                0x0000000008003ac0      0x22c /usr/lib/gcc/arm-none-eabi/4.8/../../../arm-none-eabi/lib/armv7e-m/libg_nano.a(lib_a-nano-vfprintf_i.o)
                0x0000000008003ac0                _printf_i
 .text.memchr   0x0000000008003cec       0x1e /usr/lib/gcc/arm-none-eabi/4.8/../../../arm-none-eabi/lib/armv7e-m/libg_nano.a(lib_a-memchr-stub.o)
                0x0000000008003cec                memchr
 .text.memcpy   0x0000000008003d0a       0x12 /usr/lib/gcc/arm-none-eabi/4.8/../../../arm-none-eabi/lib/armv7e-m/libg_nano.a(lib_a-memcpy-stub.o)
                0x0000000008003d0a                memcpy
 .text.memmove  0x0000000008003d1c       0x36 /usr/lib/gcc/arm-none-eabi/4.8/../../../arm-none-eabi/lib/armv7e-m/libg_nano.a(lib_a-memmove.o)
                0x0000000008003d1c                memmove
 *fill*         0x0000000008003d52        0x2 
 .text._free_r  0x0000000008003d54       0x88 /usr/lib/gcc/arm-none-eabi/4.8/../../../arm-none-eabi/lib/armv7e-m/libg_nano.a(lib_a-nano-freer.o)
                0x0000000008003d54                _free_r
 .text._malloc_r
                0x0000000008003ddc       0xac /usr/lib/gcc/arm-none-eabi/4.8/../../../arm-none-eabi/lib/armv7e-m/libg_nano.a(lib_a-nano-mallocr.o)
                0x0000000008003ddc                _malloc_r
 .text._realloc_r
                0x0000000008003e88       0x4c /usr/lib/gcc/arm-none-eabi/4.8/../../../arm-none-eabi/lib/armv7e-m/libg_nano.a(lib_a-nano-reallocr.o)
                0x0000000008003e88                _realloc_r
 .text._sbrk_r  0x0000000008003ed4       0x20 /usr/lib/gcc/arm-none-eabi/4.8/../../../arm-none-eabi/lib/armv7e-m/libg_nano.a(lib_a-sbrkr.o)
                0x0000000008003ed4                _sbrk_r
 .text._malloc_usable_size_r
                0x0000000008003ef4       0x12 /usr/lib/gcc/arm-none-eabi/4.8/../../../arm-none-eabi/lib/armv7e-m/libg_nano.a(lib_a-nano-msizer.o)
                0x0000000008003ef4                _malloc_usable_size_r
 *(.rodata .rodata.* .constdata .constdata.*)
 *fill*         0x0000000008003f06        0x2 
 .rodata.str1.4
                0x0000000008003f08       0x31 ./system/src/stm32f4-hal/stm32f4xx_hal_cortex.o
                                         0x34 (size before relaxing)
 *fill*         0x0000000008003f39        0x3 
 .rodata.str1.4
                0x0000000008003f3c       0x2f ./system/src/stm32f4-hal/stm32f4xx_hal_gpio.o
                                         0x30 (size before relaxing)
 *fill*         0x0000000008003f6b        0x1 
 .rodata.APBAHBPrescTable
                0x0000000008003f6c       0x10 ./system/src/stm32f4-hal/stm32f4xx_hal_rcc.o
                0x0000000008003f6c                APBAHBPrescTable
 .rodata.str1.4
                0x0000000008003f7c       0x2e ./system/src/stm32f4-hal/stm32f4xx_hal_rcc.o
                                         0x30 (size before relaxing)
 *fill*         0x0000000008003faa        0x2 
 .rodata.str1.4
                0x0000000008003fac       0x2e ./system/src/stm32f4-hal/stm32f4xx_hal_tim.o
                                         0x30 (size before relaxing)
 *fill*         0x0000000008003fda        0x2 
 .rodata.str1.4
                0x0000000008003fdc       0x14 ./system/src/newlib/_exit.o
 .rodata.str1.4
                0x0000000008003ff0       0x6b ./system/src/newlib/assert.o
                                         0x70 (size before relaxing)
 *fill*         0x000000000800405b        0x1 
 .rodata.str1.4
                0x000000000800405c       0x29 ./system/src/diag/Trace.o
                                         0x30 (size before relaxing)
 *fill*         0x0000000008004085        0x3 
 .rodata.str1.4
                0x0000000008004088      0x148 ./system/src/cortexm/exception_handlers.o
 .rodata.ANCA_PIN
                0x00000000080041d0       0x18 ./src/p24.o
                0x00000000080041d0                ANCA_PIN
 .rodata.str1.1
                0x00000000080041e8        0x2 /usr/lib/gcc/arm-none-eabi/4.8/../../../arm-none-eabi/lib/armv7e-m/libg_nano.a(lib_a-impure.o)
 .rodata.str1.1
                0x00000000080041ea       0x11 /usr/lib/gcc/arm-none-eabi/4.8/../../../arm-none-eabi/lib/armv7e-m/libg_nano.a(lib_a-nano-svfprintf.o)
 .rodata.str1.1
                0x00000000080041fb       0x22 /usr/lib/gcc/arm-none-eabi/4.8/../../../arm-none-eabi/lib/armv7e-m/libg_nano.a(lib_a-nano-vfprintf_i.o)
 *(vtable)
 *(.eh_frame*)
 *(.glue_7)
 .glue_7        0x000000000800421d        0x0 linker stubs
 *(.glue_7t)
 .glue_7t       0x000000000800421d        0x0 linker stubs

.vfp11_veneer   0x0000000008004220        0x0
 .vfp11_veneer  0x0000000008004220        0x0 linker stubs

.v4_bx          0x0000000008004220        0x0
 .v4_bx         0x0000000008004220        0x0 linker stubs

.iplt           0x0000000008004220        0x0
 .iplt          0x0000000008004220        0x0 ./system/src/stm32f4-hal/stm32f4xx_hal.o

.rel.dyn        0x0000000008004220        0x0
 .rel.iplt      0x0000000008004220        0x0 ./system/src/stm32f4-hal/stm32f4xx_hal.o

.ARM.extab
 *(.ARM.extab* .gnu.linkonce.armextab.*)
                0x0000000008004220                . = ALIGN (0x4)
                0x0000000008004220                __exidx_start = .

.ARM.exidx
 *(.ARM.exidx* .gnu.linkonce.armexidx.*)
                0x0000000008004220                __exidx_end = .
                0x0000000008004220                . = ALIGN (0x4)
                0x0000000008004220                _etext = .
                0x0000000008004220                __etext = .

.data_CCMRAM    0x0000000010000000        0x0 load address 0x0000000008004220
 FILL mask 0xff
 *(.data.CCMRAM .data.CCMRAM.*)
                0x0000000010000000                . = ALIGN (0x4)
                0x0000000008004220                _sidata = LOADADDR (.data)

.data           0x0000000020000000       0xb8 load address 0x0000000008004220
 FILL mask 0xff
                0x0000000020000000                _sdata = .
                0x0000000020000000                __data_start__ = .
 *(.data_begin .data_begin.*)
 .data_begin    0x0000000020000000        0x4 ./system/src/newlib/_startup.o
 *(.data .data.*)
 .data.argv.4048
                0x0000000020000004        0x8 ./system/src/newlib/_syscalls.o
 .data.AHBPrescTable
                0x000000002000000c       0x10 ./system/src/cmsis/system_stm32f4xx.o
                0x000000002000000c                AHBPrescTable
 .data.SystemCoreClock
                0x000000002000001c        0x4 ./system/src/cmsis/system_stm32f4xx.o
                0x000000002000001c                SystemCoreClock
 .data.ANCA_PORT
                0x0000000020000020       0x30 ./src/p24.o
                0x0000000020000020                ANCA_PORT
 .data.impure_data
                0x0000000020000050       0x60 /usr/lib/gcc/arm-none-eabi/4.8/../../../arm-none-eabi/lib/armv7e-m/libg_nano.a(lib_a-impure.o)
 .data._impure_ptr
                0x00000000200000b0        0x4 /usr/lib/gcc/arm-none-eabi/4.8/../../../arm-none-eabi/lib/armv7e-m/libg_nano.a(lib_a-impure.o)
                0x00000000200000b0                _impure_ptr
 *(.data_end .data_end.*)
 .data_end      0x00000000200000b4        0x4 ./system/src/newlib/_startup.o
                0x00000000200000b8                . = ALIGN (0x4)
                0x00000000200000b8                _edata = .
                0x00000000200000b8                __data_end__ = .

.igot.plt       0x00000000200000b8        0x0 load address 0x00000000080042d8
 .igot.plt      0x00000000200000b8        0x0 ./system/src/stm32f4-hal/stm32f4xx_hal.o

.bss_CCMRAM     0x0000000010000000        0x0
 *(.bss.CCMRAM .bss.CCMRAM.*)

.bss            0x00000000200000b8      0x19c
                0x00000000200000b8                __bss_start__ = .
                0x00000000200000b8                _sbss = .
 *(.bss_begin .bss_begin.*)
 .bss_begin     0x00000000200000b8        0x4 ./system/src/newlib/_startup.o
 *(.bss .bss.*)
 .bss.uwTick    0x00000000200000bc        0x4 ./system/src/stm32f4-hal/stm32f4xx_hal.o
 .bss.current_heap_end.3842
                0x00000000200000c0        0x4 ./system/src/newlib/_sbrk.o
 .bss.name.4047
                0x00000000200000c4        0x4 ./system/src/newlib/_syscalls.o
 .bss.buf.4938  0x00000000200000c8       0x80 ./system/src/diag/Trace.o
 .bss           0x0000000020000148       0x40 ./src/STM32F4_P24v04.o
 .bss.vdisplay  0x0000000020000188       0x2c ./src/p24.o
                0x0000000020000188                vdisplay
 .bss.__malloc_sbrk_start
                0x00000000200001b4        0x4 /usr/lib/gcc/arm-none-eabi/4.8/../../../arm-none-eabi/lib/armv7e-m/libg_nano.a(lib_a-nano-mallocr.o)
                0x00000000200001b4                __malloc_sbrk_start
 .bss.__malloc_free_list
                0x00000000200001b8        0x4 /usr/lib/gcc/arm-none-eabi/4.8/../../../arm-none-eabi/lib/armv7e-m/libg_nano.a(lib_a-nano-mallocr.o)
                0x00000000200001b8                __malloc_free_list
 *(COMMON)
 COMMON         0x00000000200001bc        0x4 ./system/src/newlib/_syscalls.o
                0x00000000200001bc                errno
 COMMON         0x00000000200001c0        0x4 ./src/STM32F4_P24v04.o
                0x00000000200001c0                outarray
 COMMON         0x00000000200001c4       0x8c ./src/fifo.o
                0x00000000200001c4                fifo
                0x0000000020000214                TIM_Handle
 *(.bss_end .bss_end.*)
 .bss_end       0x0000000020000250        0x4 ./system/src/newlib/_startup.o
                0x0000000020000254                . = ALIGN (0x4)
                0x0000000020000254                __bss_end__ = .
                0x0000000020000254                _ebss = .

.noinit_CCMRAM
 *(.noinit.CCMRAM .noinit.CCMRAM.*)

.noinit         0x0000000020000254        0x0
                0x0000000020000254                _noinit = .
 *(.noinit .noinit.*)
                0x0000000020000254                . = ALIGN (0x4)
                0x0000000020000254                _end_noinit = .
                0x0000000020000254                PROVIDE (end, _end_noinit)
                0x0000000020000254                PROVIDE (_end, _end_noinit)
                0x0000000020000254                PROVIDE (__end, _end_noinit)
                0x0000000020000254                PROVIDE (__end__, _end_noinit)

._check_stack   0x0000000020000254      0x100
                0x0000000020000354                . = (. + _Minimum_Stack_Size)
 *fill*         0x0000000020000254      0x100 

.b1text
 *(.b1text)
 *(.b1rodata)
 *(.b1rodata.*)

.eb0text
 *(.eb0text)
 *(.eb0rodata)
 *(.eb0rodata.*)

.eb1text
 *(.eb1text)
 *(.eb1rodata)
 *(.eb1rodata.*)

.eb2text
 *(.eb2text)
 *(.eb2rodata)
 *(.eb2rodata.*)

.eb3text
 *(.eb3text)
 *(.eb3rodata)
 *(.eb3rodata.*)

.stab
 *(.stab)

.stabstr
 *(.stabstr)

.stab.excl
 *(.stab.excl)

.stab.exclstr
 *(.stab.exclstr)

.stab.index
 *(.stab.index)

.stab.indexstr
 *(.stab.indexstr)

.comment        0x0000000000000000       0x58
 *(.comment)
 .comment       0x0000000000000000       0x2d ./system/src/stm32f4-hal/stm32f4xx_hal.o
                                         0x2e (size before relaxing)
 .comment       0x000000000000002d       0x2e ./system/src/stm32f4-hal/stm32f4xx_hal_cortex.o
 .comment       0x000000000000002d       0x2e ./system/src/stm32f4-hal/stm32f4xx_hal_gpio.o
 .comment       0x000000000000002d       0x2e ./system/src/stm32f4-hal/stm32f4xx_hal_rcc.o
 .comment       0x000000000000002d       0x2e ./system/src/stm32f4-hal/stm32f4xx_hal_tim.o
 .comment       0x000000000000002d       0x2e ./system/src/newlib/_exit.o
 .comment       0x000000000000002d       0x2e ./system/src/newlib/_sbrk.o
 .comment       0x000000000000002d       0x2e ./system/src/newlib/_startup.o
 .comment       0x000000000000002d       0x2e ./system/src/newlib/_syscalls.o
 .comment       0x000000000000002d       0x2e ./system/src/newlib/assert.o
 .comment       0x000000000000002d       0x2e ./system/src/diag/Trace.o
 .comment       0x000000000000002d       0x2e ./system/src/diag/trace_impl.o
 .comment       0x000000000000002d       0x2e ./system/src/cortexm/_initialize_hardware.o
 .comment       0x000000000000002d       0x2e ./system/src/cortexm/exception_handlers.o
 .comment       0x000000000000002d       0x2e ./system/src/cmsis/system_stm32f4xx.o
 .comment       0x000000000000002d       0x2e ./system/src/cmsis/vectors_stm32f4xx.o
 .comment       0x000000000000002d       0x2e ./src/_initialize_hardware.o
 .comment       0x000000000000002d       0x2e ./src/fifo.o
 .comment       0x000000000000002d       0x2e ./src/init.o
 .comment       0x000000000000002d       0x2e ./src/interrupts.o
 .comment       0x000000000000002d       0x2e ./src/main.o
 .comment       0x000000000000002d       0x2e ./src/p24.o
 .comment       0x000000000000002d       0x2b /usr/lib/gcc/arm-none-eabi/4.8/../../../arm-none-eabi/lib/armv7e-m/libg_nano.a(lib_a-errno.o)
                                         0x2c (size before relaxing)
 .comment       0x0000000000000058       0x2c /usr/lib/gcc/arm-none-eabi/4.8/../../../arm-none-eabi/lib/armv7e-m/libg_nano.a(lib_a-impure.o)
 .comment       0x0000000000000058       0x2c /usr/lib/gcc/arm-none-eabi/4.8/../../../arm-none-eabi/lib/armv7e-m/libg_nano.a(lib_a-strlen.o)
 .comment       0x0000000000000058       0x2c /usr/lib/gcc/arm-none-eabi/4.8/../../../arm-none-eabi/lib/armv7e-m/libg_nano.a(lib_a-vsnprintf.o)
 .comment       0x0000000000000058       0x2c /usr/lib/gcc/arm-none-eabi/4.8/../../../arm-none-eabi/lib/armv7e-m/libg_nano.a(lib_a-nano-svfprintf.o)
 .comment       0x0000000000000058       0x2c /usr/lib/gcc/arm-none-eabi/4.8/../../../arm-none-eabi/lib/armv7e-m/libg_nano.a(lib_a-nano-vfprintf_i.o)
 .comment       0x0000000000000058       0x2c /usr/lib/gcc/arm-none-eabi/4.8/../../../arm-none-eabi/lib/armv7e-m/libg_nano.a(lib_a-memchr-stub.o)
 .comment       0x0000000000000058       0x2c /usr/lib/gcc/arm-none-eabi/4.8/../../../arm-none-eabi/lib/armv7e-m/libg_nano.a(lib_a-memcpy-stub.o)
 .comment       0x0000000000000058       0x2c /usr/lib/gcc/arm-none-eabi/4.8/../../../arm-none-eabi/lib/armv7e-m/libg_nano.a(lib_a-memmove.o)
 .comment       0x0000000000000058       0x2c /usr/lib/gcc/arm-none-eabi/4.8/../../../arm-none-eabi/lib/armv7e-m/libg_nano.a(lib_a-nano-freer.o)
 .comment       0x0000000000000058       0x2c /usr/lib/gcc/arm-none-eabi/4.8/../../../arm-none-eabi/lib/armv7e-m/libg_nano.a(lib_a-nano-mallocr.o)
 .comment       0x0000000000000058       0x2c /usr/lib/gcc/arm-none-eabi/4.8/../../../arm-none-eabi/lib/armv7e-m/libg_nano.a(lib_a-nano-reallocr.o)
 .comment       0x0000000000000058       0x2c /usr/lib/gcc/arm-none-eabi/4.8/../../../arm-none-eabi/lib/armv7e-m/libg_nano.a(lib_a-sbrkr.o)
 .comment       0x0000000000000058       0x2c /usr/lib/gcc/arm-none-eabi/4.8/../../../arm-none-eabi/lib/armv7e-m/libg_nano.a(lib_a-nano-msizer.o)

.ARM.attributes
                0x0000000000000000       0x31
 .ARM.attributes
                0x0000000000000000       0x33 ./system/src/stm32f4-hal/stm32f4xx_hal.o
 .ARM.attributes
                0x0000000000000033       0x33 ./system/src/stm32f4-hal/stm32f4xx_hal_cortex.o
 .ARM.attributes
                0x0000000000000066       0x33 ./system/src/stm32f4-hal/stm32f4xx_hal_gpio.o
 .ARM.attributes
                0x0000000000000099       0x33 ./system/src/stm32f4-hal/stm32f4xx_hal_rcc.o
 .ARM.attributes
                0x00000000000000cc       0x33 ./system/src/stm32f4-hal/stm32f4xx_hal_tim.o
 .ARM.attributes
                0x00000000000000ff       0x33 ./system/src/newlib/_exit.o
 .ARM.attributes
                0x0000000000000132       0x33 ./system/src/newlib/_sbrk.o
 .ARM.attributes
                0x0000000000000165       0x33 ./system/src/newlib/_startup.o
 .ARM.attributes
                0x0000000000000198       0x33 ./system/src/newlib/_syscalls.o
 .ARM.attributes
                0x00000000000001cb       0x33 ./system/src/newlib/assert.o
 .ARM.attributes
                0x00000000000001fe       0x33 ./system/src/diag/Trace.o
 .ARM.attributes
                0x0000000000000231       0x33 ./system/src/diag/trace_impl.o
 .ARM.attributes
                0x0000000000000264       0x33 ./system/src/cortexm/_initialize_hardware.o
 .ARM.attributes
                0x0000000000000297       0x33 ./system/src/cortexm/exception_handlers.o
 .ARM.attributes
                0x00000000000002ca       0x33 ./system/src/cmsis/system_stm32f4xx.o
 .ARM.attributes
                0x00000000000002fd       0x33 ./system/src/cmsis/vectors_stm32f4xx.o
 .ARM.attributes
                0x0000000000000330       0x21 ./src/STM32F4_P24v04.o
 .ARM.attributes
                0x0000000000000351       0x33 ./src/_initialize_hardware.o
 .ARM.attributes
                0x0000000000000384       0x33 ./src/fifo.o
 .ARM.attributes
                0x00000000000003b7       0x33 ./src/init.o
 .ARM.attributes
                0x00000000000003ea       0x33 ./src/interrupts.o
 .ARM.attributes
                0x000000000000041d       0x33 ./src/main.o
 .ARM.attributes
                0x0000000000000450       0x33 ./src/p24.o
 .ARM.attributes
                0x0000000000000483       0x2e /usr/lib/gcc/arm-none-eabi/4.8/../../../arm-none-eabi/lib/armv7e-m/libg_nano.a(lib_a-errno.o)
 .ARM.attributes
                0x00000000000004b1       0x2e /usr/lib/gcc/arm-none-eabi/4.8/../../../arm-none-eabi/lib/armv7e-m/libg_nano.a(lib_a-impure.o)
 .ARM.attributes
                0x00000000000004df       0x2e /usr/lib/gcc/arm-none-eabi/4.8/../../../arm-none-eabi/lib/armv7e-m/libg_nano.a(lib_a-strlen.o)
 .ARM.attributes
                0x000000000000050d       0x2e /usr/lib/gcc/arm-none-eabi/4.8/../../../arm-none-eabi/lib/armv7e-m/libg_nano.a(lib_a-vsnprintf.o)
 .ARM.attributes
                0x000000000000053b       0x2e /usr/lib/gcc/arm-none-eabi/4.8/../../../arm-none-eabi/lib/armv7e-m/libg_nano.a(lib_a-nano-svfprintf.o)
 .ARM.attributes
                0x0000000000000569       0x2e /usr/lib/gcc/arm-none-eabi/4.8/../../../arm-none-eabi/lib/armv7e-m/libg_nano.a(lib_a-nano-vfprintf_i.o)
 .ARM.attributes
                0x0000000000000597       0x2e /usr/lib/gcc/arm-none-eabi/4.8/../../../arm-none-eabi/lib/armv7e-m/libg_nano.a(lib_a-memchr-stub.o)
 .ARM.attributes
                0x00000000000005c5       0x2e /usr/lib/gcc/arm-none-eabi/4.8/../../../arm-none-eabi/lib/armv7e-m/libg_nano.a(lib_a-memcpy-stub.o)
 .ARM.attributes
                0x00000000000005f3       0x2e /usr/lib/gcc/arm-none-eabi/4.8/../../../arm-none-eabi/lib/armv7e-m/libg_nano.a(lib_a-memmove.o)
 .ARM.attributes
                0x0000000000000621       0x2e /usr/lib/gcc/arm-none-eabi/4.8/../../../arm-none-eabi/lib/armv7e-m/libg_nano.a(lib_a-nano-freer.o)
 .ARM.attributes
                0x000000000000064f       0x2e /usr/lib/gcc/arm-none-eabi/4.8/../../../arm-none-eabi/lib/armv7e-m/libg_nano.a(lib_a-nano-mallocr.o)
 .ARM.attributes
                0x000000000000067d       0x2e /usr/lib/gcc/arm-none-eabi/4.8/../../../arm-none-eabi/lib/armv7e-m/libg_nano.a(lib_a-nano-reallocr.o)
 .ARM.attributes
                0x00000000000006ab       0x2e /usr/lib/gcc/arm-none-eabi/4.8/../../../arm-none-eabi/lib/armv7e-m/libg_nano.a(lib_a-sbrkr.o)
 .ARM.attributes
                0x00000000000006d9       0x2e /usr/lib/gcc/arm-none-eabi/4.8/../../../arm-none-eabi/lib/armv7e-m/libg_nano.a(lib_a-nano-msizer.o)

.debug
 *(.debug)

.line
 *(.line)

.debug_srcinfo
 *(.debug_srcinfo)

.debug_sfnames
 *(.debug_sfnames)

.debug_aranges  0x0000000000000000      0xac8
 *(.debug_aranges)
 .debug_aranges
                0x0000000000000000       0xc0 ./system/src/stm32f4-hal/stm32f4xx_hal.o
 .debug_aranges
                0x00000000000000c0       0x90 ./system/src/stm32f4-hal/stm32f4xx_hal_cortex.o
 .debug_aranges
                0x0000000000000150       0x58 ./system/src/stm32f4-hal/stm32f4xx_hal_gpio.o
 .debug_aranges
                0x00000000000001a8       0x88 ./system/src/stm32f4-hal/stm32f4xx_hal_rcc.o
 .debug_aranges
                0x0000000000000230      0x368 ./system/src/stm32f4-hal/stm32f4xx_hal_tim.o
 .debug_aranges
                0x0000000000000598       0x28 ./system/src/newlib/_exit.o
 .debug_aranges
                0x00000000000005c0       0x20 ./system/src/newlib/_sbrk.o
 .debug_aranges
                0x00000000000005e0       0x40 ./system/src/newlib/_startup.o
 .debug_aranges
                0x0000000000000620       0x30 ./system/src/newlib/_syscalls.o
 .debug_aranges
                0x0000000000000650       0x28 ./system/src/newlib/assert.o
 .debug_aranges
                0x0000000000000678       0x38 ./system/src/diag/Trace.o
 .debug_aranges
                0x00000000000006b0       0x30 ./system/src/diag/trace_impl.o
 .debug_aranges
                0x00000000000006e0       0x28 ./system/src/cortexm/_initialize_hardware.o
 .debug_aranges
                0x0000000000000708       0x90 ./system/src/cortexm/exception_handlers.o
 .debug_aranges
                0x0000000000000798       0x28 ./system/src/cmsis/system_stm32f4xx.o
 .debug_aranges
                0x00000000000007c0       0x20 ./system/src/cmsis/vectors_stm32f4xx.o
 .debug_aranges
                0x00000000000007e0       0x20 ./src/STM32F4_P24v04.o
 .debug_aranges
                0x0000000000000800       0x28 ./src/_initialize_hardware.o
 .debug_aranges
                0x0000000000000828       0x20 ./src/fifo.o
 .debug_aranges
                0x0000000000000848       0x38 ./src/init.o
 .debug_aranges
                0x0000000000000880       0x28 ./src/interrupts.o
 .debug_aranges
                0x00000000000008a8       0x20 ./src/main.o
 .debug_aranges
                0x00000000000008c8       0x28 ./src/p24.o
 .debug_aranges
                0x00000000000008f0       0x20 /usr/lib/gcc/arm-none-eabi/4.8/../../../arm-none-eabi/lib/armv7e-m/libg_nano.a(lib_a-errno.o)
 .debug_aranges
                0x0000000000000910       0x18 /usr/lib/gcc/arm-none-eabi/4.8/../../../arm-none-eabi/lib/armv7e-m/libg_nano.a(lib_a-impure.o)
 .debug_aranges
                0x0000000000000928       0x20 /usr/lib/gcc/arm-none-eabi/4.8/../../../arm-none-eabi/lib/armv7e-m/libg_nano.a(lib_a-strlen.o)
 .debug_aranges
                0x0000000000000948       0x28 /usr/lib/gcc/arm-none-eabi/4.8/../../../arm-none-eabi/lib/armv7e-m/libg_nano.a(lib_a-vsnprintf.o)
 .debug_aranges
                0x0000000000000970       0x30 /usr/lib/gcc/arm-none-eabi/4.8/../../../arm-none-eabi/lib/armv7e-m/libg_nano.a(lib_a-nano-svfprintf.o)
 .debug_aranges
                0x00000000000009a0       0x28 /usr/lib/gcc/arm-none-eabi/4.8/../../../arm-none-eabi/lib/armv7e-m/libg_nano.a(lib_a-nano-vfprintf_i.o)
 .debug_aranges
                0x00000000000009c8       0x20 /usr/lib/gcc/arm-none-eabi/4.8/../../../arm-none-eabi/lib/armv7e-m/libg_nano.a(lib_a-memchr-stub.o)
 .debug_aranges
                0x00000000000009e8       0x20 /usr/lib/gcc/arm-none-eabi/4.8/../../../arm-none-eabi/lib/armv7e-m/libg_nano.a(lib_a-memcpy-stub.o)
 .debug_aranges
                0x0000000000000a08       0x20 /usr/lib/gcc/arm-none-eabi/4.8/../../../arm-none-eabi/lib/armv7e-m/libg_nano.a(lib_a-memmove.o)
 .debug_aranges
                0x0000000000000a28       0x20 /usr/lib/gcc/arm-none-eabi/4.8/../../../arm-none-eabi/lib/armv7e-m/libg_nano.a(lib_a-nano-freer.o)
 .debug_aranges
                0x0000000000000a48       0x20 /usr/lib/gcc/arm-none-eabi/4.8/../../../arm-none-eabi/lib/armv7e-m/libg_nano.a(lib_a-nano-mallocr.o)
 .debug_aranges
                0x0000000000000a68       0x20 /usr/lib/gcc/arm-none-eabi/4.8/../../../arm-none-eabi/lib/armv7e-m/libg_nano.a(lib_a-nano-reallocr.o)
 .debug_aranges
                0x0000000000000a88       0x20 /usr/lib/gcc/arm-none-eabi/4.8/../../../arm-none-eabi/lib/armv7e-m/libg_nano.a(lib_a-sbrkr.o)
 .debug_aranges
                0x0000000000000aa8       0x20 /usr/lib/gcc/arm-none-eabi/4.8/../../../arm-none-eabi/lib/armv7e-m/libg_nano.a(lib_a-nano-msizer.o)

.debug_pubnames
 *(.debug_pubnames)

.debug_info     0x0000000000000000    0x11d43
 *(.debug_info .gnu.linkonce.wi.*)
 .debug_info    0x0000000000000000      0x9a5 ./system/src/stm32f4-hal/stm32f4xx_hal.o
 .debug_info    0x00000000000009a5      0xe31 ./system/src/stm32f4-hal/stm32f4xx_hal_cortex.o
 .debug_info    0x00000000000017d6      0x859 ./system/src/stm32f4-hal/stm32f4xx_hal_gpio.o
 .debug_info    0x000000000000202f     0x131e ./system/src/stm32f4-hal/stm32f4xx_hal_rcc.o
 .debug_info    0x000000000000334d     0x4308 ./system/src/stm32f4-hal/stm32f4xx_hal_tim.o
 .debug_info    0x0000000000007655      0x100 ./system/src/newlib/_exit.o
 .debug_info    0x0000000000007755      0x125 ./system/src/newlib/_sbrk.o
 .debug_info    0x000000000000787a      0x50f ./system/src/newlib/_startup.o
 .debug_info    0x0000000000007d89      0x1a9 ./system/src/newlib/_syscalls.o
 .debug_info    0x0000000000007f32      0x1b7 ./system/src/newlib/assert.o
 .debug_info    0x00000000000080e9      0x32b ./system/src/diag/Trace.o
 .debug_info    0x0000000000008414      0x304 ./system/src/diag/trace_impl.o
 .debug_info    0x0000000000008718       0xed ./system/src/cortexm/_initialize_hardware.o
 .debug_info    0x0000000000008805      0x8e7 ./system/src/cortexm/exception_handlers.o
 .debug_info    0x00000000000090ec      0x494 ./system/src/cmsis/system_stm32f4xx.o
 .debug_info    0x0000000000009580       0xd4 ./system/src/cmsis/vectors_stm32f4xx.o
 .debug_info    0x0000000000009654       0x78 ./src/STM32F4_P24v04.o
 .debug_info    0x00000000000096cc      0x56b ./src/_initialize_hardware.o
 .debug_info    0x0000000000009c37      0x603 ./src/fifo.o
 .debug_info    0x000000000000a23a      0xb54 ./src/init.o
 .debug_info    0x000000000000ad8e      0x5cf ./src/interrupts.o
 .debug_info    0x000000000000b35d      0x126 ./src/main.o
 .debug_info    0x000000000000b483      0xb26 ./src/p24.o
 .debug_info    0x000000000000bfa9      0x735 /usr/lib/gcc/arm-none-eabi/4.8/../../../arm-none-eabi/lib/armv7e-m/libg_nano.a(lib_a-errno.o)
 .debug_info    0x000000000000c6de      0x7d3 /usr/lib/gcc/arm-none-eabi/4.8/../../../arm-none-eabi/lib/armv7e-m/libg_nano.a(lib_a-impure.o)
 .debug_info    0x000000000000ceb1       0xcd /usr/lib/gcc/arm-none-eabi/4.8/../../../arm-none-eabi/lib/armv7e-m/libg_nano.a(lib_a-strlen.o)
 .debug_info    0x000000000000cf7e      0x897 /usr/lib/gcc/arm-none-eabi/4.8/../../../arm-none-eabi/lib/armv7e-m/libg_nano.a(lib_a-vsnprintf.o)
 .debug_info    0x000000000000d815      0xde3 /usr/lib/gcc/arm-none-eabi/4.8/../../../arm-none-eabi/lib/armv7e-m/libg_nano.a(lib_a-nano-svfprintf.o)
 .debug_info    0x000000000000e5f8      0xb2c /usr/lib/gcc/arm-none-eabi/4.8/../../../arm-none-eabi/lib/armv7e-m/libg_nano.a(lib_a-nano-vfprintf_i.o)
 .debug_info    0x000000000000f124       0xf8 /usr/lib/gcc/arm-none-eabi/4.8/../../../arm-none-eabi/lib/armv7e-m/libg_nano.a(lib_a-memchr-stub.o)
 .debug_info    0x000000000000f21c      0x102 /usr/lib/gcc/arm-none-eabi/4.8/../../../arm-none-eabi/lib/armv7e-m/libg_nano.a(lib_a-memcpy-stub.o)
 .debug_info    0x000000000000f31e      0x102 /usr/lib/gcc/arm-none-eabi/4.8/../../../arm-none-eabi/lib/armv7e-m/libg_nano.a(lib_a-memmove.o)
 .debug_info    0x000000000000f420      0x81a /usr/lib/gcc/arm-none-eabi/4.8/../../../arm-none-eabi/lib/armv7e-m/libg_nano.a(lib_a-nano-freer.o)
 .debug_info    0x000000000000fc3a      0x8fb /usr/lib/gcc/arm-none-eabi/4.8/../../../arm-none-eabi/lib/armv7e-m/libg_nano.a(lib_a-nano-mallocr.o)
 .debug_info    0x0000000000010535      0x8b5 /usr/lib/gcc/arm-none-eabi/4.8/../../../arm-none-eabi/lib/armv7e-m/libg_nano.a(lib_a-nano-reallocr.o)
 .debug_info    0x0000000000010dea      0x7a0 /usr/lib/gcc/arm-none-eabi/4.8/../../../arm-none-eabi/lib/armv7e-m/libg_nano.a(lib_a-sbrkr.o)
 .debug_info    0x000000000001158a      0x7b9 /usr/lib/gcc/arm-none-eabi/4.8/../../../arm-none-eabi/lib/armv7e-m/libg_nano.a(lib_a-nano-msizer.o)

.debug_abbrev   0x0000000000000000     0x36ab
 *(.debug_abbrev)
 .debug_abbrev  0x0000000000000000      0x275 ./system/src/stm32f4-hal/stm32f4xx_hal.o
 .debug_abbrev  0x0000000000000275      0x2c5 ./system/src/stm32f4-hal/stm32f4xx_hal_cortex.o
 .debug_abbrev  0x000000000000053a      0x209 ./system/src/stm32f4-hal/stm32f4xx_hal_gpio.o
 .debug_abbrev  0x0000000000000743      0x2cc ./system/src/stm32f4-hal/stm32f4xx_hal_rcc.o
 .debug_abbrev  0x0000000000000a0f      0x252 ./system/src/stm32f4-hal/stm32f4xx_hal_tim.o
 .debug_abbrev  0x0000000000000c61       0xa4 ./system/src/newlib/_exit.o
 .debug_abbrev  0x0000000000000d05       0xbb ./system/src/newlib/_sbrk.o
 .debug_abbrev  0x0000000000000dc0      0x211 ./system/src/newlib/_startup.o
 .debug_abbrev  0x0000000000000fd1       0xe7 ./system/src/newlib/_syscalls.o
 .debug_abbrev  0x00000000000010b8       0xc9 ./system/src/newlib/assert.o
 .debug_abbrev  0x0000000000001181      0x178 ./system/src/diag/Trace.o
 .debug_abbrev  0x00000000000012f9      0x1bd ./system/src/diag/trace_impl.o
 .debug_abbrev  0x00000000000014b6       0x88 ./system/src/cortexm/_initialize_hardware.o
 .debug_abbrev  0x000000000000153e      0x23e ./system/src/cortexm/exception_handlers.o
 .debug_abbrev  0x000000000000177c      0x104 ./system/src/cmsis/system_stm32f4xx.o
 .debug_abbrev  0x0000000000001880       0x9d ./system/src/cmsis/vectors_stm32f4xx.o
 .debug_abbrev  0x000000000000191d       0x14 ./src/STM32F4_P24v04.o
 .debug_abbrev  0x0000000000001931      0x1ed ./src/_initialize_hardware.o
 .debug_abbrev  0x0000000000001b1e      0x181 ./src/fifo.o
 .debug_abbrev  0x0000000000001c9f      0x201 ./src/init.o
 .debug_abbrev  0x0000000000001ea0      0x181 ./src/interrupts.o
 .debug_abbrev  0x0000000000002021       0xcb ./src/main.o
 .debug_abbrev  0x00000000000020ec      0x1f6 ./src/p24.o
 .debug_abbrev  0x00000000000022e2      0x134 /usr/lib/gcc/arm-none-eabi/4.8/../../../arm-none-eabi/lib/armv7e-m/libg_nano.a(lib_a-errno.o)
 .debug_abbrev  0x0000000000002416      0x136 /usr/lib/gcc/arm-none-eabi/4.8/../../../arm-none-eabi/lib/armv7e-m/libg_nano.a(lib_a-impure.o)
 .debug_abbrev  0x000000000000254c       0x8c /usr/lib/gcc/arm-none-eabi/4.8/../../../arm-none-eabi/lib/armv7e-m/libg_nano.a(lib_a-strlen.o)
 .debug_abbrev  0x00000000000025d8      0x1ba /usr/lib/gcc/arm-none-eabi/4.8/../../../arm-none-eabi/lib/armv7e-m/libg_nano.a(lib_a-vsnprintf.o)
 .debug_abbrev  0x0000000000002792      0x278 /usr/lib/gcc/arm-none-eabi/4.8/../../../arm-none-eabi/lib/armv7e-m/libg_nano.a(lib_a-nano-svfprintf.o)
 .debug_abbrev  0x0000000000002a0a      0x1e2 /usr/lib/gcc/arm-none-eabi/4.8/../../../arm-none-eabi/lib/armv7e-m/libg_nano.a(lib_a-nano-vfprintf_i.o)
 .debug_abbrev  0x0000000000002bec       0xab /usr/lib/gcc/arm-none-eabi/4.8/../../../arm-none-eabi/lib/armv7e-m/libg_nano.a(lib_a-memchr-stub.o)
 .debug_abbrev  0x0000000000002c97       0xa4 /usr/lib/gcc/arm-none-eabi/4.8/../../../arm-none-eabi/lib/armv7e-m/libg_nano.a(lib_a-memcpy-stub.o)
 .debug_abbrev  0x0000000000002d3b       0x9c /usr/lib/gcc/arm-none-eabi/4.8/../../../arm-none-eabi/lib/armv7e-m/libg_nano.a(lib_a-memmove.o)
 .debug_abbrev  0x0000000000002dd7      0x1b6 /usr/lib/gcc/arm-none-eabi/4.8/../../../arm-none-eabi/lib/armv7e-m/libg_nano.a(lib_a-nano-freer.o)
 .debug_abbrev  0x0000000000002f8d      0x250 /usr/lib/gcc/arm-none-eabi/4.8/../../../arm-none-eabi/lib/armv7e-m/libg_nano.a(lib_a-nano-mallocr.o)
 .debug_abbrev  0x00000000000031dd      0x1cb /usr/lib/gcc/arm-none-eabi/4.8/../../../arm-none-eabi/lib/armv7e-m/libg_nano.a(lib_a-nano-reallocr.o)
 .debug_abbrev  0x00000000000033a8      0x1a2 /usr/lib/gcc/arm-none-eabi/4.8/../../../arm-none-eabi/lib/armv7e-m/libg_nano.a(lib_a-sbrkr.o)
 .debug_abbrev  0x000000000000354a      0x161 /usr/lib/gcc/arm-none-eabi/4.8/../../../arm-none-eabi/lib/armv7e-m/libg_nano.a(lib_a-nano-msizer.o)

.debug_line     0x0000000000000000     0xc3ec
 *(.debug_line)
 .debug_line    0x0000000000000000      0x9a3 ./system/src/stm32f4-hal/stm32f4xx_hal.o
 .debug_line    0x00000000000009a3      0x9ef ./system/src/stm32f4-hal/stm32f4xx_hal_cortex.o
 .debug_line    0x0000000000001392      0x9fd ./system/src/stm32f4-hal/stm32f4xx_hal_gpio.o
 .debug_line    0x0000000000001d8f      0xced ./system/src/stm32f4-hal/stm32f4xx_hal_rcc.o
 .debug_line    0x0000000000002a7c     0x21c8 ./system/src/stm32f4-hal/stm32f4xx_hal_tim.o
 .debug_line    0x0000000000004c44      0x1d6 ./system/src/newlib/_exit.o
 .debug_line    0x0000000000004e1a      0x17d ./system/src/newlib/_sbrk.o
 .debug_line    0x0000000000004f97      0x24d ./system/src/newlib/_startup.o
 .debug_line    0x00000000000051e4      0x23a ./system/src/newlib/_syscalls.o
 .debug_line    0x000000000000541e      0x211 ./system/src/newlib/assert.o
 .debug_line    0x000000000000562f      0x22d ./system/src/diag/Trace.o
 .debug_line    0x000000000000585c      0x8d9 ./system/src/diag/trace_impl.o
 .debug_line    0x0000000000006135      0x83d ./system/src/cortexm/_initialize_hardware.o
 .debug_line    0x0000000000006972      0x968 ./system/src/cortexm/exception_handlers.o
 .debug_line    0x00000000000072da      0x83e ./system/src/cmsis/system_stm32f4xx.o
 .debug_line    0x0000000000007b18       0xcd ./system/src/cmsis/vectors_stm32f4xx.o
 .debug_line    0x0000000000007be5      0x1db ./src/STM32F4_P24v04.o
 .debug_line    0x0000000000007dc0      0x838 ./src/_initialize_hardware.o
 .debug_line    0x00000000000085f8      0x856 ./src/fifo.o
 .debug_line    0x0000000000008e4e      0x85d ./src/init.o
 .debug_line    0x00000000000096ab      0x821 ./src/interrupts.o
 .debug_line    0x0000000000009ecc      0x859 ./src/main.o
 .debug_line    0x000000000000a725      0x83f ./src/p24.o
 .debug_line    0x000000000000af64      0x10f /usr/lib/gcc/arm-none-eabi/4.8/../../../arm-none-eabi/lib/armv7e-m/libg_nano.a(lib_a-errno.o)
 .debug_line    0x000000000000b073       0xf5 /usr/lib/gcc/arm-none-eabi/4.8/../../../arm-none-eabi/lib/armv7e-m/libg_nano.a(lib_a-impure.o)
 .debug_line    0x000000000000b168       0xf9 /usr/lib/gcc/arm-none-eabi/4.8/../../../arm-none-eabi/lib/armv7e-m/libg_nano.a(lib_a-strlen.o)
 .debug_line    0x000000000000b261      0x1ad /usr/lib/gcc/arm-none-eabi/4.8/../../../arm-none-eabi/lib/armv7e-m/libg_nano.a(lib_a-vsnprintf.o)
 .debug_line    0x000000000000b40e      0x2d9 /usr/lib/gcc/arm-none-eabi/4.8/../../../arm-none-eabi/lib/armv7e-m/libg_nano.a(lib_a-nano-svfprintf.o)
 .debug_line    0x000000000000b6e7      0x2e6 /usr/lib/gcc/arm-none-eabi/4.8/../../../arm-none-eabi/lib/armv7e-m/libg_nano.a(lib_a-nano-vfprintf_i.o)
 .debug_line    0x000000000000b9cd      0x10d /usr/lib/gcc/arm-none-eabi/4.8/../../../arm-none-eabi/lib/armv7e-m/libg_nano.a(lib_a-memchr-stub.o)
 .debug_line    0x000000000000bada      0x10d /usr/lib/gcc/arm-none-eabi/4.8/../../../arm-none-eabi/lib/armv7e-m/libg_nano.a(lib_a-memcpy-stub.o)
 .debug_line    0x000000000000bbe7      0x10d /usr/lib/gcc/arm-none-eabi/4.8/../../../arm-none-eabi/lib/armv7e-m/libg_nano.a(lib_a-memmove.o)
 .debug_line    0x000000000000bcf4      0x14d /usr/lib/gcc/arm-none-eabi/4.8/../../../arm-none-eabi/lib/armv7e-m/libg_nano.a(lib_a-nano-freer.o)
 .debug_line    0x000000000000be41      0x1a5 /usr/lib/gcc/arm-none-eabi/4.8/../../../arm-none-eabi/lib/armv7e-m/libg_nano.a(lib_a-nano-mallocr.o)
 .debug_line    0x000000000000bfe6      0x188 /usr/lib/gcc/arm-none-eabi/4.8/../../../arm-none-eabi/lib/armv7e-m/libg_nano.a(lib_a-nano-reallocr.o)
 .debug_line    0x000000000000c16e      0x16c /usr/lib/gcc/arm-none-eabi/4.8/../../../arm-none-eabi/lib/armv7e-m/libg_nano.a(lib_a-sbrkr.o)
 .debug_line    0x000000000000c2da      0x112 /usr/lib/gcc/arm-none-eabi/4.8/../../../arm-none-eabi/lib/armv7e-m/libg_nano.a(lib_a-nano-msizer.o)

.debug_frame    0x0000000000000000     0x178c
 *(.debug_frame)
 .debug_frame   0x0000000000000000      0x184 ./system/src/stm32f4-hal/stm32f4xx_hal.o
 .debug_frame   0x0000000000000184      0x164 ./system/src/stm32f4-hal/stm32f4xx_hal_cortex.o
 .debug_frame   0x00000000000002e8       0xf0 ./system/src/stm32f4-hal/stm32f4xx_hal_gpio.o
 .debug_frame   0x00000000000003d8      0x138 ./system/src/stm32f4-hal/stm32f4xx_hal_rcc.o
 .debug_frame   0x0000000000000510      0xa20 ./system/src/stm32f4-hal/stm32f4xx_hal_tim.o
 .debug_frame   0x0000000000000f30       0x38 ./system/src/newlib/_exit.o
 .debug_frame   0x0000000000000f68       0x28 ./system/src/newlib/_sbrk.o
 .debug_frame   0x0000000000000f90       0x7c ./system/src/newlib/_startup.o
 .debug_frame   0x000000000000100c       0x50 ./system/src/newlib/_syscalls.o
 .debug_frame   0x000000000000105c       0x40 ./system/src/newlib/assert.o
 .debug_frame   0x000000000000109c       0x80 ./system/src/diag/Trace.o
 .debug_frame   0x000000000000111c       0x5c ./system/src/diag/trace_impl.o
 .debug_frame   0x0000000000001178       0x40 ./system/src/cortexm/_initialize_hardware.o
 .debug_frame   0x00000000000011b8      0x154 ./system/src/cortexm/exception_handlers.o
 .debug_frame   0x000000000000130c       0x30 ./system/src/cmsis/system_stm32f4xx.o
 .debug_frame   0x000000000000133c       0x20 ./system/src/cmsis/vectors_stm32f4xx.o
 .debug_frame   0x000000000000135c       0x44 ./src/_initialize_hardware.o
 .debug_frame   0x00000000000013a0       0x20 ./src/fifo.o
 .debug_frame   0x00000000000013c0       0x68 ./src/init.o
 .debug_frame   0x0000000000001428       0x38 ./src/interrupts.o
 .debug_frame   0x0000000000001460       0x28 ./src/main.o
 .debug_frame   0x0000000000001488       0x40 ./src/p24.o
 .debug_frame   0x00000000000014c8       0x20 /usr/lib/gcc/arm-none-eabi/4.8/../../../arm-none-eabi/lib/armv7e-m/libg_nano.a(lib_a-errno.o)
 .debug_frame   0x00000000000014e8       0x20 /usr/lib/gcc/arm-none-eabi/4.8/../../../arm-none-eabi/lib/armv7e-m/libg_nano.a(lib_a-strlen.o)
 .debug_frame   0x0000000000001508       0x4c /usr/lib/gcc/arm-none-eabi/4.8/../../../arm-none-eabi/lib/armv7e-m/libg_nano.a(lib_a-vsnprintf.o)
 .debug_frame   0x0000000000001554       0x88 /usr/lib/gcc/arm-none-eabi/4.8/../../../arm-none-eabi/lib/armv7e-m/libg_nano.a(lib_a-nano-svfprintf.o)
 .debug_frame   0x00000000000015dc       0x60 /usr/lib/gcc/arm-none-eabi/4.8/../../../arm-none-eabi/lib/armv7e-m/libg_nano.a(lib_a-nano-vfprintf_i.o)
 .debug_frame   0x000000000000163c       0x28 /usr/lib/gcc/arm-none-eabi/4.8/../../../arm-none-eabi/lib/armv7e-m/libg_nano.a(lib_a-memchr-stub.o)
 .debug_frame   0x0000000000001664       0x28 /usr/lib/gcc/arm-none-eabi/4.8/../../../arm-none-eabi/lib/armv7e-m/libg_nano.a(lib_a-memcpy-stub.o)
 .debug_frame   0x000000000000168c       0x2c /usr/lib/gcc/arm-none-eabi/4.8/../../../arm-none-eabi/lib/armv7e-m/libg_nano.a(lib_a-memmove.o)
 .debug_frame   0x00000000000016b8       0x2c /usr/lib/gcc/arm-none-eabi/4.8/../../../arm-none-eabi/lib/armv7e-m/libg_nano.a(lib_a-nano-freer.o)
 .debug_frame   0x00000000000016e4       0x2c /usr/lib/gcc/arm-none-eabi/4.8/../../../arm-none-eabi/lib/armv7e-m/libg_nano.a(lib_a-nano-mallocr.o)
 .debug_frame   0x0000000000001710       0x30 /usr/lib/gcc/arm-none-eabi/4.8/../../../arm-none-eabi/lib/armv7e-m/libg_nano.a(lib_a-nano-reallocr.o)
 .debug_frame   0x0000000000001740       0x2c /usr/lib/gcc/arm-none-eabi/4.8/../../../arm-none-eabi/lib/armv7e-m/libg_nano.a(lib_a-sbrkr.o)
 .debug_frame   0x000000000000176c       0x20 /usr/lib/gcc/arm-none-eabi/4.8/../../../arm-none-eabi/lib/armv7e-m/libg_nano.a(lib_a-nano-msizer.o)

.debug_str      0x0000000000000000    0x9e266
 *(.debug_str)
 .debug_str     0x0000000000000000    0x98941 ./system/src/stm32f4-hal/stm32f4xx_hal.o
                                      0x98cf5 (size before relaxing)
 .debug_str     0x0000000000098941      0x2a3 ./system/src/stm32f4-hal/stm32f4xx_hal_cortex.o
                                      0x98a3d (size before relaxing)
 .debug_str     0x0000000000098be4      0x2de ./system/src/stm32f4-hal/stm32f4xx_hal_gpio.o
                                      0x98557 (size before relaxing)
 .debug_str     0x0000000000098ec2      0x393 ./system/src/stm32f4-hal/stm32f4xx_hal_rcc.o
                                      0x98702 (size before relaxing)
 .debug_str     0x0000000000099255     0x10f9 ./system/src/stm32f4-hal/stm32f4xx_hal_tim.o
                                      0x9934a (size before relaxing)
 .debug_str     0x000000000009a34e      0xeeb ./system/src/newlib/_exit.o
                                       0x5d45 (size before relaxing)
 .debug_str     0x000000000009b239      0x4de ./system/src/newlib/_sbrk.o
                                       0x44a4 (size before relaxing)
 .debug_str     0x000000000009b717      0x2c6 ./system/src/newlib/_startup.o
                                       0x40e0 (size before relaxing)
 .debug_str     0x000000000009b9dd      0xb8e ./system/src/newlib/_syscalls.o
                                       0x5ed8 (size before relaxing)
 .debug_str     0x000000000009c56b       0xd0 ./system/src/newlib/assert.o
                                       0x684a (size before relaxing)
 .debug_str     0x000000000009c63b      0x1d4 ./system/src/diag/Trace.o
                                       0x65d5 (size before relaxing)
 .debug_str     0x000000000009c80f      0x372 ./system/src/diag/trace_impl.o
                                      0x99262 (size before relaxing)
 .debug_str     0x000000000009cb81       0x4e ./system/src/cortexm/_initialize_hardware.o
                                      0x9818f (size before relaxing)
 .debug_str     0x000000000009cbcf      0x19d ./system/src/cortexm/exception_handlers.o
                                      0x9942c (size before relaxing)
 .debug_str     0x000000000009cd6c       0x46 ./system/src/cmsis/system_stm32f4xx.o
                                      0x982ed (size before relaxing)
 .debug_str     0x000000000009cdb2       0x57 ./system/src/cmsis/vectors_stm32f4xx.o
                                       0x2f9e (size before relaxing)
 .debug_str     0x000000000009ce09       0x3f ./src/_initialize_hardware.o
                                      0x98439 (size before relaxing)
 .debug_str     0x000000000009ce48       0x5c ./src/fifo.o
                                      0x985b4 (size before relaxing)
 .debug_str     0x000000000009cea4       0x4b ./src/init.o
                                      0x98c45 (size before relaxing)
 .debug_str     0x000000000009ceef       0x50 ./src/interrupts.o
                                      0x985b9 (size before relaxing)
 .debug_str     0x000000000009cf3f        0xe ./src/main.o
                                      0x98fd7 (size before relaxing)
 .debug_str     0x000000000009cf4d      0x749 ./src/p24.o
                                      0x98e70 (size before relaxing)
 .debug_str     0x000000000009d696      0x422 /usr/lib/gcc/arm-none-eabi/4.8/../../../arm-none-eabi/lib/armv7e-m/libg_nano.a(lib_a-errno.o)
                                        0x51b (size before relaxing)
 .debug_str     0x000000000009dab8       0xe8 /usr/lib/gcc/arm-none-eabi/4.8/../../../arm-none-eabi/lib/armv7e-m/libg_nano.a(lib_a-impure.o)
                                        0x572 (size before relaxing)
 .debug_str     0x000000000009dba0       0xb4 /usr/lib/gcc/arm-none-eabi/4.8/../../../arm-none-eabi/lib/armv7e-m/libg_nano.a(lib_a-strlen.o)
                                        0x1df (size before relaxing)
 .debug_str     0x000000000009dc54       0xba /usr/lib/gcc/arm-none-eabi/4.8/../../../arm-none-eabi/lib/armv7e-m/libg_nano.a(lib_a-vsnprintf.o)
                                        0x572 (size before relaxing)
 .debug_str     0x000000000009dd0e      0x1dc /usr/lib/gcc/arm-none-eabi/4.8/../../../arm-none-eabi/lib/armv7e-m/libg_nano.a(lib_a-nano-svfprintf.o)
                                        0x69f (size before relaxing)
 .debug_str     0x000000000009deea       0x94 /usr/lib/gcc/arm-none-eabi/4.8/../../../arm-none-eabi/lib/armv7e-m/libg_nano.a(lib_a-nano-vfprintf_i.o)
                                        0x644 (size before relaxing)
 .debug_str     0x000000000009df7e       0x4b /usr/lib/gcc/arm-none-eabi/4.8/../../../arm-none-eabi/lib/armv7e-m/libg_nano.a(lib_a-memchr-stub.o)
                                        0x1ec (size before relaxing)
 .debug_str     0x000000000009dfc9       0x4f /usr/lib/gcc/arm-none-eabi/4.8/../../../arm-none-eabi/lib/armv7e-m/libg_nano.a(lib_a-memcpy-stub.o)
                                        0x1f0 (size before relaxing)
 .debug_str     0x000000000009e018       0xa9 /usr/lib/gcc/arm-none-eabi/4.8/../../../arm-none-eabi/lib/armv7e-m/libg_nano.a(lib_a-memmove.o)
                                        0x1e5 (size before relaxing)
 .debug_str     0x000000000009e0c1      0x101 /usr/lib/gcc/arm-none-eabi/4.8/../../../arm-none-eabi/lib/armv7e-m/libg_nano.a(lib_a-nano-freer.o)
                                        0x58b (size before relaxing)
 .debug_str     0x000000000009e1c2       0x46 /usr/lib/gcc/arm-none-eabi/4.8/../../../arm-none-eabi/lib/armv7e-m/libg_nano.a(lib_a-nano-mallocr.o)
                                        0x5c0 (size before relaxing)
 .debug_str     0x000000000009e208       0x23 /usr/lib/gcc/arm-none-eabi/4.8/../../../arm-none-eabi/lib/armv7e-m/libg_nano.a(lib_a-nano-reallocr.o)
                                        0x593 (size before relaxing)
 .debug_str     0x000000000009e22b       0x2c /usr/lib/gcc/arm-none-eabi/4.8/../../../arm-none-eabi/lib/armv7e-m/libg_nano.a(lib_a-sbrkr.o)
                                        0x52a (size before relaxing)
 .debug_str     0x000000000009e257        0xf /usr/lib/gcc/arm-none-eabi/4.8/../../../arm-none-eabi/lib/armv7e-m/libg_nano.a(lib_a-nano-msizer.o)
                                        0x571 (size before relaxing)

.debug_loc      0x0000000000000000     0x5b38
 *(.debug_loc)
 .debug_loc     0x0000000000000000       0xb6 ./system/src/stm32f4-hal/stm32f4xx_hal.o
 .debug_loc     0x00000000000000b6      0x63b ./system/src/stm32f4-hal/stm32f4xx_hal_cortex.o
 .debug_loc     0x00000000000006f1      0x481 ./system/src/stm32f4-hal/stm32f4xx_hal_gpio.o
 .debug_loc     0x0000000000000b72      0x7f4 ./system/src/stm32f4-hal/stm32f4xx_hal_rcc.o
 .debug_loc     0x0000000000001366     0x2774 ./system/src/stm32f4-hal/stm32f4xx_hal_tim.o
 .debug_loc     0x0000000000003ada       0x6b ./system/src/newlib/_sbrk.o
 .debug_loc     0x0000000000003b45      0x36e ./system/src/newlib/_startup.o
 .debug_loc     0x0000000000003eb3       0x63 ./system/src/newlib/_syscalls.o
 .debug_loc     0x0000000000003f16      0x102 ./system/src/newlib/assert.o
 .debug_loc     0x0000000000004018       0xf7 ./system/src/diag/Trace.o
 .debug_loc     0x000000000000410f      0x17c ./system/src/diag/trace_impl.o
 .debug_loc     0x000000000000428b      0x2a8 ./system/src/cortexm/exception_handlers.o
 .debug_loc     0x0000000000004533      0x125 ./system/src/cmsis/system_stm32f4xx.o
 .debug_loc     0x0000000000004658       0x21 ./src/fifo.o
 .debug_loc     0x0000000000004679       0x42 ./src/main.o
 .debug_loc     0x00000000000046bb       0x21 ./src/p24.o
 .debug_loc     0x00000000000046dc       0x21 /usr/lib/gcc/arm-none-eabi/4.8/../../../arm-none-eabi/lib/armv7e-m/libg_nano.a(lib_a-strlen.o)
 .debug_loc     0x00000000000046fd      0x16e /usr/lib/gcc/arm-none-eabi/4.8/../../../arm-none-eabi/lib/armv7e-m/libg_nano.a(lib_a-vsnprintf.o)
 .debug_loc     0x000000000000486b      0x533 /usr/lib/gcc/arm-none-eabi/4.8/../../../arm-none-eabi/lib/armv7e-m/libg_nano.a(lib_a-nano-svfprintf.o)
 .debug_loc     0x0000000000004d9e      0x538 /usr/lib/gcc/arm-none-eabi/4.8/../../../arm-none-eabi/lib/armv7e-m/libg_nano.a(lib_a-nano-vfprintf_i.o)
 .debug_loc     0x00000000000052d6       0xaa /usr/lib/gcc/arm-none-eabi/4.8/../../../arm-none-eabi/lib/armv7e-m/libg_nano.a(lib_a-memchr-stub.o)
 .debug_loc     0x0000000000005380       0xaf /usr/lib/gcc/arm-none-eabi/4.8/../../../arm-none-eabi/lib/armv7e-m/libg_nano.a(lib_a-memcpy-stub.o)
 .debug_loc     0x000000000000542f      0x12f /usr/lib/gcc/arm-none-eabi/4.8/../../../arm-none-eabi/lib/armv7e-m/libg_nano.a(lib_a-memmove.o)
 .debug_loc     0x000000000000555e      0x172 /usr/lib/gcc/arm-none-eabi/4.8/../../../arm-none-eabi/lib/armv7e-m/libg_nano.a(lib_a-nano-freer.o)
 .debug_loc     0x00000000000056d0      0x26a /usr/lib/gcc/arm-none-eabi/4.8/../../../arm-none-eabi/lib/armv7e-m/libg_nano.a(lib_a-nano-mallocr.o)
 .debug_loc     0x000000000000593a      0x11b /usr/lib/gcc/arm-none-eabi/4.8/../../../arm-none-eabi/lib/armv7e-m/libg_nano.a(lib_a-nano-reallocr.o)
 .debug_loc     0x0000000000005a55       0x4d /usr/lib/gcc/arm-none-eabi/4.8/../../../arm-none-eabi/lib/armv7e-m/libg_nano.a(lib_a-sbrkr.o)
 .debug_loc     0x0000000000005aa2       0x96 /usr/lib/gcc/arm-none-eabi/4.8/../../../arm-none-eabi/lib/armv7e-m/libg_nano.a(lib_a-nano-msizer.o)

.debug_macinfo
 *(.debug_macinfo)

.debug_weaknames
 *(.debug_weaknames)

.debug_funcnames
 *(.debug_funcnames)

.debug_typenames
 *(.debug_typenames)

.debug_varnames
 *(.debug_varnames)
OUTPUT(microsynth_eclipse.elf elf32-littlearm)

.debug_ranges   0x0000000000000000      0x8f0
 .debug_ranges  0x0000000000000000       0xb0 ./system/src/stm32f4-hal/stm32f4xx_hal.o
 .debug_ranges  0x00000000000000b0       0x80 ./system/src/stm32f4-hal/stm32f4xx_hal_cortex.o
 .debug_ranges  0x0000000000000130       0x48 ./system/src/stm32f4-hal/stm32f4xx_hal_gpio.o
 .debug_ranges  0x0000000000000178       0x78 ./system/src/stm32f4-hal/stm32f4xx_hal_rcc.o
 .debug_ranges  0x00000000000001f0      0x358 ./system/src/stm32f4-hal/stm32f4xx_hal_tim.o
 .debug_ranges  0x0000000000000548       0x18 ./system/src/newlib/_exit.o
 .debug_ranges  0x0000000000000560       0x10 ./system/src/newlib/_sbrk.o
 .debug_ranges  0x0000000000000570       0x30 ./system/src/newlib/_startup.o
 .debug_ranges  0x00000000000005a0       0x20 ./system/src/newlib/_syscalls.o
 .debug_ranges  0x00000000000005c0       0x18 ./system/src/newlib/assert.o
 .debug_ranges  0x00000000000005d8       0x28 ./system/src/diag/Trace.o
 .debug_ranges  0x0000000000000600       0x38 ./system/src/diag/trace_impl.o
 .debug_ranges  0x0000000000000638       0x18 ./system/src/cortexm/_initialize_hardware.o
 .debug_ranges  0x0000000000000650       0x98 ./system/src/cortexm/exception_handlers.o
 .debug_ranges  0x00000000000006e8       0x18 ./system/src/cmsis/system_stm32f4xx.o
 .debug_ranges  0x0000000000000700       0x10 ./system/src/cmsis/vectors_stm32f4xx.o
 .debug_ranges  0x0000000000000710       0x18 ./src/_initialize_hardware.o
 .debug_ranges  0x0000000000000728       0x10 ./src/fifo.o
 .debug_ranges  0x0000000000000738       0x28 ./src/init.o
 .debug_ranges  0x0000000000000760       0x18 ./src/interrupts.o
 .debug_ranges  0x0000000000000778       0x10 ./src/main.o
 .debug_ranges  0x0000000000000788       0x18 ./src/p24.o
 .debug_ranges  0x00000000000007a0       0x10 /usr/lib/gcc/arm-none-eabi/4.8/../../../arm-none-eabi/lib/armv7e-m/libg_nano.a(lib_a-errno.o)
 .debug_ranges  0x00000000000007b0       0x10 /usr/lib/gcc/arm-none-eabi/4.8/../../../arm-none-eabi/lib/armv7e-m/libg_nano.a(lib_a-strlen.o)
 .debug_ranges  0x00000000000007c0       0x18 /usr/lib/gcc/arm-none-eabi/4.8/../../../arm-none-eabi/lib/armv7e-m/libg_nano.a(lib_a-vsnprintf.o)
 .debug_ranges  0x00000000000007d8       0x50 /usr/lib/gcc/arm-none-eabi/4.8/../../../arm-none-eabi/lib/armv7e-m/libg_nano.a(lib_a-nano-svfprintf.o)
 .debug_ranges  0x0000000000000828       0x18 /usr/lib/gcc/arm-none-eabi/4.8/../../../arm-none-eabi/lib/armv7e-m/libg_nano.a(lib_a-nano-vfprintf_i.o)
 .debug_ranges  0x0000000000000840       0x10 /usr/lib/gcc/arm-none-eabi/4.8/../../../arm-none-eabi/lib/armv7e-m/libg_nano.a(lib_a-memchr-stub.o)
 .debug_ranges  0x0000000000000850       0x10 /usr/lib/gcc/arm-none-eabi/4.8/../../../arm-none-eabi/lib/armv7e-m/libg_nano.a(lib_a-memcpy-stub.o)
 .debug_ranges  0x0000000000000860       0x10 /usr/lib/gcc/arm-none-eabi/4.8/../../../arm-none-eabi/lib/armv7e-m/libg_nano.a(lib_a-memmove.o)
 .debug_ranges  0x0000000000000870       0x28 /usr/lib/gcc/arm-none-eabi/4.8/../../../arm-none-eabi/lib/armv7e-m/libg_nano.a(lib_a-nano-freer.o)
 .debug_ranges  0x0000000000000898       0x28 /usr/lib/gcc/arm-none-eabi/4.8/../../../arm-none-eabi/lib/armv7e-m/libg_nano.a(lib_a-nano-mallocr.o)
 .debug_ranges  0x00000000000008c0       0x10 /usr/lib/gcc/arm-none-eabi/4.8/../../../arm-none-eabi/lib/armv7e-m/libg_nano.a(lib_a-nano-reallocr.o)
 .debug_ranges  0x00000000000008d0       0x10 /usr/lib/gcc/arm-none-eabi/4.8/../../../arm-none-eabi/lib/armv7e-m/libg_nano.a(lib_a-sbrkr.o)
 .debug_ranges  0x00000000000008e0       0x10 /usr/lib/gcc/arm-none-eabi/4.8/../../../arm-none-eabi/lib/armv7e-m/libg_nano.a(lib_a-nano-msizer.o)

.debug_macro    0x0000000000000000    0x1a7a7
 .debug_macro   0x0000000000000000      0x465 ./system/src/stm32f4-hal/stm32f4xx_hal.o
 .debug_macro   0x0000000000000465      0x87a ./system/src/stm32f4-hal/stm32f4xx_hal.o
 .debug_macro   0x0000000000000cdf      0x250 ./system/src/stm32f4-hal/stm32f4xx_hal.o
 .debug_macro   0x0000000000000f2f       0x2e ./system/src/stm32f4-hal/stm32f4xx_hal.o
 .debug_macro   0x0000000000000f5d       0x28 ./system/src/stm32f4-hal/stm32f4xx_hal.o
 .debug_macro   0x0000000000000f85       0x3b ./system/src/stm32f4-hal/stm32f4xx_hal.o
 .debug_macro   0x0000000000000fc0      0x34e ./system/src/stm32f4-hal/stm32f4xx_hal.o
 .debug_macro   0x000000000000130e       0x2d ./system/src/stm32f4-hal/stm32f4xx_hal.o
 .debug_macro   0x000000000000133b       0x26 ./system/src/stm32f4-hal/stm32f4xx_hal.o
 .debug_macro   0x0000000000001361      0xd39 ./system/src/stm32f4-hal/stm32f4xx_hal.o
 .debug_macro   0x000000000000209a     0x9255 ./system/src/stm32f4-hal/stm32f4xx_hal.o
 .debug_macro   0x000000000000b2ef       0x43 ./system/src/stm32f4-hal/stm32f4xx_hal.o
 .debug_macro   0x000000000000b332     0x296e ./system/src/stm32f4-hal/stm32f4xx_hal.o
 .debug_macro   0x000000000000dca0       0x58 ./system/src/stm32f4-hal/stm32f4xx_hal.o
 .debug_macro   0x000000000000dcf8       0x16 ./system/src/stm32f4-hal/stm32f4xx_hal.o
 .debug_macro   0x000000000000dd0e       0x35 ./system/src/stm32f4-hal/stm32f4xx_hal.o
 .debug_macro   0x000000000000dd43       0xa3 ./system/src/stm32f4-hal/stm32f4xx_hal.o
 .debug_macro   0x000000000000dde6       0x16 ./system/src/stm32f4-hal/stm32f4xx_hal.o
 .debug_macro   0x000000000000ddfc       0x4a ./system/src/stm32f4-hal/stm32f4xx_hal.o
 .debug_macro   0x000000000000de46       0x97 ./system/src/stm32f4-hal/stm32f4xx_hal.o
 .debug_macro   0x000000000000dedd      0x280 ./system/src/stm32f4-hal/stm32f4xx_hal.o
 .debug_macro   0x000000000000e15d       0xf6 ./system/src/stm32f4-hal/stm32f4xx_hal.o
 .debug_macro   0x000000000000e253       0x10 ./system/src/stm32f4-hal/stm32f4xx_hal.o
 .debug_macro   0x000000000000e263       0x52 ./system/src/stm32f4-hal/stm32f4xx_hal.o
 .debug_macro   0x000000000000e2b5       0x16 ./system/src/stm32f4-hal/stm32f4xx_hal.o
 .debug_macro   0x000000000000e2cb       0x43 ./system/src/stm32f4-hal/stm32f4xx_hal.o
 .debug_macro   0x000000000000e30e      0x180 ./system/src/stm32f4-hal/stm32f4xx_hal.o
 .debug_macro   0x000000000000e48e       0x10 ./system/src/stm32f4-hal/stm32f4xx_hal.o
 .debug_macro   0x000000000000e49e       0x22 ./system/src/stm32f4-hal/stm32f4xx_hal.o
 .debug_macro   0x000000000000e4c0       0xbd ./system/src/stm32f4-hal/stm32f4xx_hal.o
 .debug_macro   0x000000000000e57d       0x16 ./system/src/stm32f4-hal/stm32f4xx_hal.o
 .debug_macro   0x000000000000e593      0x16d ./system/src/stm32f4-hal/stm32f4xx_hal.o
 .debug_macro   0x000000000000e700       0x57 ./system/src/stm32f4-hal/stm32f4xx_hal.o
 .debug_macro   0x000000000000e757      0x432 ./system/src/stm32f4-hal/stm32f4xx_hal.o
 .debug_macro   0x000000000000eb89      0xbb0 ./system/src/stm32f4-hal/stm32f4xx_hal.o
 .debug_macro   0x000000000000f739      0x11e ./system/src/stm32f4-hal/stm32f4xx_hal.o
 .debug_macro   0x000000000000f857      0x13e ./system/src/stm32f4-hal/stm32f4xx_hal.o
 .debug_macro   0x000000000000f995       0x27 ./system/src/stm32f4-hal/stm32f4xx_hal.o
 .debug_macro   0x000000000000f9bc      0x272 ./system/src/stm32f4-hal/stm32f4xx_hal.o
 .debug_macro   0x000000000000fc2e       0x5f ./system/src/stm32f4-hal/stm32f4xx_hal.o
 .debug_macro   0x000000000000fc8d       0x5d ./system/src/stm32f4-hal/stm32f4xx_hal.o
 .debug_macro   0x000000000000fcea      0x31a ./system/src/stm32f4-hal/stm32f4xx_hal.o
 .debug_macro   0x0000000000010004      0x15b ./system/src/stm32f4-hal/stm32f4xx_hal.o
 .debug_macro   0x000000000001015f       0xd6 ./system/src/stm32f4-hal/stm32f4xx_hal.o
 .debug_macro   0x0000000000010235      0x360 ./system/src/stm32f4-hal/stm32f4xx_hal.o
 .debug_macro   0x0000000000010595       0x23 ./system/src/stm32f4-hal/stm32f4xx_hal.o
 .debug_macro   0x00000000000105b8       0xe6 ./system/src/stm32f4-hal/stm32f4xx_hal.o
 .debug_macro   0x000000000001069e       0xa1 ./system/src/stm32f4-hal/stm32f4xx_hal.o
 .debug_macro   0x000000000001073f       0x3c ./system/src/stm32f4-hal/stm32f4xx_hal.o
 .debug_macro   0x000000000001077b      0x1af ./system/src/stm32f4-hal/stm32f4xx_hal.o
 .debug_macro   0x000000000001092a      0xda8 ./system/src/stm32f4-hal/stm32f4xx_hal.o
 .debug_macro   0x00000000000116d2      0x133 ./system/src/stm32f4-hal/stm32f4xx_hal.o
 .debug_macro   0x0000000000011805      0x217 ./system/src/stm32f4-hal/stm32f4xx_hal.o
 .debug_macro   0x0000000000011a1c       0x2e ./system/src/stm32f4-hal/stm32f4xx_hal.o
 .debug_macro   0x0000000000011a4a      0x4ef ./system/src/stm32f4-hal/stm32f4xx_hal.o
 .debug_macro   0x0000000000011f39       0x88 ./system/src/stm32f4-hal/stm32f4xx_hal.o
 .debug_macro   0x0000000000011fc1       0xd5 ./system/src/stm32f4-hal/stm32f4xx_hal.o
 .debug_macro   0x0000000000012096      0x183 ./system/src/stm32f4-hal/stm32f4xx_hal.o
 .debug_macro   0x0000000000012219      0x17d ./system/src/stm32f4-hal/stm32f4xx_hal.o
 .debug_macro   0x0000000000012396       0x9e ./system/src/stm32f4-hal/stm32f4xx_hal.o
 .debug_macro   0x0000000000012434      0x1a7 ./system/src/stm32f4-hal/stm32f4xx_hal.o
 .debug_macro   0x00000000000125db       0x43 ./system/src/stm32f4-hal/stm32f4xx_hal.o
 .debug_macro   0x000000000001261e       0x97 ./system/src/stm32f4-hal/stm32f4xx_hal.o
 .debug_macro   0x00000000000126b5      0x12c ./system/src/stm32f4-hal/stm32f4xx_hal.o
 .debug_macro   0x00000000000127e1       0x71 ./system/src/stm32f4-hal/stm32f4xx_hal.o
 .debug_macro   0x0000000000012852       0x90 ./system/src/stm32f4-hal/stm32f4xx_hal.o
 .debug_macro   0x00000000000128e2       0x7c ./system/src/stm32f4-hal/stm32f4xx_hal.o
 .debug_macro   0x000000000001295e      0x31a ./system/src/stm32f4-hal/stm32f4xx_hal.o
 .debug_macro   0x0000000000012c78      0x409 ./system/src/stm32f4-hal/stm32f4xx_hal.o
 .debug_macro   0x0000000000013081       0xe4 ./system/src/stm32f4-hal/stm32f4xx_hal.o
 .debug_macro   0x0000000000013165      0x48d ./system/src/stm32f4-hal/stm32f4xx_hal.o
 .debug_macro   0x00000000000135f2      0x22b ./system/src/stm32f4-hal/stm32f4xx_hal.o
 .debug_macro   0x000000000001381d      0x202 ./system/src/stm32f4-hal/stm32f4xx_hal.o
 .debug_macro   0x0000000000013a1f      0x6d9 ./system/src/stm32f4-hal/stm32f4xx_hal.o
 .debug_macro   0x00000000000140f8       0x59 ./system/src/stm32f4-hal/stm32f4xx_hal.o
 .debug_macro   0x0000000000014151      0x14d ./system/src/stm32f4-hal/stm32f4xx_hal.o
 .debug_macro   0x000000000001429e      0x287 ./system/src/stm32f4-hal/stm32f4xx_hal.o
 .debug_macro   0x0000000000014525      0x225 ./system/src/stm32f4-hal/stm32f4xx_hal.o
 .debug_macro   0x000000000001474a      0x1b5 ./system/src/stm32f4-hal/stm32f4xx_hal.o
 .debug_macro   0x00000000000148ff      0x2db ./system/src/stm32f4-hal/stm32f4xx_hal.o
 .debug_macro   0x0000000000014bda       0x94 ./system/src/stm32f4-hal/stm32f4xx_hal.o
 .debug_macro   0x0000000000014c6e      0x1df ./system/src/stm32f4-hal/stm32f4xx_hal.o
 .debug_macro   0x0000000000014e4d      0x10b ./system/src/stm32f4-hal/stm32f4xx_hal.o
 .debug_macro   0x0000000000014f58       0x75 ./system/src/stm32f4-hal/stm32f4xx_hal.o
 .debug_macro   0x0000000000014fcd      0x126 ./system/src/stm32f4-hal/stm32f4xx_hal.o
 .debug_macro   0x00000000000150f3      0x417 ./system/src/stm32f4-hal/stm32f4xx_hal_cortex.o
 .debug_macro   0x000000000001550a      0x44f ./system/src/stm32f4-hal/stm32f4xx_hal_gpio.o
 .debug_macro   0x0000000000015959      0x441 ./system/src/stm32f4-hal/stm32f4xx_hal_rcc.o
 .debug_macro   0x0000000000015d9a      0x418 ./system/src/stm32f4-hal/stm32f4xx_hal_tim.o
 .debug_macro   0x00000000000161b2      0x128 ./system/src/newlib/_exit.o
 .debug_macro   0x00000000000162da      0x10e ./system/src/newlib/_exit.o
 .debug_macro   0x00000000000163e8       0x86 ./system/src/newlib/_exit.o
 .debug_macro   0x000000000001646e       0x35 ./system/src/newlib/_exit.o
 .debug_macro   0x00000000000164a3       0xd1 ./system/src/newlib/_sbrk.o
 .debug_macro   0x0000000000016574       0x19 ./system/src/newlib/_sbrk.o
 .debug_macro   0x000000000001658d      0x16d ./system/src/newlib/_sbrk.o
 .debug_macro   0x00000000000166fa       0x10 ./system/src/newlib/_sbrk.o
 .debug_macro   0x000000000001670a      0x23b ./system/src/newlib/_sbrk.o
 .debug_macro   0x0000000000016945       0xdb ./system/src/newlib/_startup.o
 .debug_macro   0x0000000000016a20      0x880 ./system/src/newlib/_startup.o
 .debug_macro   0x00000000000172a0      0x158 ./system/src/newlib/_syscalls.o
 .debug_macro   0x00000000000173f8       0x1c ./system/src/newlib/_syscalls.o
 .debug_macro   0x0000000000017414       0x10 ./system/src/newlib/_syscalls.o
 .debug_macro   0x0000000000017424       0x10 ./system/src/newlib/_syscalls.o
 .debug_macro   0x0000000000017434       0x10 ./system/src/newlib/_syscalls.o
 .debug_macro   0x0000000000017444       0x35 ./system/src/newlib/_syscalls.o
 .debug_macro   0x0000000000017479      0x121 ./system/src/newlib/_syscalls.o
 .debug_macro   0x000000000001759a       0x22 ./system/src/newlib/_syscalls.o
 .debug_macro   0x00000000000175bc      0x10c ./system/src/newlib/_syscalls.o
 .debug_macro   0x00000000000176c8      0x13a ./system/src/newlib/_syscalls.o
 .debug_macro   0x0000000000017802       0x16 ./system/src/newlib/_syscalls.o
 .debug_macro   0x0000000000017818      0x144 ./system/src/newlib/assert.o
 .debug_macro   0x000000000001795c       0x1c ./system/src/newlib/assert.o
 .debug_macro   0x0000000000017978      0x154 ./system/src/diag/Trace.o
 .debug_macro   0x0000000000017acc       0x52 ./system/src/diag/Trace.o
 .debug_macro   0x0000000000017b1e       0x16 ./system/src/diag/Trace.o
 .debug_macro   0x0000000000017b34       0x1f ./system/src/diag/Trace.o
 .debug_macro   0x0000000000017b53      0x45d ./system/src/diag/trace_impl.o
 .debug_macro   0x0000000000017fb0       0x22 ./system/src/diag/trace_impl.o
 .debug_macro   0x0000000000017fd2      0x421 ./system/src/cortexm/_initialize_hardware.o
 .debug_macro   0x00000000000183f3      0x480 ./system/src/cortexm/exception_handlers.o
 .debug_macro   0x0000000000018873      0x41d ./system/src/cmsis/system_stm32f4xx.o
 .debug_macro   0x0000000000018c90       0x34 ./system/src/cmsis/vectors_stm32f4xx.o
 .debug_macro   0x0000000000018cc4      0x417 ./src/_initialize_hardware.o
 .debug_macro   0x00000000000190db      0x431 ./src/fifo.o
 .debug_macro   0x000000000001950c      0x42b ./src/init.o
 .debug_macro   0x0000000000019937      0x421 ./src/interrupts.o
 .debug_macro   0x0000000000019d58      0x476 ./src/main.o
 .debug_macro   0x000000000001a1ce      0x438 ./src/p24.o
 .debug_macro   0x000000000001a606      0x191 ./src/p24.o
 .debug_macro   0x000000000001a797       0x10 ./src/p24.o
