Archive member included to satisfy reference by file (symbol)

/usr/lib/gcc/arm-none-eabi/4.8/../../../arm-none-eabi/lib/armv7e-m/libg_nano.a(lib_a-errno.o)
                              ./system/src/newlib/_sbrk.o (__errno)
/usr/lib/gcc/arm-none-eabi/4.8/../../../arm-none-eabi/lib/armv7e-m/libg_nano.a(lib_a-impure.o)
                              /usr/lib/gcc/arm-none-eabi/4.8/../../../arm-none-eabi/lib/armv7e-m/libg_nano.a(lib_a-errno.o) (_impure_ptr)
/usr/lib/gcc/arm-none-eabi/4.8/../../../arm-none-eabi/lib/armv7e-m/libg_nano.a(lib_a-strlen.o)
                              ./system/src/diag/Trace.o (strlen)
/usr/lib/gcc/arm-none-eabi/4.8/../../../arm-none-eabi/lib/armv7e-m/libg_nano.a(lib_a-vsnprintf.o)
                              ./system/src/diag/Trace.o (vsnprintf)
/usr/lib/gcc/arm-none-eabi/4.8/../../../arm-none-eabi/lib/armv7e-m/libg_nano.a(lib_a-nano-svfprintf.o)
                              /usr/lib/gcc/arm-none-eabi/4.8/../../../arm-none-eabi/lib/armv7e-m/libg_nano.a(lib_a-vsnprintf.o) (_svfprintf_r)
/usr/lib/gcc/arm-none-eabi/4.8/../../../arm-none-eabi/lib/armv7e-m/libg_nano.a(lib_a-nano-vfprintf_i.o)
                              /usr/lib/gcc/arm-none-eabi/4.8/../../../arm-none-eabi/lib/armv7e-m/libg_nano.a(lib_a-nano-svfprintf.o) (_printf_i)
/usr/lib/gcc/arm-none-eabi/4.8/../../../arm-none-eabi/lib/armv7e-m/libg_nano.a(lib_a-memchr-stub.o)
                              /usr/lib/gcc/arm-none-eabi/4.8/../../../arm-none-eabi/lib/armv7e-m/libg_nano.a(lib_a-nano-svfprintf.o) (memchr)
/usr/lib/gcc/arm-none-eabi/4.8/../../../arm-none-eabi/lib/armv7e-m/libg_nano.a(lib_a-memcpy-stub.o)
                              /usr/lib/gcc/arm-none-eabi/4.8/../../../arm-none-eabi/lib/armv7e-m/libg_nano.a(lib_a-nano-svfprintf.o) (memcpy)
/usr/lib/gcc/arm-none-eabi/4.8/../../../arm-none-eabi/lib/armv7e-m/libg_nano.a(lib_a-memmove.o)
                              /usr/lib/gcc/arm-none-eabi/4.8/../../../arm-none-eabi/lib/armv7e-m/libg_nano.a(lib_a-nano-svfprintf.o) (memmove)
/usr/lib/gcc/arm-none-eabi/4.8/../../../arm-none-eabi/lib/armv7e-m/libg_nano.a(lib_a-nano-freer.o)
                              /usr/lib/gcc/arm-none-eabi/4.8/../../../arm-none-eabi/lib/armv7e-m/libg_nano.a(lib_a-nano-svfprintf.o) (_free_r)
/usr/lib/gcc/arm-none-eabi/4.8/../../../arm-none-eabi/lib/armv7e-m/libg_nano.a(lib_a-nano-mallocr.o)
                              /usr/lib/gcc/arm-none-eabi/4.8/../../../arm-none-eabi/lib/armv7e-m/libg_nano.a(lib_a-nano-svfprintf.o) (_malloc_r)
/usr/lib/gcc/arm-none-eabi/4.8/../../../arm-none-eabi/lib/armv7e-m/libg_nano.a(lib_a-nano-reallocr.o)
                              /usr/lib/gcc/arm-none-eabi/4.8/../../../arm-none-eabi/lib/armv7e-m/libg_nano.a(lib_a-nano-svfprintf.o) (_realloc_r)
/usr/lib/gcc/arm-none-eabi/4.8/../../../arm-none-eabi/lib/armv7e-m/libg_nano.a(lib_a-sbrkr.o)
                              /usr/lib/gcc/arm-none-eabi/4.8/../../../arm-none-eabi/lib/armv7e-m/libg_nano.a(lib_a-nano-mallocr.o) (_sbrk_r)
/usr/lib/gcc/arm-none-eabi/4.8/../../../arm-none-eabi/lib/armv7e-m/libg_nano.a(lib_a-nano-msizer.o)
                              /usr/lib/gcc/arm-none-eabi/4.8/../../../arm-none-eabi/lib/armv7e-m/libg_nano.a(lib_a-nano-reallocr.o) (_malloc_usable_size_r)

Allocating common symbols
Common symbol       size              file

errno               0x4               ./system/src/newlib/_syscalls.o
PINGBUF             0x100             ./src/fifo.o
PONG_count          0x4               ./src/DMA1Stream5int_svc.o
PONGBUF             0x100             ./src/fifo.o
pFlash              0x20              ./system/src/stm32f4-hal/stm32f4xx_hal_flash.o
fifo                0x50              ./src/fifo.o
outarray            0x4               ./src/STM32F4_P24v04.o
PING_count          0x4               ./src/DMA1Stream5int_svc.o
PINGPONG_count      0x4               ./src/DMA1Stream5int_svc.o
TIM_Handle          0x3c              ./src/fifo.o

Discarded input sections

 .group         0x0000000000000000        0x8 ./system/src/stm32f4-hal/stm32f4xx_hal.o
 .group         0x0000000000000000        0x8 ./system/src/stm32f4-hal/stm32f4xx_hal.o
 .group         0x0000000000000000        0x8 ./system/src/stm32f4-hal/stm32f4xx_hal.o
 .group         0x0000000000000000        0x8 ./system/src/stm32f4-hal/stm32f4xx_hal.o
 .group         0x0000000000000000        0x8 ./system/src/stm32f4-hal/stm32f4xx_hal.o
 .group         0x0000000000000000        0x8 ./system/src/stm32f4-hal/stm32f4xx_hal.o
 .group         0x0000000000000000        0x8 ./system/src/stm32f4-hal/stm32f4xx_hal.o
 .group         0x0000000000000000        0x8 ./system/src/stm32f4-hal/stm32f4xx_hal.o
 .group         0x0000000000000000        0x8 ./system/src/stm32f4-hal/stm32f4xx_hal.o
 .group         0x0000000000000000        0x8 ./system/src/stm32f4-hal/stm32f4xx_hal.o
 .group         0x0000000000000000        0x8 ./system/src/stm32f4-hal/stm32f4xx_hal.o
 .group         0x0000000000000000        0x8 ./system/src/stm32f4-hal/stm32f4xx_hal.o
[...]
Memory Configuration

Name             Origin             Length             Attributes
RAM              0x0000000020000000 0x0000000000020000 xrw
CCMRAM           0x0000000010000000 0x0000000000010000 xrw
FLASH            0x0000000008000000 0x0000000000100000 xr
FLASHB1          0x0000000000000000 0x0000000000000000 xr
EXTMEMB0         0x0000000000000000 0x0000000000000000 xr
EXTMEMB1         0x0000000000000000 0x0000000000000000 xr
EXTMEMB2         0x0000000000000000 0x0000000000000000 xr
EXTMEMB3         0x0000000000000000 0x0000000000000000 xr
MEMORY_ARRAY     0x0000000020002000 0x0000000000000020 xrw
*default*        0x0000000000000000 0xffffffffffffffff

Linker script and memory map

LOAD ./system/src/stm32f4-hal/stm32f4xx_hal.o
LOAD ./system/src/stm32f4-hal/stm32f4xx_hal_cec.o
LOAD ./system/src/stm32f4-hal/stm32f4xx_hal_cortex.o
LOAD ./system/src/stm32f4-hal/stm32f4xx_hal_dac.o
LOAD ./system/src/stm32f4-hal/stm32f4xx_hal_dac_ex.o
LOAD ./system/src/stm32f4-hal/stm32f4xx_hal_dma.o
LOAD ./system/src/stm32f4-hal/stm32f4xx_hal_dma_ex.o
LOAD ./system/src/stm32f4-hal/stm32f4xx_hal_flash.o
LOAD ./system/src/stm32f4-hal/stm32f4xx_hal_flash_ex.o
LOAD ./system/src/stm32f4-hal/stm32f4xx_hal_flash_ramfunc.o
LOAD ./system/src/stm32f4-hal/stm32f4xx_hal_gpio.o
LOAD ./system/src/stm32f4-hal/stm32f4xx_hal_iwdg.o
LOAD ./system/src/stm32f4-hal/stm32f4xx_hal_pwr.o
LOAD ./system/src/stm32f4-hal/stm32f4xx_hal_pwr_ex.o
LOAD ./system/src/stm32f4-hal/stm32f4xx_hal_rcc.o
LOAD ./system/src/stm32f4-hal/stm32f4xx_hal_rcc_ex.o
LOAD ./system/src/stm32f4-hal/stm32f4xx_hal_tim.o
LOAD ./system/src/stm32f4-hal/stm32f4xx_hal_tim_ex.o
LOAD ./system/src/newlib/_cxx.o
LOAD ./system/src/newlib/_exit.o
LOAD ./system/src/newlib/_sbrk.o
LOAD ./system/src/newlib/_startup.o
LOAD ./system/src/newlib/_syscalls.o
LOAD ./system/src/newlib/assert.o
LOAD ./system/src/diag/Trace.o
LOAD ./system/src/diag/trace_impl.o
LOAD ./system/src/cortexm/_initialize_hardware.o
LOAD ./system/src/cortexm/_reset_hardware.o
LOAD ./system/src/cortexm/exception_handlers.o
LOAD ./system/src/cmsis/system_stm32f4xx.o
LOAD ./system/src/cmsis/vectors_stm32f4xx.o
LOAD ./src/DMA1Stream5int_svc.o
LOAD ./src/STM32F4_P24v04.o
LOAD ./src/_initialize_hardware.o
LOAD ./src/_write.o
LOAD ./src/fifo.o
LOAD ./src/init.o
LOAD ./src/interrupts.o
LOAD ./src/main.o
LOAD ./src/p24.o
LOAD /usr/lib/gcc/arm-none-eabi/4.8/../../../arm-none-eabi/lib/armv7e-m/libstdc++_nano.a
LOAD /usr/lib/gcc/arm-none-eabi/4.8/../../../arm-none-eabi/lib/armv7e-m/libm.a
START GROUP
LOAD /usr/lib/gcc/arm-none-eabi/4.8/armv7e-m/libgcc.a
LOAD /usr/lib/gcc/arm-none-eabi/4.8/../../../arm-none-eabi/lib/armv7e-m/libg_nano.a
LOAD /usr/lib/gcc/arm-none-eabi/4.8/../../../arm-none-eabi/lib/armv7e-m/libc_nano.a
END GROUP
START GROUP
LOAD /usr/lib/gcc/arm-none-eabi/4.8/armv7e-m/libgcc.a
LOAD /usr/lib/gcc/arm-none-eabi/4.8/../../../arm-none-eabi/lib/armv7e-m/libc_nano.a
END GROUP
                0x0000000020020000                __stack = (ORIGIN (RAM) + 0x20000)
                0x0000000020020000                _estack = __stack
                0x0000000000000400                __Main_Stack_Size = 0x400
                0x0000000000000400                PROVIDE (_Main_Stack_Size, __Main_Stack_Size)
                0x000000002001fc00                __Main_Stack_Limit = (__stack - __Main_Stack_Size)
                0x000000002001fc00                PROVIDE (_Main_Stack_Limit, __Main_Stack_Limit)
                0x0000000000000100                _Minimum_Stack_Size = 0x100
                0x0000000020000460                PROVIDE (_Heap_Begin, _end_noinit)
                0x000000002001fc00                PROVIDE (_Heap_Limit, (__stack - __Main_Stack_Size))

.isr_vector     0x0000000008000000      0x3e8
 FILL mask 0xff
                0x0000000008000000                __vectors_start = ABSOLUTE (.)
                0x0000000008000000                __vectors_start__ = ABSOLUTE (.)
 *(.isr_vector)
 .isr_vector    0x0000000008000000      0x188 ./system/src/cmsis/vectors_stm32f4xx.o
                0x0000000008000000                __isr_vectors
 *(.cfmconfig)
 *(.after_vectors .after_vectors.*)
 .after_vectors
                0x0000000008000188      0x130 ./system/src/newlib/_startup.o
                0x0000000008000188                _start
 .after_vectors
                0x00000000080002b8      0x12c ./system/src/cortexm/exception_handlers.o
                0x00000000080002b8                Reset_Handler
                0x00000000080002c0                NMI_Handler
                0x00000000080002c4                HardFault_Handler
                0x00000000080002d8                HardFault_Handler_C
                0x0000000008000334                MemManage_Handler
                0x0000000008000338                BusFault_Handler
                0x000000000800034c                BusFault_Handler_C
                0x0000000008000380                UsageFault_Handler
                0x0000000008000394                UsageFault_Handler_C
                0x00000000080003c8                SVC_Handler
                0x00000000080003cc                DebugMon_Handler
                0x00000000080003d0                PendSV_Handler
                0x00000000080003d4                TIM4_IRQHandler
 .after_vectors
                0x00000000080003e4        0x4 ./system/src/cmsis/vectors_stm32f4xx.o
                0x00000000080003e4                RTC_Alarm_IRQHandler
                0x00000000080003e4                HASH_RNG_IRQHandler
                0x00000000080003e4                EXTI2_IRQHandler
                0x00000000080003e4                TIM8_CC_IRQHandler
                0x00000000080003e4                TIM1_CC_IRQHandler
                0x00000000080003e4                DMA2_Stream5_IRQHandler
                0x00000000080003e4                DMA1_Stream5_IRQHandler
                0x00000000080003e4                PVD_IRQHandler
                0x00000000080003e4                SDIO_IRQHandler
                0x00000000080003e4                TAMP_STAMP_IRQHandler
                0x00000000080003e4                CAN2_RX1_IRQHandler
                0x00000000080003e4                EXTI3_IRQHandler
                0x00000000080003e4                TIM8_TRG_COM_TIM14_IRQHandler
                0x00000000080003e4                TIM1_UP_TIM10_IRQHandler
                0x00000000080003e4                TIM8_UP_TIM13_IRQHandler
                0x00000000080003e4                I2C3_ER_IRQHandler
                0x00000000080003e4                EXTI0_IRQHandler
                0x00000000080003e4                I2C2_EV_IRQHandler
                0x00000000080003e4                DMA1_Stream2_IRQHandler
                0x00000000080003e4                CAN1_RX0_IRQHandler
                0x00000000080003e4                FPU_IRQHandler
                0x00000000080003e4                OTG_HS_WKUP_IRQHandler
                0x00000000080003e4                CAN2_SCE_IRQHandler
                0x00000000080003e4                DMA2_Stream2_IRQHandler
                0x00000000080003e4                SPI1_IRQHandler
                0x00000000080003e4                TIM6_DAC_IRQHandler
                0x00000000080003e4                TIM1_BRK_TIM9_IRQHandler
                0x00000000080003e4                DCMI_IRQHandler
                0x00000000080003e4                CAN2_RX0_IRQHandler
                0x00000000080003e4                DMA2_Stream3_IRQHandler
                0x00000000080003e4                USART6_IRQHandler
                0x00000000080003e4                USART3_IRQHandler
                0x00000000080003e4                CAN1_RX1_IRQHandler
                0x00000000080003e4                UART5_IRQHandler
                0x00000000080003e4                DMA2_Stream0_IRQHandler
                0x00000000080003e4                I2C1_EV_IRQHandler
                0x00000000080003e4                DMA1_Stream6_IRQHandler
                0x00000000080003e4                DMA1_Stream1_IRQHandler
                0x00000000080003e4                UART4_IRQHandler
                0x00000000080003e4                RCC_IRQHandler
                0x00000000080003e4                TIM8_BRK_TIM12_IRQHandler
                0x00000000080003e4                Default_Handler
                0x00000000080003e4                EXTI15_10_IRQHandler
                0x00000000080003e4                ADC_IRQHandler
                0x00000000080003e4                DMA1_Stream7_IRQHandler
                0x00000000080003e4                TIM7_IRQHandler
                0x00000000080003e4                CAN2_TX_IRQHandler
                0x00000000080003e4                TIM5_IRQHandler
                0x00000000080003e4                DMA2_Stream7_IRQHandler
                0x00000000080003e4                I2C3_EV_IRQHandler
                0x00000000080003e4                EXTI9_5_IRQHandler
                0x00000000080003e4                RTC_WKUP_IRQHandler
                0x00000000080003e4                ETH_WKUP_IRQHandler
                0x00000000080003e4                SPI2_IRQHandler
                0x00000000080003e4                OTG_HS_EP1_IN_IRQHandler
                0x00000000080003e4                DMA1_Stream0_IRQHandler
                0x00000000080003e4                CAN1_TX_IRQHandler
                0x00000000080003e4                EXTI4_IRQHandler
                0x00000000080003e4                FSMC_IRQHandler
                0x00000000080003e4                ETH_IRQHandler
                0x00000000080003e4                OTG_HS_EP1_OUT_IRQHandler
                0x00000000080003e4                WWDG_IRQHandler
                0x00000000080003e4                TIM2_IRQHandler
                0x00000000080003e4                OTG_FS_WKUP_IRQHandler
                0x00000000080003e4                TIM1_TRG_COM_TIM11_IRQHandler
                0x00000000080003e4                OTG_HS_IRQHandler
                0x00000000080003e4                USART2_IRQHandler
                0x00000000080003e4                I2C2_ER_IRQHandler
                0x00000000080003e4                DMA2_Stream1_IRQHandler
                0x00000000080003e4                CAN1_SCE_IRQHandler
                0x00000000080003e4                FLASH_IRQHandler
                0x00000000080003e4                DMA2_Stream4_IRQHandler
                0x00000000080003e4                USART1_IRQHandler
                0x00000000080003e4                OTG_FS_IRQHandler
                0x00000000080003e4                SPI3_IRQHandler
                0x00000000080003e4                DMA1_Stream4_IRQHandler
                0x00000000080003e4                I2C1_ER_IRQHandler
                0x00000000080003e4                DMA2_Stream6_IRQHandler
                0x00000000080003e4                DMA1_Stream3_IRQHandler

.inits          0x00000000080003e8       0x28
                0x00000000080003e8                __data_regions_array_start = .
                0x00000000080003e8        0x4 LONG 0x8004cd0 LOADADDR (.data)
                0x00000000080003ec        0x4 LONG 0x20000000 ADDR (.data)
                0x00000000080003f0        0x4 LONG 0x200000c0 (ADDR (.data) + SIZEOF (.data))
                0x00000000080003f4        0x4 LONG 0x8004cd0 LOADADDR (.data_CCMRAM)
                0x00000000080003f8        0x4 LONG 0x10000000 ADDR (.data_CCMRAM)
                0x00000000080003fc        0x4 LONG 0x10000000 (ADDR (.data_CCMRAM) + SIZEOF (.data_CCMRAM))
                0x0000000008000400                __data_regions_array_end = .
                0x0000000008000400                __bss_regions_array_start = .
                0x0000000008000400        0x4 LONG 0x200000c0 ADDR (.bss)
                0x0000000008000404        0x4 LONG 0x20000460 (ADDR (.bss) + SIZEOF (.bss))
                0x0000000008000408        0x4 LONG 0x10000000 ADDR (.bss_CCMRAM)
                0x000000000800040c        0x4 LONG 0x10000000 (ADDR (.bss_CCMRAM) + SIZEOF (.bss_CCMRAM))
                0x0000000008000410                __bss_regions_array_end = .
 *(.init)
 *(.fini)
                0x0000000008000410                . = ALIGN (0x4)
                0x0000000008000410                PROVIDE (__preinit_array_start, .)
 *(.preinit_array_sysinit .preinit_array_sysinit.*)
 *(.preinit_array_platform .preinit_array_platform.*)
 *(.preinit_array .preinit_array.*)
                0x0000000008000410                PROVIDE (__preinit_array_end, .)
                0x0000000008000410                . = ALIGN (0x4)
                0x0000000008000410                PROVIDE (__init_array_start, .)
 *(SORT(.init_array.*))
 *(.init_array)
                0x0000000008000410                PROVIDE (__init_array_end, .)
                0x0000000008000410                . = ALIGN (0x4)
                0x0000000008000410                PROVIDE (__fini_array_start, .)
 *(SORT(.fini_array.*))
 *(.fini_array)
                0x0000000008000410                PROVIDE (__fini_array_end, .)

.flashtext
 *(.flashtext .flashtext.*)

.text           0x0000000008000410     0x48bd
 *(.text .text.*)
 .text.HAL_MspInit
                0x0000000008000410        0x4 ./system/src/stm32f4-hal/stm32f4xx_hal.o
                0x0000000008000410                HAL_MspInit
 .text.HAL_InitTick
                0x0000000008000414       0x28 ./system/src/stm32f4-hal/stm32f4xx_hal.o
                0x0000000008000414                HAL_InitTick
 .text.HAL_Init
                0x000000000800043c       0x34 ./system/src/stm32f4-hal/stm32f4xx_hal.o
                0x000000000800043c                HAL_Init
 .text.HAL_GetTick
                0x0000000008000470        0xc ./system/src/stm32f4-hal/stm32f4xx_hal.o
                0x0000000008000470                HAL_GetTick
 .text.HAL_NVIC_SetPriorityGrouping
                0x000000000800047c       0x3c ./system/src/stm32f4-hal/stm32f4xx_hal_cortex.o
                0x000000000800047c                HAL_NVIC_SetPriorityGrouping
 .text.HAL_NVIC_SetPriority
                0x00000000080004b8       0x84 ./system/src/stm32f4-hal/stm32f4xx_hal_cortex.o
                0x00000000080004b8                HAL_NVIC_SetPriority
 .text.HAL_NVIC_EnableIRQ
                0x000000000800053c       0x2c ./system/src/stm32f4-hal/stm32f4xx_hal_cortex.o
                0x000000000800053c                HAL_NVIC_EnableIRQ
 .text.HAL_SYSTICK_Config
                0x0000000008000568       0x2c ./system/src/stm32f4-hal/stm32f4xx_hal_cortex.o
                0x0000000008000568                HAL_SYSTICK_Config
 .text.HAL_SYSTICK_CLKSourceConfig
                0x0000000008000594       0x38 ./system/src/stm32f4-hal/stm32f4xx_hal_cortex.o
                0x0000000008000594                HAL_SYSTICK_CLKSourceConfig
 .text.HAL_DAC_MspInit
                0x00000000080005cc        0x4 ./system/src/stm32f4-hal/stm32f4xx_hal_dac.o
                0x00000000080005cc                HAL_DAC_MspInit
 .text.HAL_DAC_Init
                0x00000000080005d0       0x44 ./system/src/stm32f4-hal/stm32f4xx_hal_dac.o
                0x00000000080005d0                HAL_DAC_Init
 .text.HAL_DAC_Start
                0x0000000008000614       0x80 ./system/src/stm32f4-hal/stm32f4xx_hal_dac.o
                0x0000000008000614                HAL_DAC_Start
 .text.HAL_DAC_Start_DMA
                0x0000000008000694      0x11c ./system/src/stm32f4-hal/stm32f4xx_hal_dac.o
                0x0000000008000694                HAL_DAC_Start_DMA
 .text.HAL_DAC_ConvCpltCallbackCh1
                0x00000000080007b0        0x4 ./system/src/stm32f4-hal/stm32f4xx_hal_dac.o
                0x00000000080007b0                HAL_DAC_ConvCpltCallbackCh1
 .text.DAC_DMAConvCpltCh1
                0x00000000080007b4       0x10 ./system/src/stm32f4-hal/stm32f4xx_hal_dac.o
 .text.HAL_DAC_ConvHalfCpltCallbackCh1
                0x00000000080007c4        0x4 ./system/src/stm32f4-hal/stm32f4xx_hal_dac.o
                0x00000000080007c4                HAL_DAC_ConvHalfCpltCallbackCh1
 .text.DAC_DMAHalfConvCpltCh1
                0x00000000080007c8        0xc ./system/src/stm32f4-hal/stm32f4xx_hal_dac.o
 .text.HAL_DAC_ErrorCallbackCh1
                0x00000000080007d4        0x4 ./system/src/stm32f4-hal/stm32f4xx_hal_dac.o
                0x00000000080007d4                HAL_DAC_ErrorCallbackCh1
 .text.DAC_DMAErrorCh1
                0x00000000080007d8       0x18 ./system/src/stm32f4-hal/stm32f4xx_hal_dac.o
 .text.HAL_DAC_ConfigChannel
                0x00000000080007f0       0xa0 ./system/src/stm32f4-hal/stm32f4xx_hal_dac.o
                0x00000000080007f0                HAL_DAC_ConfigChannel
 .text.HAL_DACEx_ConvCpltCallbackCh2
                0x0000000008000890        0x4 ./system/src/stm32f4-hal/stm32f4xx_hal_dac_ex.o
                0x0000000008000890                HAL_DACEx_ConvCpltCallbackCh2
 .text.HAL_DACEx_ConvHalfCpltCallbackCh2
                0x0000000008000894        0x4 ./system/src/stm32f4-hal/stm32f4xx_hal_dac_ex.o
                0x0000000008000894                HAL_DACEx_ConvHalfCpltCallbackCh2
 .text.HAL_DACEx_ErrorCallbackCh2
                0x0000000008000898        0x4 ./system/src/stm32f4-hal/stm32f4xx_hal_dac_ex.o
                0x0000000008000898                HAL_DACEx_ErrorCallbackCh2
 .text.DAC_DMAConvCpltCh2
                0x000000000800089c       0x10 ./system/src/stm32f4-hal/stm32f4xx_hal_dac_ex.o
                0x000000000800089c                DAC_DMAConvCpltCh2
 .text.DAC_DMAHalfConvCpltCh2
                0x00000000080008ac        0xc ./system/src/stm32f4-hal/stm32f4xx_hal_dac_ex.o
                0x00000000080008ac                DAC_DMAHalfConvCpltCh2
 .text.DAC_DMAErrorCh2
                0x00000000080008b8       0x18 ./system/src/stm32f4-hal/stm32f4xx_hal_dac_ex.o
                0x00000000080008b8                DAC_DMAErrorCh2
 .text.DMA_SetConfig
                0x00000000080008d0       0x2c ./system/src/stm32f4-hal/stm32f4xx_hal_dma.o
 .text.HAL_DMA_Init
                0x00000000080008fc      0x218 ./system/src/stm32f4-hal/stm32f4xx_hal_dma.o
                0x00000000080008fc                HAL_DMA_Init
 .text.HAL_DMA_Start
                0x0000000008000b14       0x60 ./system/src/stm32f4-hal/stm32f4xx_hal_dma.o
                0x0000000008000b14                HAL_DMA_Start
 .text.HAL_DMA_Start_IT
                0x0000000008000b74       0x90 ./system/src/stm32f4-hal/stm32f4xx_hal_dma.o
                0x0000000008000b74                HAL_DMA_Start_IT
 .text.HAL_GPIO_Init
                0x0000000008000c04      0x328 ./system/src/stm32f4-hal/stm32f4xx_hal_gpio.o
                0x0000000008000c04                HAL_GPIO_Init
 .text.HAL_RCC_OscConfig
                0x0000000008000f2c      0x4b4 ./system/src/stm32f4-hal/stm32f4xx_hal_rcc.o
                0x0000000008000f2c                HAL_RCC_OscConfig
 .text.HAL_RCC_ClockConfig
                0x00000000080013e0      0x368 ./system/src/stm32f4-hal/stm32f4xx_hal_rcc.o
                0x00000000080013e0                HAL_RCC_ClockConfig
 .text.HAL_RCC_GetSysClockFreq
                0x0000000008001748       0xa0 ./system/src/stm32f4-hal/stm32f4xx_hal_rcc.o
                0x0000000008001748                HAL_RCC_GetSysClockFreq
 .text.HAL_RCC_GetHCLKFreq
                0x00000000080017e8       0x38 ./system/src/stm32f4-hal/stm32f4xx_hal_rcc.o
                0x00000000080017e8                HAL_RCC_GetHCLKFreq
 .text.HAL_TIM_Base_MspInit
                0x0000000008001820        0x4 ./system/src/stm32f4-hal/stm32f4xx_hal_tim.o
                0x0000000008001820                HAL_TIM_Base_MspInit
 .text.HAL_TIM_Base_Start
                0x0000000008001824       0xa0 ./system/src/stm32f4-hal/stm32f4xx_hal_tim.o
                0x0000000008001824                HAL_TIM_Base_Start
 .text.HAL_TIM_Base_Start_IT
                0x00000000080018c4       0x9c ./system/src/stm32f4-hal/stm32f4xx_hal_tim.o
                0x00000000080018c4                HAL_TIM_Base_Start_IT
 .text.TIM_Base_SetConfig
                0x0000000008001960      0x11c ./system/src/stm32f4-hal/stm32f4xx_hal_tim.o
                0x0000000008001960                TIM_Base_SetConfig
 .text.HAL_TIM_Base_Init
                0x0000000008001a7c       0xf0 ./system/src/stm32f4-hal/stm32f4xx_hal_tim.o
                0x0000000008001a7c                HAL_TIM_Base_Init
 .text.HAL_TIMEx_MasterConfigSynchronization
                0x0000000008001b6c       0xf0 ./system/src/stm32f4-hal/stm32f4xx_hal_tim_ex.o
                0x0000000008001b6c                HAL_TIMEx_MasterConfigSynchronization
 .text._exit    0x0000000008001c5c        0x4 ./system/src/newlib/_exit.o
                0x0000000008001c5c                _exit
 .text.abort    0x0000000008001c60       0x14 ./system/src/newlib/_exit.o
                0x0000000008001c60                abort
 .text._sbrk    0x0000000008001c74       0x44 ./system/src/newlib/_sbrk.o
                0x0000000008001c74                _sbrk
 .text.__initialize_args
                0x0000000008001cb8       0x10 ./system/src/newlib/_syscalls.o
                0x0000000008001cb8                __initialize_args
 .text.assert_failed
                0x0000000008001cc8       0x18 ./system/src/newlib/assert.o
                0x0000000008001cc8                assert_failed
 .text.trace_printf
                0x0000000008001ce0       0x34 ./system/src/diag/Trace.o
                0x0000000008001ce0                trace_printf
 .text.trace_puts
                0x0000000008001d14       0x20 ./system/src/diag/Trace.o
                0x0000000008001d14                trace_puts
 .text._trace_write_semihosting_debug
                0x0000000008001d34       0x60 ./system/src/diag/trace_impl.o
 .text.trace_write
                0x0000000008001d94        0x8 ./system/src/diag/trace_impl.o
                0x0000000008001d94                trace_write
 .text.__initialize_hardware_early
                0x0000000008001d9c        0x8 ./system/src/cortexm/_initialize_hardware.o
                0x0000000008001d9c                __initialize_hardware_early
 .text.dumpExceptionStack
                0x0000000008001da4       0xf0 ./system/src/cortexm/exception_handlers.o
                0x0000000008001da4                dumpExceptionStack
 .text.isSemihosting
                0x0000000008001e94       0x20 ./system/src/cortexm/exception_handlers.o
                0x0000000008001e94                isSemihosting
 .text.SystemInit
                0x0000000008001eb4       0x40 ./system/src/cmsis/system_stm32f4xx.o
                0x0000000008001eb4                SystemInit
 .text.SystemCoreClockUpdate
                0x0000000008001ef4       0xa4 ./system/src/cmsis/system_stm32f4xx.o
                0x0000000008001ef4                SystemCoreClockUpdate
 .text          0x0000000008001f98     0x1ba8 ./src/STM32F4_P24v04.o
                0x0000000008001f98                P24_init
                0x00000000080022fa                asm_print_digit
                0x0000000008003994                asm_vdisplay
                0x0000000008003a6c                asm_get_switch
                0x0000000008003a90                screw_it
                0x0000000008003ab6                asm_hw8_stuff
 .text.SystemClock_Config
                0x0000000008003b40       0x98 ./src/_initialize_hardware.o
                0x0000000008003b40                SystemClock_Config
 .text.__initialize_hardware
                0x0000000008003bd8       0x14 ./src/_initialize_hardware.o
                0x0000000008003bd8                __initialize_hardware
 .text.enq      0x0000000008003bec       0x28 ./src/fifo.o
                0x0000000008003bec                enq
 .text.deq      0x0000000008003c14       0x38 ./src/fifo.o
                0x0000000008003c14                deq
 .text.getswitch
                0x0000000008003c4c        0x8 ./src/fifo.o
                0x0000000008003c4c                getswitch
 .text.vdisplay_init
                0x0000000008003c54       0x20 ./src/init.o
                0x0000000008003c54                vdisplay_init
 .text.DAC_init
                0x0000000008003c74       0xc4 ./src/init.o
                0x0000000008003c74                DAC_init
 .text.TIM3_init
                0x0000000008003d38       0x58 ./src/init.o
                0x0000000008003d38                TIM3_init
 .text.TIM6_init
                0x0000000008003d90       0x54 ./src/init.o
                0x0000000008003d90                TIM6_init
 .text.GPIO_init
                0x0000000008003de4       0x94 ./src/init.o
                0x0000000008003de4                GPIO_init
 .text.init_all
                0x0000000008003e78       0x1c ./src/init.o
                0x0000000008003e78                init_all
 .text.TIM3_IRQHandler
                0x0000000008003e94       0x20 ./src/interrupts.o
                0x0000000008003e94                TIM3_IRQHandler
 .text.EXTI1_IRQHandler
                0x0000000008003eb4       0x10 ./src/interrupts.o
                0x0000000008003eb4                EXTI1_IRQHandler
 .text.SysTick_Handler
                0x0000000008003ec4        0x4 ./src/interrupts.o
                0x0000000008003ec4                SysTick_Handler
 .text.main     0x0000000008003ec8        0x8 ./src/main.o
                0x0000000008003ec8                main
 .text.ANCAInit
                0x0000000008003ed0       0x30 ./src/p24.o
                0x0000000008003ed0                ANCAInit
 .text.ANCA_INIT_All
                0x0000000008003f00       0xa0 ./src/p24.o
                0x0000000008003f00                ANCA_INIT_All
 .text.synthstuff
                0x0000000008003fa0       0x34 ./src/p24.o
                0x0000000008003fa0                synthstuff
 .text.__errno  0x0000000008003fd4        0xc /usr/lib/gcc/arm-none-eabi/4.8/../../../arm-none-eabi/lib/armv7e-m/libg_nano.a(lib_a-errno.o)
                0x0000000008003fd4                __errno
 .text.strlen   0x0000000008003fe0       0x10 /usr/lib/gcc/arm-none-eabi/4.8/../../../arm-none-eabi/lib/armv7e-m/libg_nano.a(lib_a-strlen.o)
                0x0000000008003fe0                strlen
 .text._vsnprintf_r
                0x0000000008003ff0       0x52 /usr/lib/gcc/arm-none-eabi/4.8/../../../arm-none-eabi/lib/armv7e-m/libg_nano.a(lib_a-vsnprintf.o)
                0x0000000008003ff0                _vsnprintf_r
                0x0000000008003ff0                _vsniprintf_r
 *fill*         0x0000000008004042        0x2 
 .text.vsnprintf
                0x0000000008004044       0x20 /usr/lib/gcc/arm-none-eabi/4.8/../../../arm-none-eabi/lib/armv7e-m/libg_nano.a(lib_a-vsnprintf.o)
                0x0000000008004044                vsnprintf
                0x0000000008004044                vsniprintf
 .text.__ssputs_r
                0x0000000008004064       0xb8 /usr/lib/gcc/arm-none-eabi/4.8/../../../arm-none-eabi/lib/armv7e-m/libg_nano.a(lib_a-nano-svfprintf.o)
                0x0000000008004064                __ssputs_r
 .text._svfprintf_r
                0x000000000800411c      0x1dc /usr/lib/gcc/arm-none-eabi/4.8/../../../arm-none-eabi/lib/armv7e-m/libg_nano.a(lib_a-nano-svfprintf.o)
                0x000000000800411c                _svfprintf_r
                0x000000000800411c                _svfiprintf_r
 .text._printf_common
                0x00000000080042f8       0xe4 /usr/lib/gcc/arm-none-eabi/4.8/../../../arm-none-eabi/lib/armv7e-m/libg_nano.a(lib_a-nano-vfprintf_i.o)
                0x00000000080042f8                _printf_common
 .text._printf_i
                0x00000000080043dc      0x22c /usr/lib/gcc/arm-none-eabi/4.8/../../../arm-none-eabi/lib/armv7e-m/libg_nano.a(lib_a-nano-vfprintf_i.o)
                0x00000000080043dc                _printf_i
 .text.memchr   0x0000000008004608       0x1e /usr/lib/gcc/arm-none-eabi/4.8/../../../arm-none-eabi/lib/armv7e-m/libg_nano.a(lib_a-memchr-stub.o)
                0x0000000008004608                memchr
 .text.memcpy   0x0000000008004626       0x12 /usr/lib/gcc/arm-none-eabi/4.8/../../../arm-none-eabi/lib/armv7e-m/libg_nano.a(lib_a-memcpy-stub.o)
                0x0000000008004626                memcpy
 .text.memmove  0x0000000008004638       0x36 /usr/lib/gcc/arm-none-eabi/4.8/../../../arm-none-eabi/lib/armv7e-m/libg_nano.a(lib_a-memmove.o)
                0x0000000008004638                memmove
 *fill*         0x000000000800466e        0x2 
 .text._free_r  0x0000000008004670       0x88 /usr/lib/gcc/arm-none-eabi/4.8/../../../arm-none-eabi/lib/armv7e-m/libg_nano.a(lib_a-nano-freer.o)
                0x0000000008004670                _free_r
 .text._malloc_r
                0x00000000080046f8       0xac /usr/lib/gcc/arm-none-eabi/4.8/../../../arm-none-eabi/lib/armv7e-m/libg_nano.a(lib_a-nano-mallocr.o)
                0x00000000080046f8                _malloc_r
 .text._realloc_r
                0x00000000080047a4       0x4c /usr/lib/gcc/arm-none-eabi/4.8/../../../arm-none-eabi/lib/armv7e-m/libg_nano.a(lib_a-nano-reallocr.o)
                0x00000000080047a4                _realloc_r
 .text._sbrk_r  0x00000000080047f0       0x20 /usr/lib/gcc/arm-none-eabi/4.8/../../../arm-none-eabi/lib/armv7e-m/libg_nano.a(lib_a-sbrkr.o)
                0x00000000080047f0                _sbrk_r
 .text._malloc_usable_size_r
                0x0000000008004810       0x12 /usr/lib/gcc/arm-none-eabi/4.8/../../../arm-none-eabi/lib/armv7e-m/libg_nano.a(lib_a-nano-msizer.o)
                0x0000000008004810                _malloc_usable_size_r
 *(.rodata .rodata.* .constdata .constdata.*)
 *fill*         0x0000000008004822        0x2 
 .rodata.str1.4
                0x0000000008004824       0x31 ./system/src/stm32f4-hal/stm32f4xx_hal_cortex.o
                                         0x34 (size before relaxing)
 *fill*         0x0000000008004855        0x3 
 .rodata.str1.4
                0x0000000008004858       0x2e ./system/src/stm32f4-hal/stm32f4xx_hal_dac.o
                                         0x30 (size before relaxing)
 *fill*         0x0000000008004886        0x2 
 .rodata.str1.4
                0x0000000008004888       0x2e ./system/src/stm32f4-hal/stm32f4xx_hal_dma.o
                                         0x30 (size before relaxing)
 *fill*         0x00000000080048b6        0x2 
 .rodata.str1.4
                0x00000000080048b8       0x2f ./system/src/stm32f4-hal/stm32f4xx_hal_gpio.o
                                         0x30 (size before relaxing)
 *fill*         0x00000000080048e7        0x1 
 .rodata.APBAHBPrescTable
                0x00000000080048e8       0x10 ./system/src/stm32f4-hal/stm32f4xx_hal_rcc.o
                0x00000000080048e8                APBAHBPrescTable
 .rodata.str1.4
                0x00000000080048f8       0x2e ./system/src/stm32f4-hal/stm32f4xx_hal_rcc.o
                                         0x30 (size before relaxing)
 *fill*         0x0000000008004926        0x2 
 .rodata.str1.4
                0x0000000008004928       0x2e ./system/src/stm32f4-hal/stm32f4xx_hal_tim.o
                                         0x30 (size before relaxing)
 *fill*         0x0000000008004956        0x2 
 .rodata.str1.4
                0x0000000008004958       0x31 ./system/src/stm32f4-hal/stm32f4xx_hal_tim_ex.o
                                         0x34 (size before relaxing)
 *fill*         0x0000000008004989        0x3 
 .rodata.str1.4
                0x000000000800498c       0x14 ./system/src/newlib/_exit.o
 .rodata.str1.4
                0x00000000080049a0       0x6b ./system/src/newlib/assert.o
                                         0x70 (size before relaxing)
 *fill*         0x0000000008004a0b        0x1 
 .rodata.str1.4
                0x0000000008004a0c       0x29 ./system/src/diag/Trace.o
                                         0x30 (size before relaxing)
 *fill*         0x0000000008004a35        0x3 
 .rodata.str1.4
                0x0000000008004a38      0x148 ./system/src/cortexm/exception_handlers.o
 .rodata.function
                0x0000000008004b80      0x100 ./src/init.o
                0x0000000008004b80                function
 .rodata.ANCA_PIN
                0x0000000008004c80       0x18 ./src/p24.o
                0x0000000008004c80                ANCA_PIN
 .rodata.str1.1
                0x0000000008004c98        0x2 /usr/lib/gcc/arm-none-eabi/4.8/../../../arm-none-eabi/lib/armv7e-m/libg_nano.a(lib_a-impure.o)
 .rodata.str1.1
                0x0000000008004c9a       0x11 /usr/lib/gcc/arm-none-eabi/4.8/../../../arm-none-eabi/lib/armv7e-m/libg_nano.a(lib_a-nano-svfprintf.o)
 .rodata.str1.1
                0x0000000008004cab       0x22 /usr/lib/gcc/arm-none-eabi/4.8/../../../arm-none-eabi/lib/armv7e-m/libg_nano.a(lib_a-nano-vfprintf_i.o)
 *(vtable)
 *(.eh_frame*)
 *(.glue_7)
 .glue_7        0x0000000008004ccd        0x0 linker stubs
 *(.glue_7t)
 .glue_7t       0x0000000008004ccd        0x0 linker stubs

.vfp11_veneer   0x0000000008004cd0        0x0
 .vfp11_veneer  0x0000000008004cd0        0x0 linker stubs

.v4_bx          0x0000000008004cd0        0x0
 .v4_bx         0x0000000008004cd0        0x0 linker stubs

.iplt           0x0000000008004cd0        0x0
 .iplt          0x0000000008004cd0        0x0 ./system/src/stm32f4-hal/stm32f4xx_hal.o

.rel.dyn        0x0000000008004cd0        0x0
 .rel.iplt      0x0000000008004cd0        0x0 ./system/src/stm32f4-hal/stm32f4xx_hal.o

.ARM.extab
 *(.ARM.extab* .gnu.linkonce.armextab.*)
                0x0000000008004cd0                . = ALIGN (0x4)
                0x0000000008004cd0                __exidx_start = .

.ARM.exidx
 *(.ARM.exidx* .gnu.linkonce.armexidx.*)
                0x0000000008004cd0                __exidx_end = .
                0x0000000008004cd0                . = ALIGN (0x4)
                0x0000000008004cd0                _etext = .
                0x0000000008004cd0                __etext = .

.data_CCMRAM    0x0000000010000000        0x0 load address 0x0000000008004cd0
 FILL mask 0xff
 *(.data.CCMRAM .data.CCMRAM.*)
                0x0000000010000000                . = ALIGN (0x4)
                0x0000000008004cd0                _sidata = LOADADDR (.data)

.data           0x0000000020000000       0xc0 load address 0x0000000008004cd0
 FILL mask 0xff
                0x0000000020000000                _sdata = .
                0x0000000020000000                __data_start__ = .
 *(.data_begin .data_begin.*)
 .data_begin    0x0000000020000000        0x4 ./system/src/newlib/_startup.o
 *(.data .data.*)
 .data.argv.4048
                0x0000000020000004        0x8 ./system/src/newlib/_syscalls.o
 .data.AHBPrescTable
                0x000000002000000c       0x10 ./system/src/cmsis/system_stm32f4xx.o
                0x000000002000000c                AHBPrescTable
 .data.SystemCoreClock
                0x000000002000001c        0x4 ./system/src/cmsis/system_stm32f4xx.o
                0x000000002000001c                SystemCoreClock
 .data.note     0x0000000020000020        0x8 ./src/p24.o
                0x0000000020000020                note
 .data.ANCA_PORT
                0x0000000020000028       0x30 ./src/p24.o
                0x0000000020000028                ANCA_PORT
 .data.impure_data
                0x0000000020000058       0x60 /usr/lib/gcc/arm-none-eabi/4.8/../../../arm-none-eabi/lib/armv7e-m/libg_nano.a(lib_a-impure.o)
 .data._impure_ptr
                0x00000000200000b8        0x4 /usr/lib/gcc/arm-none-eabi/4.8/../../../arm-none-eabi/lib/armv7e-m/libg_nano.a(lib_a-impure.o)
                0x00000000200000b8                _impure_ptr
 *(.data_end .data_end.*)
 .data_end      0x00000000200000bc        0x4 ./system/src/newlib/_startup.o
                0x00000000200000c0                . = ALIGN (0x4)
                0x00000000200000c0                _edata = .
                0x00000000200000c0                __data_end__ = .

.igot.plt       0x00000000200000c0        0x0 load address 0x0000000008004d90
 .igot.plt      0x00000000200000c0        0x0 ./system/src/stm32f4-hal/stm32f4xx_hal.o

.bss_CCMRAM     0x0000000010000000        0x0
 *(.bss.CCMRAM .bss.CCMRAM.*)

.bss            0x00000000200000c0      0x3a0
                0x00000000200000c0                __bss_start__ = .
                0x00000000200000c0                _sbss = .
 *(.bss_begin .bss_begin.*)
 .bss_begin     0x00000000200000c0        0x4 ./system/src/newlib/_startup.o
 *(.bss .bss.*)
 .bss.uwTick    0x00000000200000c4        0x4 ./system/src/stm32f4-hal/stm32f4xx_hal.o
 .bss.current_heap_end.3842
                0x00000000200000c8        0x4 ./system/src/newlib/_sbrk.o
 .bss.name.4047
                0x00000000200000cc        0x4 ./system/src/newlib/_syscalls.o
 .bss.buf.4938  0x00000000200000d0       0x80 ./system/src/diag/Trace.o
 .bss           0x0000000020000150       0x40 ./src/STM32F4_P24v04.o
 .bss.tail      0x0000000020000190        0x1 ./src/fifo.o
                0x0000000020000190                tail
 *fill*         0x0000000020000191        0x3 
 .bss.vdisplay  0x0000000020000194       0x2c ./src/p24.o
                0x0000000020000194                vdisplay
 .bss.__malloc_sbrk_start
                0x00000000200001c0        0x4 /usr/lib/gcc/arm-none-eabi/4.8/../../../arm-none-eabi/lib/armv7e-m/libg_nano.a(lib_a-nano-mallocr.o)
                0x00000000200001c0                __malloc_sbrk_start
 .bss.__malloc_free_list
                0x00000000200001c4        0x4 /usr/lib/gcc/arm-none-eabi/4.8/../../../arm-none-eabi/lib/armv7e-m/libg_nano.a(lib_a-nano-mallocr.o)
                0x00000000200001c4                __malloc_free_list
 *(COMMON)
 COMMON         0x00000000200001c8        0x4 ./system/src/newlib/_syscalls.o
                0x00000000200001c8                errno
 COMMON         0x00000000200001cc        0x4 ./src/STM32F4_P24v04.o
                0x00000000200001cc                outarray
 COMMON         0x00000000200001d0      0x28c ./src/fifo.o
                0x00000000200001d0                PINGBUF
                0x00000000200002d0                PONGBUF
                0x00000000200003d0                fifo
                0x0000000020000420                TIM_Handle
 *(.bss_end .bss_end.*)
 .bss_end       0x000000002000045c        0x4 ./system/src/newlib/_startup.o
                0x0000000020000460                . = ALIGN (0x4)
                0x0000000020000460                __bss_end__ = .
                0x0000000020000460                _ebss = .

.noinit_CCMRAM
 *(.noinit.CCMRAM .noinit.CCMRAM.*)

.noinit         0x0000000020000460        0x0
                0x0000000020000460                _noinit = .
 *(.noinit .noinit.*)
                0x0000000020000460                . = ALIGN (0x4)
                0x0000000020000460                _end_noinit = .
                0x0000000020000460                PROVIDE (end, _end_noinit)
                0x0000000020000460                PROVIDE (_end, _end_noinit)
                0x0000000020000460                PROVIDE (__end, _end_noinit)
                0x0000000020000460                PROVIDE (__end__, _end_noinit)

._check_stack   0x0000000020000460      0x100
                0x0000000020000560                . = (. + _Minimum_Stack_Size)
 *fill*         0x0000000020000460      0x100 

.b1text
 *(.b1text)
 *(.b1rodata)
 *(.b1rodata.*)

.eb0text
 *(.eb0text)
 *(.eb0rodata)
 *(.eb0rodata.*)

.eb1text
 *(.eb1text)
 *(.eb1rodata)
 *(.eb1rodata.*)

.eb2text
 *(.eb2text)
 *(.eb2rodata)
 *(.eb2rodata.*)

.eb3text
 *(.eb3text)
 *(.eb3rodata)
 *(.eb3rodata.*)

.stab
 *(.stab)

.stabstr
 *(.stabstr)

.stab.excl
 *(.stab.excl)

.stab.exclstr
 *(.stab.exclstr)

.stab.index
 *(.stab.index)

.stab.indexstr
 *(.stab.indexstr)

.comment        0x0000000000000000       0x58
 *(.comment)
 .comment       0x0000000000000000       0x2d ./system/src/stm32f4-hal/stm32f4xx_hal.o
                                         0x2e (size before relaxing)
 .comment       0x000000000000002d       0x2e ./system/src/stm32f4-hal/stm32f4xx_hal_cortex.o
 .comment       0x000000000000002d       0x2e ./system/src/stm32f4-hal/stm32f4xx_hal_dac.o
 .comment       0x000000000000002d       0x2e ./system/src/stm32f4-hal/stm32f4xx_hal_dac_ex.o
 .comment       0x000000000000002d       0x2e ./system/src/stm32f4-hal/stm32f4xx_hal_dma.o
 .comment       0x000000000000002d       0x2e ./system/src/stm32f4-hal/stm32f4xx_hal_gpio.o
 .comment       0x000000000000002d       0x2e ./system/src/stm32f4-hal/stm32f4xx_hal_rcc.o
 .comment       0x000000000000002d       0x2e ./system/src/stm32f4-hal/stm32f4xx_hal_tim.o
 .comment       0x000000000000002d       0x2e ./system/src/stm32f4-hal/stm32f4xx_hal_tim_ex.o
 .comment       0x000000000000002d       0x2e ./system/src/newlib/_exit.o
 .comment       0x000000000000002d       0x2e ./system/src/newlib/_sbrk.o
 .comment       0x000000000000002d       0x2e ./system/src/newlib/_startup.o
 .comment       0x000000000000002d       0x2e ./system/src/newlib/_syscalls.o
 .comment       0x000000000000002d       0x2e ./system/src/newlib/assert.o
 .comment       0x000000000000002d       0x2e ./system/src/diag/Trace.o
 .comment       0x000000000000002d       0x2e ./system/src/diag/trace_impl.o
 .comment       0x000000000000002d       0x2e ./system/src/cortexm/_initialize_hardware.o
 .comment       0x000000000000002d       0x2e ./system/src/cortexm/exception_handlers.o
 .comment       0x000000000000002d       0x2e ./system/src/cmsis/system_stm32f4xx.o
 .comment       0x000000000000002d       0x2e ./system/src/cmsis/vectors_stm32f4xx.o
 .comment       0x000000000000002d       0x2e ./src/_initialize_hardware.o
 .comment       0x000000000000002d       0x2e ./src/fifo.o
 .comment       0x000000000000002d       0x2e ./src/init.o
 .comment       0x000000000000002d       0x2e ./src/interrupts.o
 .comment       0x000000000000002d       0x2e ./src/main.o
 .comment       0x000000000000002d       0x2e ./src/p24.o
 .comment       0x000000000000002d       0x2b /usr/lib/gcc/arm-none-eabi/4.8/../../../arm-none-eabi/lib/armv7e-m/libg_nano.a(lib_a-errno.o)
                                         0x2c (size before relaxing)
 .comment       0x0000000000000058       0x2c /usr/lib/gcc/arm-none-eabi/4.8/../../../arm-none-eabi/lib/armv7e-m/libg_nano.a(lib_a-impure.o)
 .comment       0x0000000000000058       0x2c /usr/lib/gcc/arm-none-eabi/4.8/../../../arm-none-eabi/lib/armv7e-m/libg_nano.a(lib_a-strlen.o)
 .comment       0x0000000000000058       0x2c /usr/lib/gcc/arm-none-eabi/4.8/../../../arm-none-eabi/lib/armv7e-m/libg_nano.a(lib_a-vsnprintf.o)
 .comment       0x0000000000000058       0x2c /usr/lib/gcc/arm-none-eabi/4.8/../../../arm-none-eabi/lib/armv7e-m/libg_nano.a(lib_a-nano-svfprintf.o)
 .comment       0x0000000000000058       0x2c /usr/lib/gcc/arm-none-eabi/4.8/../../../arm-none-eabi/lib/armv7e-m/libg_nano.a(lib_a-nano-vfprintf_i.o)
 .comment       0x0000000000000058       0x2c /usr/lib/gcc/arm-none-eabi/4.8/../../../arm-none-eabi/lib/armv7e-m/libg_nano.a(lib_a-memchr-stub.o)
 .comment       0x0000000000000058       0x2c /usr/lib/gcc/arm-none-eabi/4.8/../../../arm-none-eabi/lib/armv7e-m/libg_nano.a(lib_a-memcpy-stub.o)
 .comment       0x0000000000000058       0x2c /usr/lib/gcc/arm-none-eabi/4.8/../../../arm-none-eabi/lib/armv7e-m/libg_nano.a(lib_a-memmove.o)
 .comment       0x0000000000000058       0x2c /usr/lib/gcc/arm-none-eabi/4.8/../../../arm-none-eabi/lib/armv7e-m/libg_nano.a(lib_a-nano-freer.o)
 .comment       0x0000000000000058       0x2c /usr/lib/gcc/arm-none-eabi/4.8/../../../arm-none-eabi/lib/armv7e-m/libg_nano.a(lib_a-nano-mallocr.o)
 .comment       0x0000000000000058       0x2c /usr/lib/gcc/arm-none-eabi/4.8/../../../arm-none-eabi/lib/armv7e-m/libg_nano.a(lib_a-nano-reallocr.o)
 .comment       0x0000000000000058       0x2c /usr/lib/gcc/arm-none-eabi/4.8/../../../arm-none-eabi/lib/armv7e-m/libg_nano.a(lib_a-sbrkr.o)
 .comment       0x0000000000000058       0x2c /usr/lib/gcc/arm-none-eabi/4.8/../../../arm-none-eabi/lib/armv7e-m/libg_nano.a(lib_a-nano-msizer.o)

.ARM.attributes
                0x0000000000000000       0x31
 .ARM.attributes
                0x0000000000000000       0x33 ./system/src/stm32f4-hal/stm32f4xx_hal.o
 .ARM.attributes
                0x0000000000000033       0x33 ./system/src/stm32f4-hal/stm32f4xx_hal_cortex.o
 .ARM.attributes
                0x0000000000000066       0x33 ./system/src/stm32f4-hal/stm32f4xx_hal_dac.o
 .ARM.attributes
                0x0000000000000099       0x33 ./system/src/stm32f4-hal/stm32f4xx_hal_dac_ex.o
 .ARM.attributes
                0x00000000000000cc       0x33 ./system/src/stm32f4-hal/stm32f4xx_hal_dma.o
 .ARM.attributes
                0x00000000000000ff       0x33 ./system/src/stm32f4-hal/stm32f4xx_hal_gpio.o
 .ARM.attributes
                0x0000000000000132       0x33 ./system/src/stm32f4-hal/stm32f4xx_hal_rcc.o
 .ARM.attributes
                0x0000000000000165       0x33 ./system/src/stm32f4-hal/stm32f4xx_hal_tim.o
 .ARM.attributes
                0x0000000000000198       0x33 ./system/src/stm32f4-hal/stm32f4xx_hal_tim_ex.o
 .ARM.attributes
                0x00000000000001cb       0x33 ./system/src/newlib/_exit.o
 .ARM.attributes
                0x00000000000001fe       0x33 ./system/src/newlib/_sbrk.o
 .ARM.attributes
                0x0000000000000231       0x33 ./system/src/newlib/_startup.o
 .ARM.attributes
                0x0000000000000264       0x33 ./system/src/newlib/_syscalls.o
 .ARM.attributes
                0x0000000000000297       0x33 ./system/src/newlib/assert.o
 .ARM.attributes
                0x00000000000002ca       0x33 ./system/src/diag/Trace.o
 .ARM.attributes
                0x00000000000002fd       0x33 ./system/src/diag/trace_impl.o
 .ARM.attributes
                0x0000000000000330       0x33 ./system/src/cortexm/_initialize_hardware.o
 .ARM.attributes
                0x0000000000000363       0x33 ./system/src/cortexm/exception_handlers.o
 .ARM.attributes
                0x0000000000000396       0x33 ./system/src/cmsis/system_stm32f4xx.o
 .ARM.attributes
                0x00000000000003c9       0x33 ./system/src/cmsis/vectors_stm32f4xx.o
 .ARM.attributes
                0x00000000000003fc       0x21 ./src/STM32F4_P24v04.o
 .ARM.attributes
                0x000000000000041d       0x33 ./src/_initialize_hardware.o
 .ARM.attributes
                0x0000000000000450       0x33 ./src/fifo.o
 .ARM.attributes
                0x0000000000000483       0x33 ./src/init.o
 .ARM.attributes
                0x00000000000004b6       0x33 ./src/interrupts.o
 .ARM.attributes
                0x00000000000004e9       0x33 ./src/main.o
 .ARM.attributes
                0x000000000000051c       0x33 ./src/p24.o
 .ARM.attributes
                0x000000000000054f       0x2e /usr/lib/gcc/arm-none-eabi/4.8/../../../arm-none-eabi/lib/armv7e-m/libg_nano.a(lib_a-errno.o)
 .ARM.attributes
                0x000000000000057d       0x2e /usr/lib/gcc/arm-none-eabi/4.8/../../../arm-none-eabi/lib/armv7e-m/libg_nano.a(lib_a-impure.o)
 .ARM.attributes
                0x00000000000005ab       0x2e /usr/lib/gcc/arm-none-eabi/4.8/../../../arm-none-eabi/lib/armv7e-m/libg_nano.a(lib_a-strlen.o)
 .ARM.attributes
                0x00000000000005d9       0x2e /usr/lib/gcc/arm-none-eabi/4.8/../../../arm-none-eabi/lib/armv7e-m/libg_nano.a(lib_a-vsnprintf.o)
 .ARM.attributes
                0x0000000000000607       0x2e /usr/lib/gcc/arm-none-eabi/4.8/../../../arm-none-eabi/lib/armv7e-m/libg_nano.a(lib_a-nano-svfprintf.o)
 .ARM.attributes
                0x0000000000000635       0x2e /usr/lib/gcc/arm-none-eabi/4.8/../../../arm-none-eabi/lib/armv7e-m/libg_nano.a(lib_a-nano-vfprintf_i.o)
 .ARM.attributes
                0x0000000000000663       0x2e /usr/lib/gcc/arm-none-eabi/4.8/../../../arm-none-eabi/lib/armv7e-m/libg_nano.a(lib_a-memchr-stub.o)
 .ARM.attributes
                0x0000000000000691       0x2e /usr/lib/gcc/arm-none-eabi/4.8/../../../arm-none-eabi/lib/armv7e-m/libg_nano.a(lib_a-memcpy-stub.o)
 .ARM.attributes
                0x00000000000006bf       0x2e /usr/lib/gcc/arm-none-eabi/4.8/../../../arm-none-eabi/lib/armv7e-m/libg_nano.a(lib_a-memmove.o)
 .ARM.attributes
                0x00000000000006ed       0x2e /usr/lib/gcc/arm-none-eabi/4.8/../../../arm-none-eabi/lib/armv7e-m/libg_nano.a(lib_a-nano-freer.o)
 .ARM.attributes
                0x000000000000071b       0x2e /usr/lib/gcc/arm-none-eabi/4.8/../../../arm-none-eabi/lib/armv7e-m/libg_nano.a(lib_a-nano-mallocr.o)
 .ARM.attributes
                0x0000000000000749       0x2e /usr/lib/gcc/arm-none-eabi/4.8/../../../arm-none-eabi/lib/armv7e-m/libg_nano.a(lib_a-nano-reallocr.o)
 .ARM.attributes
                0x0000000000000777       0x2e /usr/lib/gcc/arm-none-eabi/4.8/../../../arm-none-eabi/lib/armv7e-m/libg_nano.a(lib_a-sbrkr.o)
 .ARM.attributes
                0x00000000000007a5       0x2e /usr/lib/gcc/arm-none-eabi/4.8/../../../arm-none-eabi/lib/armv7e-m/libg_nano.a(lib_a-nano-msizer.o)

.debug
 *(.debug)

.line
 *(.line)

.debug_srcinfo
 *(.debug_srcinfo)

.debug_sfnames
 *(.debug_sfnames)

.debug_aranges  0x0000000000000000      0xde0
 *(.debug_aranges)
 .debug_aranges
                0x0000000000000000       0xc0 ./system/src/stm32f4-hal/stm32f4xx_hal.o
 .debug_aranges
                0x00000000000000c0       0x90 ./system/src/stm32f4-hal/stm32f4xx_hal_cortex.o
 .debug_aranges
                0x0000000000000150       0xc0 ./system/src/stm32f4-hal/stm32f4xx_hal_dac.o
 .debug_aranges
                0x0000000000000210       0x70 ./system/src/stm32f4-hal/stm32f4xx_hal_dac_ex.o
 .debug_aranges
                0x0000000000000280       0x68 ./system/src/stm32f4-hal/stm32f4xx_hal_dma.o
 .debug_aranges
                0x00000000000002e8       0x58 ./system/src/stm32f4-hal/stm32f4xx_hal_gpio.o
 .debug_aranges
                0x0000000000000340       0x88 ./system/src/stm32f4-hal/stm32f4xx_hal_rcc.o
 .debug_aranges
                0x00000000000003c8      0x368 ./system/src/stm32f4-hal/stm32f4xx_hal_tim.o
 .debug_aranges
                0x0000000000000730      0x140 ./system/src/stm32f4-hal/stm32f4xx_hal_tim_ex.o
 .debug_aranges
                0x0000000000000870       0x28 ./system/src/newlib/_exit.o
 .debug_aranges
                0x0000000000000898       0x20 ./system/src/newlib/_sbrk.o
 .debug_aranges
                0x00000000000008b8       0x40 ./system/src/newlib/_startup.o
 .debug_aranges
                0x00000000000008f8       0x30 ./system/src/newlib/_syscalls.o
 .debug_aranges
                0x0000000000000928       0x28 ./system/src/newlib/assert.o
 .debug_aranges
                0x0000000000000950       0x38 ./system/src/diag/Trace.o
 .debug_aranges
                0x0000000000000988       0x30 ./system/src/diag/trace_impl.o
 .debug_aranges
                0x00000000000009b8       0x28 ./system/src/cortexm/_initialize_hardware.o
 .debug_aranges
                0x00000000000009e0       0x90 ./system/src/cortexm/exception_handlers.o
 .debug_aranges
                0x0000000000000a70       0x28 ./system/src/cmsis/system_stm32f4xx.o
 .debug_aranges
                0x0000000000000a98       0x20 ./system/src/cmsis/vectors_stm32f4xx.o
 .debug_aranges
                0x0000000000000ab8       0x20 ./src/STM32F4_P24v04.o
 .debug_aranges
                0x0000000000000ad8       0x28 ./src/_initialize_hardware.o
 .debug_aranges
                0x0000000000000b00       0x38 ./src/fifo.o
 .debug_aranges
                0x0000000000000b38       0x50 ./src/init.o
 .debug_aranges
                0x0000000000000b88       0x30 ./src/interrupts.o
 .debug_aranges
                0x0000000000000bb8       0x20 ./src/main.o
 .debug_aranges
                0x0000000000000bd8       0x30 ./src/p24.o
 .debug_aranges
                0x0000000000000c08       0x20 /usr/lib/gcc/arm-none-eabi/4.8/../../../arm-none-eabi/lib/armv7e-m/libg_nano.a(lib_a-errno.o)
 .debug_aranges
                0x0000000000000c28       0x18 /usr/lib/gcc/arm-none-eabi/4.8/../../../arm-none-eabi/lib/armv7e-m/libg_nano.a(lib_a-impure.o)
 .debug_aranges
                0x0000000000000c40       0x20 /usr/lib/gcc/arm-none-eabi/4.8/../../../arm-none-eabi/lib/armv7e-m/libg_nano.a(lib_a-strlen.o)
 .debug_aranges
                0x0000000000000c60       0x28 /usr/lib/gcc/arm-none-eabi/4.8/../../../arm-none-eabi/lib/armv7e-m/libg_nano.a(lib_a-vsnprintf.o)
 .debug_aranges
                0x0000000000000c88       0x30 /usr/lib/gcc/arm-none-eabi/4.8/../../../arm-none-eabi/lib/armv7e-m/libg_nano.a(lib_a-nano-svfprintf.o)
 .debug_aranges
                0x0000000000000cb8       0x28 /usr/lib/gcc/arm-none-eabi/4.8/../../../arm-none-eabi/lib/armv7e-m/libg_nano.a(lib_a-nano-vfprintf_i.o)
 .debug_aranges
                0x0000000000000ce0       0x20 /usr/lib/gcc/arm-none-eabi/4.8/../../../arm-none-eabi/lib/armv7e-m/libg_nano.a(lib_a-memchr-stub.o)
 .debug_aranges
                0x0000000000000d00       0x20 /usr/lib/gcc/arm-none-eabi/4.8/../../../arm-none-eabi/lib/armv7e-m/libg_nano.a(lib_a-memcpy-stub.o)
 .debug_aranges
                0x0000000000000d20       0x20 /usr/lib/gcc/arm-none-eabi/4.8/../../../arm-none-eabi/lib/armv7e-m/libg_nano.a(lib_a-memmove.o)
 .debug_aranges
                0x0000000000000d40       0x20 /usr/lib/gcc/arm-none-eabi/4.8/../../../arm-none-eabi/lib/armv7e-m/libg_nano.a(lib_a-nano-freer.o)
 .debug_aranges
                0x0000000000000d60       0x20 /usr/lib/gcc/arm-none-eabi/4.8/../../../arm-none-eabi/lib/armv7e-m/libg_nano.a(lib_a-nano-mallocr.o)
 .debug_aranges
                0x0000000000000d80       0x20 /usr/lib/gcc/arm-none-eabi/4.8/../../../arm-none-eabi/lib/armv7e-m/libg_nano.a(lib_a-nano-reallocr.o)
 .debug_aranges
                0x0000000000000da0       0x20 /usr/lib/gcc/arm-none-eabi/4.8/../../../arm-none-eabi/lib/armv7e-m/libg_nano.a(lib_a-sbrkr.o)
 .debug_aranges
                0x0000000000000dc0       0x20 /usr/lib/gcc/arm-none-eabi/4.8/../../../arm-none-eabi/lib/armv7e-m/libg_nano.a(lib_a-nano-msizer.o)

.debug_pubnames
 *(.debug_pubnames)

.debug_info     0x0000000000000000    0x15bbc
 *(.debug_info .gnu.linkonce.wi.*)
 .debug_info    0x0000000000000000      0x9a5 ./system/src/stm32f4-hal/stm32f4xx_hal.o
 .debug_info    0x00000000000009a5      0xe31 ./system/src/stm32f4-hal/stm32f4xx_hal_cortex.o
 .debug_info    0x00000000000017d6      0xc20 ./system/src/stm32f4-hal/stm32f4xx_hal_dac.o
 .debug_info    0x00000000000023f6      0x7f9 ./system/src/stm32f4-hal/stm32f4xx_hal_dac_ex.o
 .debug_info    0x0000000000002bef      0x8fe ./system/src/stm32f4-hal/stm32f4xx_hal_dma.o
 .debug_info    0x00000000000034ed      0x859 ./system/src/stm32f4-hal/stm32f4xx_hal_gpio.o
 .debug_info    0x0000000000003d46     0x131e ./system/src/stm32f4-hal/stm32f4xx_hal_rcc.o
 .debug_info    0x0000000000005064     0x4308 ./system/src/stm32f4-hal/stm32f4xx_hal_tim.o
 .debug_info    0x000000000000936c     0x18de ./system/src/stm32f4-hal/stm32f4xx_hal_tim_ex.o
 .debug_info    0x000000000000ac4a      0x100 ./system/src/newlib/_exit.o
 .debug_info    0x000000000000ad4a      0x125 ./system/src/newlib/_sbrk.o
 .debug_info    0x000000000000ae6f      0x50f ./system/src/newlib/_startup.o
 .debug_info    0x000000000000b37e      0x1a9 ./system/src/newlib/_syscalls.o
 .debug_info    0x000000000000b527      0x1b7 ./system/src/newlib/assert.o
 .debug_info    0x000000000000b6de      0x32b ./system/src/diag/Trace.o
 .debug_info    0x000000000000ba09      0x304 ./system/src/diag/trace_impl.o
 .debug_info    0x000000000000bd0d       0xed ./system/src/cortexm/_initialize_hardware.o
 .debug_info    0x000000000000bdfa      0x8e7 ./system/src/cortexm/exception_handlers.o
 .debug_info    0x000000000000c6e1      0x494 ./system/src/cmsis/system_stm32f4xx.o
 .debug_info    0x000000000000cb75       0xd4 ./system/src/cmsis/vectors_stm32f4xx.o
 .debug_info    0x000000000000cc49       0x78 ./src/STM32F4_P24v04.o
 .debug_info    0x000000000000ccc1      0x56b ./src/_initialize_hardware.o
 .debug_info    0x000000000000d22c      0x72b ./src/fifo.o
 .debug_info    0x000000000000d957     0x11d4 ./src/init.o
 .debug_info    0x000000000000eb2b      0x663 ./src/interrupts.o
 .debug_info    0x000000000000f18e      0x126 ./src/main.o
 .debug_info    0x000000000000f2b4      0xb6e ./src/p24.o
 .debug_info    0x000000000000fe22      0x735 /usr/lib/gcc/arm-none-eabi/4.8/../../../arm-none-eabi/lib/armv7e-m/libg_nano.a(lib_a-errno.o)
 .debug_info    0x0000000000010557      0x7d3 /usr/lib/gcc/arm-none-eabi/4.8/../../../arm-none-eabi/lib/armv7e-m/libg_nano.a(lib_a-impure.o)
 .debug_info    0x0000000000010d2a       0xcd /usr/lib/gcc/arm-none-eabi/4.8/../../../arm-none-eabi/lib/armv7e-m/libg_nano.a(lib_a-strlen.o)
 .debug_info    0x0000000000010df7      0x897 /usr/lib/gcc/arm-none-eabi/4.8/../../../arm-none-eabi/lib/armv7e-m/libg_nano.a(lib_a-vsnprintf.o)
 .debug_info    0x000000000001168e      0xde3 /usr/lib/gcc/arm-none-eabi/4.8/../../../arm-none-eabi/lib/armv7e-m/libg_nano.a(lib_a-nano-svfprintf.o)
 .debug_info    0x0000000000012471      0xb2c /usr/lib/gcc/arm-none-eabi/4.8/../../../arm-none-eabi/lib/armv7e-m/libg_nano.a(lib_a-nano-vfprintf_i.o)
 .debug_info    0x0000000000012f9d       0xf8 /usr/lib/gcc/arm-none-eabi/4.8/../../../arm-none-eabi/lib/armv7e-m/libg_nano.a(lib_a-memchr-stub.o)
 .debug_info    0x0000000000013095      0x102 /usr/lib/gcc/arm-none-eabi/4.8/../../../arm-none-eabi/lib/armv7e-m/libg_nano.a(lib_a-memcpy-stub.o)
 .debug_info    0x0000000000013197      0x102 /usr/lib/gcc/arm-none-eabi/4.8/../../../arm-none-eabi/lib/armv7e-m/libg_nano.a(lib_a-memmove.o)
 .debug_info    0x0000000000013299      0x81a /usr/lib/gcc/arm-none-eabi/4.8/../../../arm-none-eabi/lib/armv7e-m/libg_nano.a(lib_a-nano-freer.o)
 .debug_info    0x0000000000013ab3      0x8fb /usr/lib/gcc/arm-none-eabi/4.8/../../../arm-none-eabi/lib/armv7e-m/libg_nano.a(lib_a-nano-mallocr.o)
 .debug_info    0x00000000000143ae      0x8b5 /usr/lib/gcc/arm-none-eabi/4.8/../../../arm-none-eabi/lib/armv7e-m/libg_nano.a(lib_a-nano-reallocr.o)
 .debug_info    0x0000000000014c63      0x7a0 /usr/lib/gcc/arm-none-eabi/4.8/../../../arm-none-eabi/lib/armv7e-m/libg_nano.a(lib_a-sbrkr.o)
 .debug_info    0x0000000000015403      0x7b9 /usr/lib/gcc/arm-none-eabi/4.8/../../../arm-none-eabi/lib/armv7e-m/libg_nano.a(lib_a-nano-msizer.o)

.debug_abbrev   0x0000000000000000     0x3fd1
 *(.debug_abbrev)
 .debug_abbrev  0x0000000000000000      0x275 ./system/src/stm32f4-hal/stm32f4xx_hal.o
 .debug_abbrev  0x0000000000000275      0x2c5 ./system/src/stm32f4-hal/stm32f4xx_hal_cortex.o
 .debug_abbrev  0x000000000000053a      0x217 ./system/src/stm32f4-hal/stm32f4xx_hal_dac.o
 .debug_abbrev  0x0000000000000751      0x1ca ./system/src/stm32f4-hal/stm32f4xx_hal_dac_ex.o
 .debug_abbrev  0x000000000000091b      0x221 ./system/src/stm32f4-hal/stm32f4xx_hal_dma.o
 .debug_abbrev  0x0000000000000b3c      0x209 ./system/src/stm32f4-hal/stm32f4xx_hal_gpio.o
 .debug_abbrev  0x0000000000000d45      0x2cc ./system/src/stm32f4-hal/stm32f4xx_hal_rcc.o
 .debug_abbrev  0x0000000000001011      0x252 ./system/src/stm32f4-hal/stm32f4xx_hal_tim.o
 .debug_abbrev  0x0000000000001263      0x22c ./system/src/stm32f4-hal/stm32f4xx_hal_tim_ex.o
 .debug_abbrev  0x000000000000148f       0xa4 ./system/src/newlib/_exit.o
 .debug_abbrev  0x0000000000001533       0xbb ./system/src/newlib/_sbrk.o
 .debug_abbrev  0x00000000000015ee      0x211 ./system/src/newlib/_startup.o
 .debug_abbrev  0x00000000000017ff       0xe7 ./system/src/newlib/_syscalls.o
 .debug_abbrev  0x00000000000018e6       0xc9 ./system/src/newlib/assert.o
 .debug_abbrev  0x00000000000019af      0x178 ./system/src/diag/Trace.o
 .debug_abbrev  0x0000000000001b27      0x1bd ./system/src/diag/trace_impl.o
 .debug_abbrev  0x0000000000001ce4       0x88 ./system/src/cortexm/_initialize_hardware.o
 .debug_abbrev  0x0000000000001d6c      0x23e ./system/src/cortexm/exception_handlers.o
 .debug_abbrev  0x0000000000001faa      0x104 ./system/src/cmsis/system_stm32f4xx.o
 .debug_abbrev  0x00000000000020ae       0x9d ./system/src/cmsis/vectors_stm32f4xx.o
 .debug_abbrev  0x000000000000214b       0x14 ./src/STM32F4_P24v04.o
 .debug_abbrev  0x000000000000215f      0x1ed ./src/_initialize_hardware.o
 .debug_abbrev  0x000000000000234c      0x203 ./src/fifo.o
 .debug_abbrev  0x000000000000254f      0x223 ./src/init.o
 .debug_abbrev  0x0000000000002772      0x1a8 ./src/interrupts.o
 .debug_abbrev  0x000000000000291a       0xcb ./src/main.o
 .debug_abbrev  0x00000000000029e5      0x223 ./src/p24.o
 .debug_abbrev  0x0000000000002c08      0x134 /usr/lib/gcc/arm-none-eabi/4.8/../../../arm-none-eabi/lib/armv7e-m/libg_nano.a(lib_a-errno.o)
 .debug_abbrev  0x0000000000002d3c      0x136 /usr/lib/gcc/arm-none-eabi/4.8/../../../arm-none-eabi/lib/armv7e-m/libg_nano.a(lib_a-impure.o)
 .debug_abbrev  0x0000000000002e72       0x8c /usr/lib/gcc/arm-none-eabi/4.8/../../../arm-none-eabi/lib/armv7e-m/libg_nano.a(lib_a-strlen.o)
 .debug_abbrev  0x0000000000002efe      0x1ba /usr/lib/gcc/arm-none-eabi/4.8/../../../arm-none-eabi/lib/armv7e-m/libg_nano.a(lib_a-vsnprintf.o)
 .debug_abbrev  0x00000000000030b8      0x278 /usr/lib/gcc/arm-none-eabi/4.8/../../../arm-none-eabi/lib/armv7e-m/libg_nano.a(lib_a-nano-svfprintf.o)
 .debug_abbrev  0x0000000000003330      0x1e2 /usr/lib/gcc/arm-none-eabi/4.8/../../../arm-none-eabi/lib/armv7e-m/libg_nano.a(lib_a-nano-vfprintf_i.o)
 .debug_abbrev  0x0000000000003512       0xab /usr/lib/gcc/arm-none-eabi/4.8/../../../arm-none-eabi/lib/armv7e-m/libg_nano.a(lib_a-memchr-stub.o)
 .debug_abbrev  0x00000000000035bd       0xa4 /usr/lib/gcc/arm-none-eabi/4.8/../../../arm-none-eabi/lib/armv7e-m/libg_nano.a(lib_a-memcpy-stub.o)
 .debug_abbrev  0x0000000000003661       0x9c /usr/lib/gcc/arm-none-eabi/4.8/../../../arm-none-eabi/lib/armv7e-m/libg_nano.a(lib_a-memmove.o)
 .debug_abbrev  0x00000000000036fd      0x1b6 /usr/lib/gcc/arm-none-eabi/4.8/../../../arm-none-eabi/lib/armv7e-m/libg_nano.a(lib_a-nano-freer.o)
 .debug_abbrev  0x00000000000038b3      0x250 /usr/lib/gcc/arm-none-eabi/4.8/../../../arm-none-eabi/lib/armv7e-m/libg_nano.a(lib_a-nano-mallocr.o)
 .debug_abbrev  0x0000000000003b03      0x1cb /usr/lib/gcc/arm-none-eabi/4.8/../../../arm-none-eabi/lib/armv7e-m/libg_nano.a(lib_a-nano-reallocr.o)
 .debug_abbrev  0x0000000000003cce      0x1a2 /usr/lib/gcc/arm-none-eabi/4.8/../../../arm-none-eabi/lib/armv7e-m/libg_nano.a(lib_a-sbrkr.o)
 .debug_abbrev  0x0000000000003e70      0x161 /usr/lib/gcc/arm-none-eabi/4.8/../../../arm-none-eabi/lib/armv7e-m/libg_nano.a(lib_a-nano-msizer.o)

.debug_line     0x0000000000000000     0xfc32
 *(.debug_line)
 .debug_line    0x0000000000000000      0x9a3 ./system/src/stm32f4-hal/stm32f4xx_hal.o
 .debug_line    0x00000000000009a3      0x9ef ./system/src/stm32f4-hal/stm32f4xx_hal_cortex.o
 .debug_line    0x0000000000001392      0xad1 ./system/src/stm32f4-hal/stm32f4xx_hal_dac.o
 .debug_line    0x0000000000001e63      0x95b ./system/src/stm32f4-hal/stm32f4xx_hal_dac_ex.o
 .debug_line    0x00000000000027be     0x13ce ./system/src/stm32f4-hal/stm32f4xx_hal_dma.o
 .debug_line    0x0000000000003b8c      0x9fd ./system/src/stm32f4-hal/stm32f4xx_hal_gpio.o
 .debug_line    0x0000000000004589      0xced ./system/src/stm32f4-hal/stm32f4xx_hal_rcc.o
 .debug_line    0x0000000000005276     0x21c8 ./system/src/stm32f4-hal/stm32f4xx_hal_tim.o
 .debug_line    0x000000000000743e      0xf7d ./system/src/stm32f4-hal/stm32f4xx_hal_tim_ex.o
 .debug_line    0x00000000000083bb      0x1d6 ./system/src/newlib/_exit.o
 .debug_line    0x0000000000008591      0x17d ./system/src/newlib/_sbrk.o
 .debug_line    0x000000000000870e      0x24d ./system/src/newlib/_startup.o
 .debug_line    0x000000000000895b      0x23a ./system/src/newlib/_syscalls.o
 .debug_line    0x0000000000008b95      0x211 ./system/src/newlib/assert.o
 .debug_line    0x0000000000008da6      0x22d ./system/src/diag/Trace.o
 .debug_line    0x0000000000008fd3      0x8d9 ./system/src/diag/trace_impl.o
 .debug_line    0x00000000000098ac      0x83d ./system/src/cortexm/_initialize_hardware.o
 .debug_line    0x000000000000a0e9      0x968 ./system/src/cortexm/exception_handlers.o
 .debug_line    0x000000000000aa51      0x83e ./system/src/cmsis/system_stm32f4xx.o
 .debug_line    0x000000000000b28f       0xcd ./system/src/cmsis/vectors_stm32f4xx.o
 .debug_line    0x000000000000b35c      0x1db ./src/STM32F4_P24v04.o
 .debug_line    0x000000000000b537      0x838 ./src/_initialize_hardware.o
 .debug_line    0x000000000000bd6f      0x8a4 ./src/fifo.o
 .debug_line    0x000000000000c613      0x8c2 ./src/init.o
 .debug_line    0x000000000000ced5      0x830 ./src/interrupts.o
 .debug_line    0x000000000000d705      0x859 ./src/main.o
 .debug_line    0x000000000000df5e      0x84c ./src/p24.o
 .debug_line    0x000000000000e7aa      0x10f /usr/lib/gcc/arm-none-eabi/4.8/../../../arm-none-eabi/lib/armv7e-m/libg_nano.a(lib_a-errno.o)
 .debug_line    0x000000000000e8b9       0xf5 /usr/lib/gcc/arm-none-eabi/4.8/../../../arm-none-eabi/lib/armv7e-m/libg_nano.a(lib_a-impure.o)
 .debug_line    0x000000000000e9ae       0xf9 /usr/lib/gcc/arm-none-eabi/4.8/../../../arm-none-eabi/lib/armv7e-m/libg_nano.a(lib_a-strlen.o)
 .debug_line    0x000000000000eaa7      0x1ad /usr/lib/gcc/arm-none-eabi/4.8/../../../arm-none-eabi/lib/armv7e-m/libg_nano.a(lib_a-vsnprintf.o)
 .debug_line    0x000000000000ec54      0x2d9 /usr/lib/gcc/arm-none-eabi/4.8/../../../arm-none-eabi/lib/armv7e-m/libg_nano.a(lib_a-nano-svfprintf.o)
 .debug_line    0x000000000000ef2d      0x2e6 /usr/lib/gcc/arm-none-eabi/4.8/../../../arm-none-eabi/lib/armv7e-m/libg_nano.a(lib_a-nano-vfprintf_i.o)
 .debug_line    0x000000000000f213      0x10d /usr/lib/gcc/arm-none-eabi/4.8/../../../arm-none-eabi/lib/armv7e-m/libg_nano.a(lib_a-memchr-stub.o)
 .debug_line    0x000000000000f320      0x10d /usr/lib/gcc/arm-none-eabi/4.8/../../../arm-none-eabi/lib/armv7e-m/libg_nano.a(lib_a-memcpy-stub.o)
 .debug_line    0x000000000000f42d      0x10d /usr/lib/gcc/arm-none-eabi/4.8/../../../arm-none-eabi/lib/armv7e-m/libg_nano.a(lib_a-memmove.o)
 .debug_line    0x000000000000f53a      0x14d /usr/lib/gcc/arm-none-eabi/4.8/../../../arm-none-eabi/lib/armv7e-m/libg_nano.a(lib_a-nano-freer.o)
 .debug_line    0x000000000000f687      0x1a5 /usr/lib/gcc/arm-none-eabi/4.8/../../../arm-none-eabi/lib/armv7e-m/libg_nano.a(lib_a-nano-mallocr.o)
 .debug_line    0x000000000000f82c      0x188 /usr/lib/gcc/arm-none-eabi/4.8/../../../arm-none-eabi/lib/armv7e-m/libg_nano.a(lib_a-nano-reallocr.o)
 .debug_line    0x000000000000f9b4      0x16c /usr/lib/gcc/arm-none-eabi/4.8/../../../arm-none-eabi/lib/armv7e-m/libg_nano.a(lib_a-sbrkr.o)
 .debug_line    0x000000000000fb20      0x112 /usr/lib/gcc/arm-none-eabi/4.8/../../../arm-none-eabi/lib/armv7e-m/libg_nano.a(lib_a-nano-msizer.o)

.debug_frame    0x0000000000000000     0x201c
 *(.debug_frame)
 .debug_frame   0x0000000000000000      0x184 ./system/src/stm32f4-hal/stm32f4xx_hal.o
 .debug_frame   0x0000000000000184      0x164 ./system/src/stm32f4-hal/stm32f4xx_hal_cortex.o
 .debug_frame   0x00000000000002e8      0x1f0 ./system/src/stm32f4-hal/stm32f4xx_hal_dac.o
 .debug_frame   0x00000000000004d8      0x100 ./system/src/stm32f4-hal/stm32f4xx_hal_dac_ex.o
 .debug_frame   0x00000000000005d8      0x108 ./system/src/stm32f4-hal/stm32f4xx_hal_dma.o
 .debug_frame   0x00000000000006e0       0xf0 ./system/src/stm32f4-hal/stm32f4xx_hal_gpio.o
 .debug_frame   0x00000000000007d0      0x138 ./system/src/stm32f4-hal/stm32f4xx_hal_rcc.o
 .debug_frame   0x0000000000000908      0xa20 ./system/src/stm32f4-hal/stm32f4xx_hal_tim.o
 .debug_frame   0x0000000000001328      0x3d4 ./system/src/stm32f4-hal/stm32f4xx_hal_tim_ex.o
 .debug_frame   0x00000000000016fc       0x38 ./system/src/newlib/_exit.o
 .debug_frame   0x0000000000001734       0x28 ./system/src/newlib/_sbrk.o
 .debug_frame   0x000000000000175c       0x7c ./system/src/newlib/_startup.o
 .debug_frame   0x00000000000017d8       0x50 ./system/src/newlib/_syscalls.o
 .debug_frame   0x0000000000001828       0x40 ./system/src/newlib/assert.o
 .debug_frame   0x0000000000001868       0x80 ./system/src/diag/Trace.o
 .debug_frame   0x00000000000018e8       0x5c ./system/src/diag/trace_impl.o
 .debug_frame   0x0000000000001944       0x40 ./system/src/cortexm/_initialize_hardware.o
 .debug_frame   0x0000000000001984      0x154 ./system/src/cortexm/exception_handlers.o
 .debug_frame   0x0000000000001ad8       0x30 ./system/src/cmsis/system_stm32f4xx.o
 .debug_frame   0x0000000000001b08       0x20 ./system/src/cmsis/vectors_stm32f4xx.o
 .debug_frame   0x0000000000001b28       0x44 ./src/_initialize_hardware.o
 .debug_frame   0x0000000000001b6c       0x68 ./src/fifo.o
 .debug_frame   0x0000000000001bd4       0xbc ./src/init.o
 .debug_frame   0x0000000000001c90       0x48 ./src/interrupts.o
 .debug_frame   0x0000000000001cd8       0x28 ./src/main.o
 .debug_frame   0x0000000000001d00       0x58 ./src/p24.o
 .debug_frame   0x0000000000001d58       0x20 /usr/lib/gcc/arm-none-eabi/4.8/../../../arm-none-eabi/lib/armv7e-m/libg_nano.a(lib_a-errno.o)
 .debug_frame   0x0000000000001d78       0x20 /usr/lib/gcc/arm-none-eabi/4.8/../../../arm-none-eabi/lib/armv7e-m/libg_nano.a(lib_a-strlen.o)
 .debug_frame   0x0000000000001d98       0x4c /usr/lib/gcc/arm-none-eabi/4.8/../../../arm-none-eabi/lib/armv7e-m/libg_nano.a(lib_a-vsnprintf.o)
 .debug_frame   0x0000000000001de4       0x88 /usr/lib/gcc/arm-none-eabi/4.8/../../../arm-none-eabi/lib/armv7e-m/libg_nano.a(lib_a-nano-svfprintf.o)
 .debug_frame   0x0000000000001e6c       0x60 /usr/lib/gcc/arm-none-eabi/4.8/../../../arm-none-eabi/lib/armv7e-m/libg_nano.a(lib_a-nano-vfprintf_i.o)
 .debug_frame   0x0000000000001ecc       0x28 /usr/lib/gcc/arm-none-eabi/4.8/../../../arm-none-eabi/lib/armv7e-m/libg_nano.a(lib_a-memchr-stub.o)
 .debug_frame   0x0000000000001ef4       0x28 /usr/lib/gcc/arm-none-eabi/4.8/../../../arm-none-eabi/lib/armv7e-m/libg_nano.a(lib_a-memcpy-stub.o)
 .debug_frame   0x0000000000001f1c       0x2c /usr/lib/gcc/arm-none-eabi/4.8/../../../arm-none-eabi/lib/armv7e-m/libg_nano.a(lib_a-memmove.o)
 .debug_frame   0x0000000000001f48       0x2c /usr/lib/gcc/arm-none-eabi/4.8/../../../arm-none-eabi/lib/armv7e-m/libg_nano.a(lib_a-nano-freer.o)
 .debug_frame   0x0000000000001f74       0x2c /usr/lib/gcc/arm-none-eabi/4.8/../../../arm-none-eabi/lib/armv7e-m/libg_nano.a(lib_a-nano-mallocr.o)
 .debug_frame   0x0000000000001fa0       0x30 /usr/lib/gcc/arm-none-eabi/4.8/../../../arm-none-eabi/lib/armv7e-m/libg_nano.a(lib_a-nano-reallocr.o)
 .debug_frame   0x0000000000001fd0       0x2c /usr/lib/gcc/arm-none-eabi/4.8/../../../arm-none-eabi/lib/armv7e-m/libg_nano.a(lib_a-sbrkr.o)
 .debug_frame   0x0000000000001ffc       0x20 /usr/lib/gcc/arm-none-eabi/4.8/../../../arm-none-eabi/lib/armv7e-m/libg_nano.a(lib_a-nano-msizer.o)

.debug_str      0x0000000000000000    0x9ee46
 *(.debug_str)
 .debug_str     0x0000000000000000    0x98941 ./system/src/stm32f4-hal/stm32f4xx_hal.o
                                      0x98cf5 (size before relaxing)
 .debug_str     0x0000000000098941      0x2a3 ./system/src/stm32f4-hal/stm32f4xx_hal_cortex.o
                                      0x98a3d (size before relaxing)
 .debug_str     0x0000000000098be4      0x5d0 ./system/src/stm32f4-hal/stm32f4xx_hal_dac.o
                                      0x98772 (size before relaxing)
 .debug_str     0x00000000000991b4      0x139 ./system/src/stm32f4-hal/stm32f4xx_hal_dac_ex.o
                                      0x98662 (size before relaxing)
 .debug_str     0x00000000000992ed      0x164 ./system/src/stm32f4-hal/stm32f4xx_hal_dma.o
                                      0x9858a (size before relaxing)
 .debug_str     0x0000000000099451      0x2d2 ./system/src/stm32f4-hal/stm32f4xx_hal_gpio.o
                                      0x98557 (size before relaxing)
 .debug_str     0x0000000000099723      0x393 ./system/src/stm32f4-hal/stm32f4xx_hal_rcc.o
                                      0x98702 (size before relaxing)
 .debug_str     0x0000000000099ab6      0xe66 ./system/src/stm32f4-hal/stm32f4xx_hal_tim.o
                                      0x9934a (size before relaxing)
 .debug_str     0x000000000009a91c      0x4e2 ./system/src/stm32f4-hal/stm32f4xx_hal_tim_ex.o
                                      0x98c02 (size before relaxing)
 .debug_str     0x000000000009adfe      0xeeb ./system/src/newlib/_exit.o
                                       0x5d45 (size before relaxing)
 .debug_str     0x000000000009bce9      0x4de ./system/src/newlib/_sbrk.o
                                       0x44a4 (size before relaxing)
 .debug_str     0x000000000009c1c7      0x2c6 ./system/src/newlib/_startup.o
                                       0x40e0 (size before relaxing)
 .debug_str     0x000000000009c48d      0xb8e ./system/src/newlib/_syscalls.o
                                       0x5ed8 (size before relaxing)
 .debug_str     0x000000000009d01b       0xd0 ./system/src/newlib/assert.o
                                       0x684a (size before relaxing)
 .debug_str     0x000000000009d0eb      0x1d4 ./system/src/diag/Trace.o
                                       0x65d5 (size before relaxing)
 .debug_str     0x000000000009d2bf      0x372 ./system/src/diag/trace_impl.o
                                      0x99262 (size before relaxing)
 .debug_str     0x000000000009d631       0x4e ./system/src/cortexm/_initialize_hardware.o
                                      0x9818f (size before relaxing)
 .debug_str     0x000000000009d67f      0x19d ./system/src/cortexm/exception_handlers.o
                                      0x9942c (size before relaxing)
 .debug_str     0x000000000009d81c       0x46 ./system/src/cmsis/system_stm32f4xx.o
                                      0x982ed (size before relaxing)
 .debug_str     0x000000000009d862       0x57 ./system/src/cmsis/vectors_stm32f4xx.o
                                       0x2f9e (size before relaxing)
 .debug_str     0x000000000009d8b9       0x3f ./src/_initialize_hardware.o
                                      0x98439 (size before relaxing)
 .debug_str     0x000000000009d8f8       0x8e ./src/fifo.o
                                      0x985f7 (size before relaxing)
 .debug_str     0x000000000009d986      0x12d ./src/init.o
                                      0x98fb4 (size before relaxing)
 .debug_str     0x000000000009dab3       0x6c ./src/interrupts.o
                                      0x985f7 (size before relaxing)
 .debug_str     0x000000000009db1f        0xe ./src/main.o
                                      0x98fd7 (size before relaxing)
 .debug_str     0x000000000009db2d      0x749 ./src/p24.o
                                      0x98e7e (size before relaxing)
 .debug_str     0x000000000009e276      0x422 /usr/lib/gcc/arm-none-eabi/4.8/../../../arm-none-eabi/lib/armv7e-m/libg_nano.a(lib_a-errno.o)
                                        0x51b (size before relaxing)
 .debug_str     0x000000000009e698       0xe8 /usr/lib/gcc/arm-none-eabi/4.8/../../../arm-none-eabi/lib/armv7e-m/libg_nano.a(lib_a-impure.o)
                                        0x572 (size before relaxing)
 .debug_str     0x000000000009e780       0xb4 /usr/lib/gcc/arm-none-eabi/4.8/../../../arm-none-eabi/lib/armv7e-m/libg_nano.a(lib_a-strlen.o)
                                        0x1df (size before relaxing)
 .debug_str     0x000000000009e834       0xba /usr/lib/gcc/arm-none-eabi/4.8/../../../arm-none-eabi/lib/armv7e-m/libg_nano.a(lib_a-vsnprintf.o)
                                        0x572 (size before relaxing)
 .debug_str     0x000000000009e8ee      0x1dc /usr/lib/gcc/arm-none-eabi/4.8/../../../arm-none-eabi/lib/armv7e-m/libg_nano.a(lib_a-nano-svfprintf.o)
                                        0x69f (size before relaxing)
 .debug_str     0x000000000009eaca       0x94 /usr/lib/gcc/arm-none-eabi/4.8/../../../arm-none-eabi/lib/armv7e-m/libg_nano.a(lib_a-nano-vfprintf_i.o)
                                        0x644 (size before relaxing)
 .debug_str     0x000000000009eb5e       0x4b /usr/lib/gcc/arm-none-eabi/4.8/../../../arm-none-eabi/lib/armv7e-m/libg_nano.a(lib_a-memchr-stub.o)
                                        0x1ec (size before relaxing)
 .debug_str     0x000000000009eba9       0x4f /usr/lib/gcc/arm-none-eabi/4.8/../../../arm-none-eabi/lib/armv7e-m/libg_nano.a(lib_a-memcpy-stub.o)
                                        0x1f0 (size before relaxing)
 .debug_str     0x000000000009ebf8       0xa9 /usr/lib/gcc/arm-none-eabi/4.8/../../../arm-none-eabi/lib/armv7e-m/libg_nano.a(lib_a-memmove.o)
                                        0x1e5 (size before relaxing)
 .debug_str     0x000000000009eca1      0x101 /usr/lib/gcc/arm-none-eabi/4.8/../../../arm-none-eabi/lib/armv7e-m/libg_nano.a(lib_a-nano-freer.o)
                                        0x58b (size before relaxing)
 .debug_str     0x000000000009eda2       0x46 /usr/lib/gcc/arm-none-eabi/4.8/../../../arm-none-eabi/lib/armv7e-m/libg_nano.a(lib_a-nano-mallocr.o)
                                        0x5c0 (size before relaxing)
 .debug_str     0x000000000009ede8       0x23 /usr/lib/gcc/arm-none-eabi/4.8/../../../arm-none-eabi/lib/armv7e-m/libg_nano.a(lib_a-nano-reallocr.o)
                                        0x593 (size before relaxing)
 .debug_str     0x000000000009ee0b       0x2c /usr/lib/gcc/arm-none-eabi/4.8/../../../arm-none-eabi/lib/armv7e-m/libg_nano.a(lib_a-sbrkr.o)
                                        0x52a (size before relaxing)
 .debug_str     0x000000000009ee37        0xf /usr/lib/gcc/arm-none-eabi/4.8/../../../arm-none-eabi/lib/armv7e-m/libg_nano.a(lib_a-nano-msizer.o)
                                        0x571 (size before relaxing)

.debug_loc      0x0000000000000000     0x7744
 *(.debug_loc)
 .debug_loc     0x0000000000000000       0xb6 ./system/src/stm32f4-hal/stm32f4xx_hal.o
 .debug_loc     0x00000000000000b6      0x63b ./system/src/stm32f4-hal/stm32f4xx_hal_cortex.o
 .debug_loc     0x00000000000006f1      0x720 ./system/src/stm32f4-hal/stm32f4xx_hal_dac.o
 .debug_loc     0x0000000000000e11      0x376 ./system/src/stm32f4-hal/stm32f4xx_hal_dac_ex.o
 .debug_loc     0x0000000000001187      0x4a2 ./system/src/stm32f4-hal/stm32f4xx_hal_dma.o
 .debug_loc     0x0000000000001629      0x481 ./system/src/stm32f4-hal/stm32f4xx_hal_gpio.o
 .debug_loc     0x0000000000001aaa      0x7f4 ./system/src/stm32f4-hal/stm32f4xx_hal_rcc.o
 .debug_loc     0x000000000000229e     0x2774 ./system/src/stm32f4-hal/stm32f4xx_hal_tim.o
 .debug_loc     0x0000000000004a12      0xc73 ./system/src/stm32f4-hal/stm32f4xx_hal_tim_ex.o
 .debug_loc     0x0000000000005685       0x6b ./system/src/newlib/_sbrk.o
 .debug_loc     0x00000000000056f0      0x36e ./system/src/newlib/_startup.o
 .debug_loc     0x0000000000005a5e       0x63 ./system/src/newlib/_syscalls.o
 .debug_loc     0x0000000000005ac1      0x102 ./system/src/newlib/assert.o
 .debug_loc     0x0000000000005bc3       0xf7 ./system/src/diag/Trace.o
 .debug_loc     0x0000000000005cba      0x17c ./system/src/diag/trace_impl.o
 .debug_loc     0x0000000000005e36      0x2a8 ./system/src/cortexm/exception_handlers.o
 .debug_loc     0x00000000000060de      0x125 ./system/src/cmsis/system_stm32f4xx.o
 .debug_loc     0x0000000000006203       0x82 ./src/fifo.o
 .debug_loc     0x0000000000006285       0x42 ./src/main.o
 .debug_loc     0x00000000000062c7       0x21 ./src/p24.o
 .debug_loc     0x00000000000062e8       0x21 /usr/lib/gcc/arm-none-eabi/4.8/../../../arm-none-eabi/lib/armv7e-m/libg_nano.a(lib_a-strlen.o)
 .debug_loc     0x0000000000006309      0x16e /usr/lib/gcc/arm-none-eabi/4.8/../../../arm-none-eabi/lib/armv7e-m/libg_nano.a(lib_a-vsnprintf.o)
 .debug_loc     0x0000000000006477      0x533 /usr/lib/gcc/arm-none-eabi/4.8/../../../arm-none-eabi/lib/armv7e-m/libg_nano.a(lib_a-nano-svfprintf.o)
 .debug_loc     0x00000000000069aa      0x538 /usr/lib/gcc/arm-none-eabi/4.8/../../../arm-none-eabi/lib/armv7e-m/libg_nano.a(lib_a-nano-vfprintf_i.o)
 .debug_loc     0x0000000000006ee2       0xaa /usr/lib/gcc/arm-none-eabi/4.8/../../../arm-none-eabi/lib/armv7e-m/libg_nano.a(lib_a-memchr-stub.o)
 .debug_loc     0x0000000000006f8c       0xaf /usr/lib/gcc/arm-none-eabi/4.8/../../../arm-none-eabi/lib/armv7e-m/libg_nano.a(lib_a-memcpy-stub.o)
 .debug_loc     0x000000000000703b      0x12f /usr/lib/gcc/arm-none-eabi/4.8/../../../arm-none-eabi/lib/armv7e-m/libg_nano.a(lib_a-memmove.o)
 .debug_loc     0x000000000000716a      0x172 /usr/lib/gcc/arm-none-eabi/4.8/../../../arm-none-eabi/lib/armv7e-m/libg_nano.a(lib_a-nano-freer.o)
 .debug_loc     0x00000000000072dc      0x26a /usr/lib/gcc/arm-none-eabi/4.8/../../../arm-none-eabi/lib/armv7e-m/libg_nano.a(lib_a-nano-mallocr.o)
 .debug_loc     0x0000000000007546      0x11b /usr/lib/gcc/arm-none-eabi/4.8/../../../arm-none-eabi/lib/armv7e-m/libg_nano.a(lib_a-nano-reallocr.o)
 .debug_loc     0x0000000000007661       0x4d /usr/lib/gcc/arm-none-eabi/4.8/../../../arm-none-eabi/lib/armv7e-m/libg_nano.a(lib_a-sbrkr.o)
 .debug_loc     0x00000000000076ae       0x96 /usr/lib/gcc/arm-none-eabi/4.8/../../../arm-none-eabi/lib/armv7e-m/libg_nano.a(lib_a-nano-msizer.o)

.debug_macinfo
 *(.debug_macinfo)

.debug_weaknames
 *(.debug_weaknames)

.debug_funcnames
 *(.debug_funcnames)

.debug_typenames
 *(.debug_typenames)

.debug_varnames
 *(.debug_varnames)
OUTPUT(microsynth_eclipse.elf elf32-littlearm)

.debug_ranges   0x0000000000000000      0xbc8
 .debug_ranges  0x0000000000000000       0xb0 ./system/src/stm32f4-hal/stm32f4xx_hal.o
 .debug_ranges  0x00000000000000b0       0x80 ./system/src/stm32f4-hal/stm32f4xx_hal_cortex.o
 .debug_ranges  0x0000000000000130       0xb0 ./system/src/stm32f4-hal/stm32f4xx_hal_dac.o
 .debug_ranges  0x00000000000001e0       0x60 ./system/src/stm32f4-hal/stm32f4xx_hal_dac_ex.o
 .debug_ranges  0x0000000000000240       0x58 ./system/src/stm32f4-hal/stm32f4xx_hal_dma.o
 .debug_ranges  0x0000000000000298       0x48 ./system/src/stm32f4-hal/stm32f4xx_hal_gpio.o
 .debug_ranges  0x00000000000002e0       0x78 ./system/src/stm32f4-hal/stm32f4xx_hal_rcc.o
 .debug_ranges  0x0000000000000358      0x358 ./system/src/stm32f4-hal/stm32f4xx_hal_tim.o
 .debug_ranges  0x00000000000006b0      0x130 ./system/src/stm32f4-hal/stm32f4xx_hal_tim_ex.o
 .debug_ranges  0x00000000000007e0       0x18 ./system/src/newlib/_exit.o
 .debug_ranges  0x00000000000007f8       0x10 ./system/src/newlib/_sbrk.o
 .debug_ranges  0x0000000000000808       0x30 ./system/src/newlib/_startup.o
 .debug_ranges  0x0000000000000838       0x20 ./system/src/newlib/_syscalls.o
 .debug_ranges  0x0000000000000858       0x18 ./system/src/newlib/assert.o
 .debug_ranges  0x0000000000000870       0x28 ./system/src/diag/Trace.o
 .debug_ranges  0x0000000000000898       0x38 ./system/src/diag/trace_impl.o
 .debug_ranges  0x00000000000008d0       0x18 ./system/src/cortexm/_initialize_hardware.o
 .debug_ranges  0x00000000000008e8       0x98 ./system/src/cortexm/exception_handlers.o
 .debug_ranges  0x0000000000000980       0x18 ./system/src/cmsis/system_stm32f4xx.o
 .debug_ranges  0x0000000000000998       0x10 ./system/src/cmsis/vectors_stm32f4xx.o
 .debug_ranges  0x00000000000009a8       0x18 ./src/_initialize_hardware.o
 .debug_ranges  0x00000000000009c0       0x28 ./src/fifo.o
 .debug_ranges  0x00000000000009e8       0x40 ./src/init.o
 .debug_ranges  0x0000000000000a28       0x20 ./src/interrupts.o
 .debug_ranges  0x0000000000000a48       0x10 ./src/main.o
 .debug_ranges  0x0000000000000a58       0x20 ./src/p24.o
 .debug_ranges  0x0000000000000a78       0x10 /usr/lib/gcc/arm-none-eabi/4.8/../../../arm-none-eabi/lib/armv7e-m/libg_nano.a(lib_a-errno.o)
 .debug_ranges  0x0000000000000a88       0x10 /usr/lib/gcc/arm-none-eabi/4.8/../../../arm-none-eabi/lib/armv7e-m/libg_nano.a(lib_a-strlen.o)
 .debug_ranges  0x0000000000000a98       0x18 /usr/lib/gcc/arm-none-eabi/4.8/../../../arm-none-eabi/lib/armv7e-m/libg_nano.a(lib_a-vsnprintf.o)
 .debug_ranges  0x0000000000000ab0       0x50 /usr/lib/gcc/arm-none-eabi/4.8/../../../arm-none-eabi/lib/armv7e-m/libg_nano.a(lib_a-nano-svfprintf.o)
 .debug_ranges  0x0000000000000b00       0x18 /usr/lib/gcc/arm-none-eabi/4.8/../../../arm-none-eabi/lib/armv7e-m/libg_nano.a(lib_a-nano-vfprintf_i.o)
 .debug_ranges  0x0000000000000b18       0x10 /usr/lib/gcc/arm-none-eabi/4.8/../../../arm-none-eabi/lib/armv7e-m/libg_nano.a(lib_a-memchr-stub.o)
 .debug_ranges  0x0000000000000b28       0x10 /usr/lib/gcc/arm-none-eabi/4.8/../../../arm-none-eabi/lib/armv7e-m/libg_nano.a(lib_a-memcpy-stub.o)
 .debug_ranges  0x0000000000000b38       0x10 /usr/lib/gcc/arm-none-eabi/4.8/../../../arm-none-eabi/lib/armv7e-m/libg_nano.a(lib_a-memmove.o)
 .debug_ranges  0x0000000000000b48       0x28 /usr/lib/gcc/arm-none-eabi/4.8/../../../arm-none-eabi/lib/armv7e-m/libg_nano.a(lib_a-nano-freer.o)
 .debug_ranges  0x0000000000000b70       0x28 /usr/lib/gcc/arm-none-eabi/4.8/../../../arm-none-eabi/lib/armv7e-m/libg_nano.a(lib_a-nano-mallocr.o)
 .debug_ranges  0x0000000000000b98       0x10 /usr/lib/gcc/arm-none-eabi/4.8/../../../arm-none-eabi/lib/armv7e-m/libg_nano.a(lib_a-nano-reallocr.o)
 .debug_ranges  0x0000000000000ba8       0x10 /usr/lib/gcc/arm-none-eabi/4.8/../../../arm-none-eabi/lib/armv7e-m/libg_nano.a(lib_a-sbrkr.o)
 .debug_ranges  0x0000000000000bb8       0x10 /usr/lib/gcc/arm-none-eabi/4.8/../../../arm-none-eabi/lib/armv7e-m/libg_nano.a(lib_a-nano-msizer.o)

.debug_macro    0x0000000000000000    0x1b810
 .debug_macro   0x0000000000000000      0x465 ./system/src/stm32f4-hal/stm32f4xx_hal.o
 .debug_macro   0x0000000000000465      0x87a ./system/src/stm32f4-hal/stm32f4xx_hal.o
 .debug_macro   0x0000000000000cdf      0x250 ./system/src/stm32f4-hal/stm32f4xx_hal.o
 .debug_macro   0x0000000000000f2f       0x2e ./system/src/stm32f4-hal/stm32f4xx_hal.o
 .debug_macro   0x0000000000000f5d       0x28 ./system/src/stm32f4-hal/stm32f4xx_hal.o
 .debug_macro   0x0000000000000f85       0x3b ./system/src/stm32f4-hal/stm32f4xx_hal.o
 .debug_macro   0x0000000000000fc0      0x34e ./system/src/stm32f4-hal/stm32f4xx_hal.o
 .debug_macro   0x000000000000130e       0x2d ./system/src/stm32f4-hal/stm32f4xx_hal.o
 .debug_macro   0x000000000000133b       0x26 ./system/src/stm32f4-hal/stm32f4xx_hal.o
 .debug_macro   0x0000000000001361      0xd39 ./system/src/stm32f4-hal/stm32f4xx_hal.o
 .debug_macro   0x000000000000209a     0x9255 ./system/src/stm32f4-hal/stm32f4xx_hal.o
 .debug_macro   0x000000000000b2ef       0x43 ./system/src/stm32f4-hal/stm32f4xx_hal.o
 .debug_macro   0x000000000000b332     0x296e ./system/src/stm32f4-hal/stm32f4xx_hal.o
 .debug_macro   0x000000000000dca0       0x58 ./system/src/stm32f4-hal/stm32f4xx_hal.o
 .debug_macro   0x000000000000dcf8       0x16 ./system/src/stm32f4-hal/stm32f4xx_hal.o
 .debug_macro   0x000000000000dd0e       0x35 ./system/src/stm32f4-hal/stm32f4xx_hal.o
 .debug_macro   0x000000000000dd43       0xa3 ./system/src/stm32f4-hal/stm32f4xx_hal.o
 .debug_macro   0x000000000000dde6       0x16 ./system/src/stm32f4-hal/stm32f4xx_hal.o
 .debug_macro   0x000000000000ddfc       0x4a ./system/src/stm32f4-hal/stm32f4xx_hal.o
 .debug_macro   0x000000000000de46       0x97 ./system/src/stm32f4-hal/stm32f4xx_hal.o
 .debug_macro   0x000000000000dedd      0x280 ./system/src/stm32f4-hal/stm32f4xx_hal.o
 .debug_macro   0x000000000000e15d       0xf6 ./system/src/stm32f4-hal/stm32f4xx_hal.o
 .debug_macro   0x000000000000e253       0x10 ./system/src/stm32f4-hal/stm32f4xx_hal.o
 .debug_macro   0x000000000000e263       0x52 ./system/src/stm32f4-hal/stm32f4xx_hal.o
 .debug_macro   0x000000000000e2b5       0x16 ./system/src/stm32f4-hal/stm32f4xx_hal.o
 .debug_macro   0x000000000000e2cb       0x43 ./system/src/stm32f4-hal/stm32f4xx_hal.o
 .debug_macro   0x000000000000e30e      0x180 ./system/src/stm32f4-hal/stm32f4xx_hal.o
 .debug_macro   0x000000000000e48e       0x10 ./system/src/stm32f4-hal/stm32f4xx_hal.o
 .debug_macro   0x000000000000e49e       0x22 ./system/src/stm32f4-hal/stm32f4xx_hal.o
 .debug_macro   0x000000000000e4c0       0xbd ./system/src/stm32f4-hal/stm32f4xx_hal.o
 .debug_macro   0x000000000000e57d       0x16 ./system/src/stm32f4-hal/stm32f4xx_hal.o
 .debug_macro   0x000000000000e593      0x16d ./system/src/stm32f4-hal/stm32f4xx_hal.o
 .debug_macro   0x000000000000e700       0x57 ./system/src/stm32f4-hal/stm32f4xx_hal.o
 .debug_macro   0x000000000000e757      0x432 ./system/src/stm32f4-hal/stm32f4xx_hal.o
 .debug_macro   0x000000000000eb89      0xbb0 ./system/src/stm32f4-hal/stm32f4xx_hal.o
 .debug_macro   0x000000000000f739      0x11e ./system/src/stm32f4-hal/stm32f4xx_hal.o
 .debug_macro   0x000000000000f857      0x13e ./system/src/stm32f4-hal/stm32f4xx_hal.o
 .debug_macro   0x000000000000f995       0x27 ./system/src/stm32f4-hal/stm32f4xx_hal.o
 .debug_macro   0x000000000000f9bc      0x272 ./system/src/stm32f4-hal/stm32f4xx_hal.o
 .debug_macro   0x000000000000fc2e       0x5f ./system/src/stm32f4-hal/stm32f4xx_hal.o
 .debug_macro   0x000000000000fc8d       0x5d ./system/src/stm32f4-hal/stm32f4xx_hal.o
 .debug_macro   0x000000000000fcea      0x31a ./system/src/stm32f4-hal/stm32f4xx_hal.o
 .debug_macro   0x0000000000010004      0x15b ./system/src/stm32f4-hal/stm32f4xx_hal.o
 .debug_macro   0x000000000001015f       0xd6 ./system/src/stm32f4-hal/stm32f4xx_hal.o
 .debug_macro   0x0000000000010235      0x360 ./system/src/stm32f4-hal/stm32f4xx_hal.o
 .debug_macro   0x0000000000010595       0x23 ./system/src/stm32f4-hal/stm32f4xx_hal.o
 .debug_macro   0x00000000000105b8       0xe6 ./system/src/stm32f4-hal/stm32f4xx_hal.o
 .debug_macro   0x000000000001069e       0xa1 ./system/src/stm32f4-hal/stm32f4xx_hal.o
 .debug_macro   0x000000000001073f       0x3c ./system/src/stm32f4-hal/stm32f4xx_hal.o
 .debug_macro   0x000000000001077b      0x1af ./system/src/stm32f4-hal/stm32f4xx_hal.o
 .debug_macro   0x000000000001092a      0xda8 ./system/src/stm32f4-hal/stm32f4xx_hal.o
 .debug_macro   0x00000000000116d2      0x133 ./system/src/stm32f4-hal/stm32f4xx_hal.o
 .debug_macro   0x0000000000011805      0x217 ./system/src/stm32f4-hal/stm32f4xx_hal.o
 .debug_macro   0x0000000000011a1c       0x2e ./system/src/stm32f4-hal/stm32f4xx_hal.o
 .debug_macro   0x0000000000011a4a      0x4ef ./system/src/stm32f4-hal/stm32f4xx_hal.o
 .debug_macro   0x0000000000011f39       0x88 ./system/src/stm32f4-hal/stm32f4xx_hal.o
 .debug_macro   0x0000000000011fc1       0xd5 ./system/src/stm32f4-hal/stm32f4xx_hal.o
 .debug_macro   0x0000000000012096      0x183 ./system/src/stm32f4-hal/stm32f4xx_hal.o
 .debug_macro   0x0000000000012219      0x17d ./system/src/stm32f4-hal/stm32f4xx_hal.o
 .debug_macro   0x0000000000012396       0x9e ./system/src/stm32f4-hal/stm32f4xx_hal.o
 .debug_macro   0x0000000000012434      0x1a7 ./system/src/stm32f4-hal/stm32f4xx_hal.o
 .debug_macro   0x00000000000125db       0x43 ./system/src/stm32f4-hal/stm32f4xx_hal.o
 .debug_macro   0x000000000001261e       0x97 ./system/src/stm32f4-hal/stm32f4xx_hal.o
 .debug_macro   0x00000000000126b5      0x12c ./system/src/stm32f4-hal/stm32f4xx_hal.o
 .debug_macro   0x00000000000127e1       0x71 ./system/src/stm32f4-hal/stm32f4xx_hal.o
 .debug_macro   0x0000000000012852       0x90 ./system/src/stm32f4-hal/stm32f4xx_hal.o
 .debug_macro   0x00000000000128e2       0x7c ./system/src/stm32f4-hal/stm32f4xx_hal.o
 .debug_macro   0x000000000001295e      0x31a ./system/src/stm32f4-hal/stm32f4xx_hal.o
 .debug_macro   0x0000000000012c78      0x409 ./system/src/stm32f4-hal/stm32f4xx_hal.o
 .debug_macro   0x0000000000013081       0xe4 ./system/src/stm32f4-hal/stm32f4xx_hal.o
 .debug_macro   0x0000000000013165      0x48d ./system/src/stm32f4-hal/stm32f4xx_hal.o
 .debug_macro   0x00000000000135f2      0x22b ./system/src/stm32f4-hal/stm32f4xx_hal.o
 .debug_macro   0x000000000001381d      0x202 ./system/src/stm32f4-hal/stm32f4xx_hal.o
 .debug_macro   0x0000000000013a1f      0x6d9 ./system/src/stm32f4-hal/stm32f4xx_hal.o
 .debug_macro   0x00000000000140f8       0x59 ./system/src/stm32f4-hal/stm32f4xx_hal.o
 .debug_macro   0x0000000000014151      0x14d ./system/src/stm32f4-hal/stm32f4xx_hal.o
 .debug_macro   0x000000000001429e      0x287 ./system/src/stm32f4-hal/stm32f4xx_hal.o
 .debug_macro   0x0000000000014525      0x225 ./system/src/stm32f4-hal/stm32f4xx_hal.o
 .debug_macro   0x000000000001474a      0x1b5 ./system/src/stm32f4-hal/stm32f4xx_hal.o
 .debug_macro   0x00000000000148ff      0x2db ./system/src/stm32f4-hal/stm32f4xx_hal.o
 .debug_macro   0x0000000000014bda       0x94 ./system/src/stm32f4-hal/stm32f4xx_hal.o
 .debug_macro   0x0000000000014c6e      0x1df ./system/src/stm32f4-hal/stm32f4xx_hal.o
 .debug_macro   0x0000000000014e4d      0x10b ./system/src/stm32f4-hal/stm32f4xx_hal.o
 .debug_macro   0x0000000000014f58       0x75 ./system/src/stm32f4-hal/stm32f4xx_hal.o
 .debug_macro   0x0000000000014fcd      0x126 ./system/src/stm32f4-hal/stm32f4xx_hal.o
 .debug_macro   0x00000000000150f3      0x417 ./system/src/stm32f4-hal/stm32f4xx_hal_cortex.o
 .debug_macro   0x000000000001550a      0x418 ./system/src/stm32f4-hal/stm32f4xx_hal_dac.o
 .debug_macro   0x0000000000015922      0x417 ./system/src/stm32f4-hal/stm32f4xx_hal_dac_ex.o
 .debug_macro   0x0000000000015d39      0x41e ./system/src/stm32f4-hal/stm32f4xx_hal_dma.o
 .debug_macro   0x0000000000016157      0x44f ./system/src/stm32f4-hal/stm32f4xx_hal_gpio.o
 .debug_macro   0x00000000000165a6      0x441 ./system/src/stm32f4-hal/stm32f4xx_hal_rcc.o
 .debug_macro   0x00000000000169e7      0x418 ./system/src/stm32f4-hal/stm32f4xx_hal_tim.o
 .debug_macro   0x0000000000016dff      0x417 ./system/src/stm32f4-hal/stm32f4xx_hal_tim_ex.o
 .debug_macro   0x0000000000017216      0x128 ./system/src/newlib/_exit.o
 .debug_macro   0x000000000001733e      0x10e ./system/src/newlib/_exit.o
 .debug_macro   0x000000000001744c       0x86 ./system/src/newlib/_exit.o
 .debug_macro   0x00000000000174d2       0x35 ./system/src/newlib/_exit.o
 .debug_macro   0x0000000000017507       0xd1 ./system/src/newlib/_sbrk.o
 .debug_macro   0x00000000000175d8       0x19 ./system/src/newlib/_sbrk.o
 .debug_macro   0x00000000000175f1      0x16d ./system/src/newlib/_sbrk.o
 .debug_macro   0x000000000001775e       0x10 ./system/src/newlib/_sbrk.o
 .debug_macro   0x000000000001776e      0x23b ./system/src/newlib/_sbrk.o
 .debug_macro   0x00000000000179a9       0xdb ./system/src/newlib/_startup.o
 .debug_macro   0x0000000000017a84      0x880 ./system/src/newlib/_startup.o
 .debug_macro   0x0000000000018304      0x158 ./system/src/newlib/_syscalls.o
 .debug_macro   0x000000000001845c       0x1c ./system/src/newlib/_syscalls.o
 .debug_macro   0x0000000000018478       0x10 ./system/src/newlib/_syscalls.o
 .debug_macro   0x0000000000018488       0x10 ./system/src/newlib/_syscalls.o
 .debug_macro   0x0000000000018498       0x10 ./system/src/newlib/_syscalls.o
 .debug_macro   0x00000000000184a8       0x35 ./system/src/newlib/_syscalls.o
 .debug_macro   0x00000000000184dd      0x121 ./system/src/newlib/_syscalls.o
 .debug_macro   0x00000000000185fe       0x22 ./system/src/newlib/_syscalls.o