Archive member included to satisfy reference by file (symbol)

/usr/lib/gcc/arm-none-eabi/4.8/../../../arm-none-eabi/lib/armv7e-m/libg_nano.a(lib_a-errno.o)
                              ./system/src/newlib/_sbrk.o (__errno)
/usr/lib/gcc/arm-none-eabi/4.8/../../../arm-none-eabi/lib/armv7e-m/libg_nano.a(lib_a-impure.o)
                              /usr/lib/gcc/arm-none-eabi/4.8/../../../arm-none-eabi/lib/armv7e-m/libg_nano.a(lib_a-errno.o) (_impure_ptr)

Allocating common symbols
Common symbol       size              file

errno               0x4               ./system/src/newlib/_syscalls.o
pFlash              0x20              ./system/src/stm32f4-hal/stm32f4xx_hal_flash.o
fifo                0x50              ./src/p24.o
outarray            0x4               ./src/STM32F4_P24v04.o

Discarded input sections

 .text          0x0000000000000000        0x0 ./system/src/stm32f4-hal/stm32f4xx_hal.o
 .data          0x0000000000000000        0x0 ./system/src/stm32f4-hal/stm32f4xx_hal.o
 .bss           0x0000000000000000        0x0 ./system/src/stm32f4-hal/stm32f4xx_hal.o
 .text.HAL_MspDeInit
                0x0000000000000000        0x2 ./system/src/stm32f4-hal/stm32f4xx_hal.o
 .text.HAL_DeInit
                0x0000000000000000       0x2c ./system/src/stm32f4-hal/stm32f4xx_hal.o
 .text.HAL_IncTick
                0x0000000000000000       0x10 ./system/src/stm32f4-hal/stm32f4xx_hal.o
 .text.HAL_Delay
                0x0000000000000000       0x1a ./system/src/stm32f4-hal/stm32f4xx_hal.o
 .text.HAL_SuspendTick
                0x0000000000000000       0x10 ./system/src/stm32f4-hal/stm32f4xx_hal.o
 .text.HAL_ResumeTick
                0x0000000000000000       0x10 ./system/src/stm32f4-hal/stm32f4xx_hal.o
 .text.HAL_GetHalVersion
                0x0000000000000000        0x8 ./system/src/stm32f4-hal/stm32f4xx_hal.o
 .text.HAL_GetREVID
                0x0000000000000000        0xc ./system/src/stm32f4-hal/stm32f4xx_hal.o
 .text.HAL_GetDEVID
                0x0000000000000000       0x10 ./system/src/stm32f4-hal/stm32f4xx_hal.o
 .text.HAL_DBGMCU_EnableDBGSleepMode
                0x0000000000000000       0x10 ./system/src/stm32f4-hal/stm32f4xx_hal.o
 .text.HAL_DBGMCU_DisableDBGSleepMode
                0x0000000000000000       0x10 ./system/src/stm32f4-hal/stm32f4xx_hal.o
 .text.HAL_DBGMCU_EnableDBGStopMode
                0x0000000000000000       0x10 ./system/src/stm32f4-hal/stm32f4xx_hal.o
 .text.HAL_DBGMCU_DisableDBGStopMode
                0x0000000000000000       0x10 ./system/src/stm32f4-hal/stm32f4xx_hal.o
 .text.HAL_DBGMCU_EnableDBGStandbyMode
                0x0000000000000000       0x10 ./system/src/stm32f4-hal/stm32f4xx_hal.o
 .text.HAL_DBGMCU_DisableDBGStandbyMode
                0x0000000000000000       0x10 ./system/src/stm32f4-hal/stm32f4xx_hal.o
 .text.HAL_EnableCompensationCell
                0x0000000000000000       0x18 ./system/src/stm32f4-hal/stm32f4xx_hal.o
 .text.HAL_DisableCompensationCell
                0x0000000000000000       0x1c ./system/src/stm32f4-hal/stm32f4xx_hal.o
 .text          0x0000000000000000        0x0 ./system/src/stm32f4-hal/stm32f4xx_hal_cec.o
 .data          0x0000000000000000        0x0 ./system/src/stm32f4-hal/stm32f4xx_hal_cec.o
 .bss           0x0000000000000000        0x0 ./system/src/stm32f4-hal/stm32f4xx_hal_cec.o
 .debug_info    0x0000000000000000       0x95 ./system/src/stm32f4-hal/stm32f4xx_hal_cec.o
 .debug_abbrev  0x0000000000000000       0x4b ./system/src/stm32f4-hal/stm32f4xx_hal_cec.o
 .debug_aranges
                0x0000000000000000       0x18 ./system/src/stm32f4-hal/stm32f4xx_hal_cec.o
 .debug_line    0x0000000000000000       0x7a ./system/src/stm32f4-hal/stm32f4xx_hal_cec.o
 .debug_str     0x0000000000000000      0x1c9 ./system/src/stm32f4-hal/stm32f4xx_hal_cec.o
 .comment       0x0000000000000000       0x2e ./system/src/stm32f4-hal/stm32f4xx_hal_cec.o
 .ARM.attributes
                0x0000000000000000       0x33 ./system/src/stm32f4-hal/stm32f4xx_hal_cec.o
 .text          0x0000000000000000        0x0 ./system/src/stm32f4-hal/stm32f4xx_hal_cortex.o
 .data          0x0000000000000000        0x0 ./system/src/stm32f4-hal/stm32f4xx_hal_cortex.o
 .bss           0x0000000000000000        0x0 ./system/src/stm32f4-hal/stm32f4xx_hal_cortex.o
 .text.HAL_NVIC_EnableIRQ
                0x0000000000000000       0x18 ./system/src/stm32f4-hal/stm32f4xx_hal_cortex.o
 .text.HAL_NVIC_DisableIRQ
                0x0000000000000000       0x1c ./system/src/stm32f4-hal/stm32f4xx_hal_cortex.o
 .text.HAL_NVIC_SystemReset
                0x0000000000000000       0x20 ./system/src/stm32f4-hal/stm32f4xx_hal_cortex.o
 .text.HAL_NVIC_GetPriorityGrouping
                0x0000000000000000       0x10 ./system/src/stm32f4-hal/stm32f4xx_hal_cortex.o
 .text.HAL_NVIC_GetPriority
                0x0000000000000000       0x58 ./system/src/stm32f4-hal/stm32f4xx_hal_cortex.o
 .text.HAL_NVIC_SetPendingIRQ
                0x0000000000000000       0x1c ./system/src/stm32f4-hal/stm32f4xx_hal_cortex.o
 .text.HAL_NVIC_GetPendingIRQ
                0x0000000000000000       0x24 ./system/src/stm32f4-hal/stm32f4xx_hal_cortex.o
 .text.HAL_NVIC_ClearPendingIRQ
                0x0000000000000000       0x1c ./system/src/stm32f4-hal/stm32f4xx_hal_cortex.o
 .text.HAL_NVIC_GetActive
                0x0000000000000000       0x24 ./system/src/stm32f4-hal/stm32f4xx_hal_cortex.o
 .text.HAL_SYSTICK_Callback
                0x0000000000000000        0x2 ./system/src/stm32f4-hal/stm32f4xx_hal_cortex.o
 .text.HAL_SYSTICK_IRQHandler
                0x0000000000000000        0x8 ./system/src/stm32f4-hal/stm32f4xx_hal_cortex.o
 .text          0x0000000000000000        0x0 ./system/src/stm32f4-hal/stm32f4xx_hal_flash.o
 .data          0x0000000000000000        0x0 ./system/src/stm32f4-hal/stm32f4xx_hal_flash.o
 .bss           0x0000000000000000        0x0 ./system/src/stm32f4-hal/stm32f4xx_hal_flash.o
 .text.FLASH_Program_Word
                0x0000000000000000       0x24 ./system/src/stm32f4-hal/stm32f4xx_hal_flash.o
 .text.FLASH_Program_HalfWord
                0x0000000000000000       0x24 ./system/src/stm32f4-hal/stm32f4xx_hal_flash.o
 .text.FLASH_SetErrorCode
                0x0000000000000000       0x7c ./system/src/stm32f4-hal/stm32f4xx_hal_flash.o
 .text.HAL_FLASH_Program_IT
                0x0000000000000000       0x90 ./system/src/stm32f4-hal/stm32f4xx_hal_flash.o
 .text.HAL_FLASH_EndOfOperationCallback
                0x0000000000000000        0x2 ./system/src/stm32f4-hal/stm32f4xx_hal_flash.o
 .text.HAL_FLASH_OperationErrorCallback
                0x0000000000000000        0x2 ./system/src/stm32f4-hal/stm32f4xx_hal_flash.o
 .text.HAL_FLASH_IRQHandler
                0x0000000000000000       0xe8 ./system/src/stm32f4-hal/stm32f4xx_hal_flash.o
 .text.HAL_FLASH_Unlock
                0x0000000000000000       0x24 ./system/src/stm32f4-hal/stm32f4xx_hal_flash.o
 .text.HAL_FLASH_Lock
                0x0000000000000000       0x14 ./system/src/stm32f4-hal/stm32f4xx_hal_flash.o
 .text.HAL_FLASH_OB_Unlock
                0x0000000000000000       0x24 ./system/src/stm32f4-hal/stm32f4xx_hal_flash.o
 .text.HAL_FLASH_OB_Lock
                0x0000000000000000       0x14 ./system/src/stm32f4-hal/stm32f4xx_hal_flash.o
 .text.HAL_FLASH_GetError
                0x0000000000000000        0xc ./system/src/stm32f4-hal/stm32f4xx_hal_flash.o
 .text.FLASH_WaitForLastOperation
                0x0000000000000000       0x48 ./system/src/stm32f4-hal/stm32f4xx_hal_flash.o
 .text.HAL_FLASH_Program
                0x0000000000000000       0xa8 ./system/src/stm32f4-hal/stm32f4xx_hal_flash.o
 .text.HAL_FLASH_OB_Launch
                0x0000000000000000       0x18 ./system/src/stm32f4-hal/stm32f4xx_hal_flash.o
 .debug_info    0x0000000000000000      0x6ab ./system/src/stm32f4-hal/stm32f4xx_hal_flash.o
 .debug_abbrev  0x0000000000000000      0x29c ./system/src/stm32f4-hal/stm32f4xx_hal_flash.o
 .debug_loc     0x0000000000000000      0x38d ./system/src/stm32f4-hal/stm32f4xx_hal_flash.o
 .debug_aranges
                0x0000000000000000       0x90 ./system/src/stm32f4-hal/stm32f4xx_hal_flash.o
 .debug_ranges  0x0000000000000000       0xb0 ./system/src/stm32f4-hal/stm32f4xx_hal_flash.o
 .debug_line    0x0000000000000000      0x33a ./system/src/stm32f4-hal/stm32f4xx_hal_flash.o
 .debug_str     0x0000000000000000      0x51a ./system/src/stm32f4-hal/stm32f4xx_hal_flash.o
 .comment       0x0000000000000000       0x2e ./system/src/stm32f4-hal/stm32f4xx_hal_flash.o
 .debug_frame   0x0000000000000000      0x134 ./system/src/stm32f4-hal/stm32f4xx_hal_flash.o
 .ARM.attributes
                0x0000000000000000       0x33 ./system/src/stm32f4-hal/stm32f4xx_hal_flash.o
 COMMON         0x0000000000000000       0x20 ./system/src/stm32f4-hal/stm32f4xx_hal_flash.o
 .text          0x0000000000000000        0x0 ./system/src/stm32f4-hal/stm32f4xx_hal_flash_ex.o
 .data          0x0000000000000000        0x0 ./system/src/stm32f4-hal/stm32f4xx_hal_flash_ex.o
 .bss           0x0000000000000000        0x0 ./system/src/stm32f4-hal/stm32f4xx_hal_flash_ex.o
 .text.FLASH_MassErase.isra.0
                0x0000000000000000       0x24 ./system/src/stm32f4-hal/stm32f4xx_hal_flash_ex.o
 .text.HAL_FLASHEx_OBProgram
                0x0000000000000000       0xb4 ./system/src/stm32f4-hal/stm32f4xx_hal_flash_ex.o
 .text.HAL_FLASHEx_OBGetConfig
                0x0000000000000000       0x40 ./system/src/stm32f4-hal/stm32f4xx_hal_flash_ex.o
 .text.FLASH_Erase_Sector
                0x0000000000000000       0x58 ./system/src/stm32f4-hal/stm32f4xx_hal_flash_ex.o
 .text.HAL_FLASHEx_Erase
                0x0000000000000000       0xa0 ./system/src/stm32f4-hal/stm32f4xx_hal_flash_ex.o
 .text.HAL_FLASHEx_Erase_IT
                0x0000000000000000       0x5c ./system/src/stm32f4-hal/stm32f4xx_hal_flash_ex.o
 .debug_info    0x0000000000000000      0x8b7 ./system/src/stm32f4-hal/stm32f4xx_hal_flash_ex.o
 .debug_abbrev  0x0000000000000000      0x2be ./system/src/stm32f4-hal/stm32f4xx_hal_flash_ex.o
 .debug_loc     0x0000000000000000      0x412 ./system/src/stm32f4-hal/stm32f4xx_hal_flash_ex.o
 .debug_aranges
                0x0000000000000000       0x48 ./system/src/stm32f4-hal/stm32f4xx_hal_flash_ex.o
 .debug_ranges  0x0000000000000000       0xa0 ./system/src/stm32f4-hal/stm32f4xx_hal_flash_ex.o
 .debug_line    0x0000000000000000      0x2f9 ./system/src/stm32f4-hal/stm32f4xx_hal_flash_ex.o
 .debug_str     0x0000000000000000      0x5a6 ./system/src/stm32f4-hal/stm32f4xx_hal_flash_ex.o
 .comment       0x0000000000000000       0x2e ./system/src/stm32f4-hal/stm32f4xx_hal_flash_ex.o
 .debug_frame   0x0000000000000000       0x94 ./system/src/stm32f4-hal/stm32f4xx_hal_flash_ex.o
 .ARM.attributes
                0x0000000000000000       0x33 ./system/src/stm32f4-hal/stm32f4xx_hal_flash_ex.o
 .text          0x0000000000000000        0x0 ./system/src/stm32f4-hal/stm32f4xx_hal_flash_ramfunc.o
 .data          0x0000000000000000        0x0 ./system/src/stm32f4-hal/stm32f4xx_hal_flash_ramfunc.o
 .bss           0x0000000000000000        0x0 ./system/src/stm32f4-hal/stm32f4xx_hal_flash_ramfunc.o
 .debug_info    0x0000000000000000       0x95 ./system/src/stm32f4-hal/stm32f4xx_hal_flash_ramfunc.o
 .debug_abbrev  0x0000000000000000       0x4b ./system/src/stm32f4-hal/stm32f4xx_hal_flash_ramfunc.o
 .debug_aranges
                0x0000000000000000       0x18 ./system/src/stm32f4-hal/stm32f4xx_hal_flash_ramfunc.o
 .debug_line    0x0000000000000000       0x7a ./system/src/stm32f4-hal/stm32f4xx_hal_flash_ramfunc.o
 .debug_str     0x0000000000000000      0x1d3 ./system/src/stm32f4-hal/stm32f4xx_hal_flash_ramfunc.o
 .comment       0x0000000000000000       0x2e ./system/src/stm32f4-hal/stm32f4xx_hal_flash_ramfunc.o
 .ARM.attributes
                0x0000000000000000       0x33 ./system/src/stm32f4-hal/stm32f4xx_hal_flash_ramfunc.o
 .text          0x0000000000000000        0x0 ./system/src/stm32f4-hal/stm32f4xx_hal_gpio.o
 .data          0x0000000000000000        0x0 ./system/src/stm32f4-hal/stm32f4xx_hal_gpio.o
 .bss           0x0000000000000000        0x0 ./system/src/stm32f4-hal/stm32f4xx_hal_gpio.o
 .text.HAL_GPIO_DeInit
                0x0000000000000000      0x120 ./system/src/stm32f4-hal/stm32f4xx_hal_gpio.o
 .text.HAL_GPIO_ReadPin
                0x0000000000000000        0xc ./system/src/stm32f4-hal/stm32f4xx_hal_gpio.o
 .text.HAL_GPIO_WritePin
                0x0000000000000000        0x8 ./system/src/stm32f4-hal/stm32f4xx_hal_gpio.o
 .text.HAL_GPIO_TogglePin
                0x0000000000000000        0x8 ./system/src/stm32f4-hal/stm32f4xx_hal_gpio.o
 .text.HAL_GPIO_LockPin
                0x0000000000000000       0x2a ./system/src/stm32f4-hal/stm32f4xx_hal_gpio.o
 .text.HAL_GPIO_EXTI_Callback
                0x0000000000000000        0x2 ./system/src/stm32f4-hal/stm32f4xx_hal_gpio.o
 .text.HAL_GPIO_EXTI_IRQHandler
                0x0000000000000000       0x18 ./system/src/stm32f4-hal/stm32f4xx_hal_gpio.o
 .text          0x0000000000000000        0x0 ./system/src/stm32f4-hal/stm32f4xx_hal_iwdg.o
 .data          0x0000000000000000        0x0 ./system/src/stm32f4-hal/stm32f4xx_hal_iwdg.o
 .bss           0x0000000000000000        0x0 ./system/src/stm32f4-hal/stm32f4xx_hal_iwdg.o
 .text.HAL_IWDG_MspInit
                0x0000000000000000        0x2 ./system/src/stm32f4-hal/stm32f4xx_hal_iwdg.o
 .text.HAL_IWDG_Init
                0x0000000000000000       0x48 ./system/src/stm32f4-hal/stm32f4xx_hal_iwdg.o
 .text.HAL_IWDG_Start
                0x0000000000000000       0x26 ./system/src/stm32f4-hal/stm32f4xx_hal_iwdg.o
 .text.HAL_IWDG_Refresh
                0x0000000000000000       0x4a ./system/src/stm32f4-hal/stm32f4xx_hal_iwdg.o
 .text.HAL_IWDG_GetState
                0x0000000000000000        0x4 ./system/src/stm32f4-hal/stm32f4xx_hal_iwdg.o
 .debug_info    0x0000000000000000      0x310 ./system/src/stm32f4-hal/stm32f4xx_hal_iwdg.o
 .debug_abbrev  0x0000000000000000      0x17f ./system/src/stm32f4-hal/stm32f4xx_hal_iwdg.o
 .debug_loc     0x0000000000000000       0xb3 ./system/src/stm32f4-hal/stm32f4xx_hal_iwdg.o
 .debug_aranges
                0x0000000000000000       0x40 ./system/src/stm32f4-hal/stm32f4xx_hal_iwdg.o
 .debug_ranges  0x0000000000000000       0x30 ./system/src/stm32f4-hal/stm32f4xx_hal_iwdg.o
 .debug_line    0x0000000000000000      0x1d5 ./system/src/stm32f4-hal/stm32f4xx_hal_iwdg.o
 .debug_str     0x0000000000000000      0x381 ./system/src/stm32f4-hal/stm32f4xx_hal_iwdg.o
 .comment       0x0000000000000000       0x2e ./system/src/stm32f4-hal/stm32f4xx_hal_iwdg.o
 .debug_frame   0x0000000000000000       0x74 ./system/src/stm32f4-hal/stm32f4xx_hal_iwdg.o
 .ARM.attributes
                0x0000000000000000       0x33 ./system/src/stm32f4-hal/stm32f4xx_hal_iwdg.o
 .text          0x0000000000000000        0x0 ./system/src/stm32f4-hal/stm32f4xx_hal_pwr.o
 .data          0x0000000000000000        0x0 ./system/src/stm32f4-hal/stm32f4xx_hal_pwr.o
 .bss           0x0000000000000000        0x0 ./system/src/stm32f4-hal/stm32f4xx_hal_pwr.o
 .text.HAL_PWR_DeInit
                0x0000000000000000       0x18 ./system/src/stm32f4-hal/stm32f4xx_hal_pwr.o
 .text.HAL_PWR_EnableBkUpAccess
                0x0000000000000000       0x1e ./system/src/stm32f4-hal/stm32f4xx_hal_pwr.o
 .text.HAL_PWR_DisableBkUpAccess
                0x0000000000000000       0x1e ./system/src/stm32f4-hal/stm32f4xx_hal_pwr.o
 .text.HAL_PWR_ConfigPVD
                0x0000000000000000       0x74 ./system/src/stm32f4-hal/stm32f4xx_hal_pwr.o
 .text.HAL_PWR_EnablePVD
                0x0000000000000000       0x1c ./system/src/stm32f4-hal/stm32f4xx_hal_pwr.o
 .text.HAL_PWR_DisablePVD
                0x0000000000000000       0x1c ./system/src/stm32f4-hal/stm32f4xx_hal_pwr.o
 .text.HAL_PWR_EnableWakeUpPin
                0x0000000000000000       0x10 ./system/src/stm32f4-hal/stm32f4xx_hal_pwr.o
 .text.HAL_PWR_DisableWakeUpPin
                0x0000000000000000       0x10 ./system/src/stm32f4-hal/stm32f4xx_hal_pwr.o
 .text.HAL_PWR_EnterSLEEPMode
                0x0000000000000000       0x20 ./system/src/stm32f4-hal/stm32f4xx_hal_pwr.o
 .text.HAL_PWR_EnterSTOPMode
                0x0000000000000000       0x38 ./system/src/stm32f4-hal/stm32f4xx_hal_pwr.o
 .text.HAL_PWR_EnterSTANDBYMode
                0x0000000000000000       0x20 ./system/src/stm32f4-hal/stm32f4xx_hal_pwr.o
 .text.HAL_PWR_PVDCallback
                0x0000000000000000        0x2 ./system/src/stm32f4-hal/stm32f4xx_hal_pwr.o
 .text.HAL_PWR_PVD_IRQHandler
                0x0000000000000000       0x1c ./system/src/stm32f4-hal/stm32f4xx_hal_pwr.o
 .text.HAL_PWR_EnableSleepOnExit
                0x0000000000000000       0x10 ./system/src/stm32f4-hal/stm32f4xx_hal_pwr.o
 .text.HAL_PWR_DisableSleepOnExit
                0x0000000000000000       0x10 ./system/src/stm32f4-hal/stm32f4xx_hal_pwr.o
 .text.HAL_PWR_EnableSEVOnPend
                0x0000000000000000       0x10 ./system/src/stm32f4-hal/stm32f4xx_hal_pwr.o
 .text.HAL_PWR_DisableSEVOnPend
                0x0000000000000000       0x10 ./system/src/stm32f4-hal/stm32f4xx_hal_pwr.o
 .debug_info    0x0000000000000000      0x912 ./system/src/stm32f4-hal/stm32f4xx_hal_pwr.o
 .debug_abbrev  0x0000000000000000      0x229 ./system/src/stm32f4-hal/stm32f4xx_hal_pwr.o
 .debug_loc     0x0000000000000000      0x11c ./system/src/stm32f4-hal/stm32f4xx_hal_pwr.o
 .debug_aranges
                0x0000000000000000       0xa0 ./system/src/stm32f4-hal/stm32f4xx_hal_pwr.o
 .debug_ranges  0x0000000000000000       0x90 ./system/src/stm32f4-hal/stm32f4xx_hal_pwr.o
 .debug_line    0x0000000000000000      0x2aa ./system/src/stm32f4-hal/stm32f4xx_hal_pwr.o
 .debug_str     0x0000000000000000      0x567 ./system/src/stm32f4-hal/stm32f4xx_hal_pwr.o
 .comment       0x0000000000000000       0x2e ./system/src/stm32f4-hal/stm32f4xx_hal_pwr.o
 .debug_frame   0x0000000000000000      0x128 ./system/src/stm32f4-hal/stm32f4xx_hal_pwr.o
 .ARM.attributes
                0x0000000000000000       0x33 ./system/src/stm32f4-hal/stm32f4xx_hal_pwr.o
 .text          0x0000000000000000        0x0 ./system/src/stm32f4-hal/stm32f4xx_hal_pwr_ex.o
 .data          0x0000000000000000        0x0 ./system/src/stm32f4-hal/stm32f4xx_hal_pwr_ex.o
 .bss           0x0000000000000000        0x0 ./system/src/stm32f4-hal/stm32f4xx_hal_pwr_ex.o
 .text.HAL_PWREx_EnableBkUpReg
                0x0000000000000000       0x44 ./system/src/stm32f4-hal/stm32f4xx_hal_pwr_ex.o
 .text.HAL_PWREx_DisableBkUpReg
                0x0000000000000000       0x44 ./system/src/stm32f4-hal/stm32f4xx_hal_pwr_ex.o
 .text.HAL_PWREx_EnableFlashPowerDown
                0x0000000000000000       0x1e ./system/src/stm32f4-hal/stm32f4xx_hal_pwr_ex.o
 .text.HAL_PWREx_DisableFlashPowerDown
                0x0000000000000000       0x1e ./system/src/stm32f4-hal/stm32f4xx_hal_pwr_ex.o
 .text.HAL_PWREx_GetVoltageRange
                0x0000000000000000       0x10 ./system/src/stm32f4-hal/stm32f4xx_hal_pwr_ex.o
 .text.HAL_PWREx_ControlVoltageScaling
                0x0000000000000000       0x58 ./system/src/stm32f4-hal/stm32f4xx_hal_pwr_ex.o
 .debug_info    0x0000000000000000      0x5f1 ./system/src/stm32f4-hal/stm32f4xx_hal_pwr_ex.o
 .debug_abbrev  0x0000000000000000      0x203 ./system/src/stm32f4-hal/stm32f4xx_hal_pwr_ex.o
 .debug_loc     0x0000000000000000      0x116 ./system/src/stm32f4-hal/stm32f4xx_hal_pwr_ex.o
 .debug_aranges
                0x0000000000000000       0x48 ./system/src/stm32f4-hal/stm32f4xx_hal_pwr_ex.o
 .debug_ranges  0x0000000000000000       0x50 ./system/src/stm32f4-hal/stm32f4xx_hal_pwr_ex.o
 .debug_line    0x0000000000000000      0x1ed ./system/src/stm32f4-hal/stm32f4xx_hal_pwr_ex.o
 .debug_str     0x0000000000000000      0x422 ./system/src/stm32f4-hal/stm32f4xx_hal_pwr_ex.o
 .comment       0x0000000000000000       0x2e ./system/src/stm32f4-hal/stm32f4xx_hal_pwr_ex.o
 .debug_frame   0x0000000000000000       0x8c ./system/src/stm32f4-hal/stm32f4xx_hal_pwr_ex.o
 .ARM.attributes
                0x0000000000000000       0x33 ./system/src/stm32f4-hal/stm32f4xx_hal_pwr_ex.o
 .text          0x0000000000000000        0x0 ./system/src/stm32f4-hal/stm32f4xx_hal_rcc.o
 .data          0x0000000000000000        0x0 ./system/src/stm32f4-hal/stm32f4xx_hal_rcc.o
 .bss           0x0000000000000000        0x0 ./system/src/stm32f4-hal/stm32f4xx_hal_rcc.o
 .text.HAL_RCC_DeInit
                0x0000000000000000       0x4c ./system/src/stm32f4-hal/stm32f4xx_hal_rcc.o
 .text.HAL_RCC_MCOConfig
                0x0000000000000000       0x90 ./system/src/stm32f4-hal/stm32f4xx_hal_rcc.o
 .text.HAL_RCC_EnableCSS
                0x0000000000000000        0xc ./system/src/stm32f4-hal/stm32f4xx_hal_rcc.o
 .text.HAL_RCC_DisableCSS
                0x0000000000000000        0xc ./system/src/stm32f4-hal/stm32f4xx_hal_rcc.o
 .text.HAL_RCC_GetPCLK1Freq
                0x0000000000000000       0x30 ./system/src/stm32f4-hal/stm32f4xx_hal_rcc.o
 .text.HAL_RCC_GetPCLK2Freq
                0x0000000000000000       0x30 ./system/src/stm32f4-hal/stm32f4xx_hal_rcc.o
 .text.HAL_RCC_GetOscConfig
                0x0000000000000000       0xe0 ./system/src/stm32f4-hal/stm32f4xx_hal_rcc.o
 .text.HAL_RCC_GetClockConfig
                0x0000000000000000       0x3c ./system/src/stm32f4-hal/stm32f4xx_hal_rcc.o
 .text.HAL_RCC_CSSCallback
                0x0000000000000000        0x2 ./system/src/stm32f4-hal/stm32f4xx_hal_rcc.o
 .text.HAL_RCC_NMI_IRQHandler
                0x0000000000000000       0x20 ./system/src/stm32f4-hal/stm32f4xx_hal_rcc.o
 .text          0x0000000000000000        0x0 ./system/src/stm32f4-hal/stm32f4xx_hal_rcc_ex.o
 .data          0x0000000000000000        0x0 ./system/src/stm32f4-hal/stm32f4xx_hal_rcc_ex.o
 .bss           0x0000000000000000        0x0 ./system/src/stm32f4-hal/stm32f4xx_hal_rcc_ex.o
 .text.HAL_RCCEx_PeriphCLKConfig
                0x0000000000000000      0x144 ./system/src/stm32f4-hal/stm32f4xx_hal_rcc_ex.o
 .text.HAL_RCCEx_GetPeriphCLKConfig
                0x0000000000000000       0x54 ./system/src/stm32f4-hal/stm32f4xx_hal_rcc_ex.o
 .debug_info    0x0000000000000000      0x61d ./system/src/stm32f4-hal/stm32f4xx_hal_rcc_ex.o
 .debug_abbrev  0x0000000000000000      0x1ee ./system/src/stm32f4-hal/stm32f4xx_hal_rcc_ex.o
 .debug_loc     0x0000000000000000      0x1b2 ./system/src/stm32f4-hal/stm32f4xx_hal_rcc_ex.o
 .debug_aranges
                0x0000000000000000       0x28 ./system/src/stm32f4-hal/stm32f4xx_hal_rcc_ex.o
 .debug_ranges  0x0000000000000000       0x30 ./system/src/stm32f4-hal/stm32f4xx_hal_rcc_ex.o
 .debug_line    0x0000000000000000      0x202 ./system/src/stm32f4-hal/stm32f4xx_hal_rcc_ex.o
 .debug_str     0x0000000000000000      0x42b ./system/src/stm32f4-hal/stm32f4xx_hal_rcc_ex.o
 .comment       0x0000000000000000       0x2e ./system/src/stm32f4-hal/stm32f4xx_hal_rcc_ex.o
 .debug_frame   0x0000000000000000       0x48 ./system/src/stm32f4-hal/stm32f4xx_hal_rcc_ex.o
 .ARM.attributes
                0x0000000000000000       0x33 ./system/src/stm32f4-hal/stm32f4xx_hal_rcc_ex.o
 .text          0x0000000000000000        0x0 ./system/src/newlib/_cxx.o
 .data          0x0000000000000000        0x0 ./system/src/newlib/_cxx.o
 .bss           0x0000000000000000        0x0 ./system/src/newlib/_cxx.o
 .text._ZN9__gnu_cxx27__verbose_terminate_handlerEv
                0x0000000000000000        0x6 ./system/src/newlib/_cxx.o
 .text.__cxa_pure_virtual
                0x0000000000000000        0x6 ./system/src/newlib/_cxx.o
 .debug_info    0x0000000000000000      0x593 ./system/src/newlib/_cxx.o
 .debug_abbrev  0x0000000000000000      0x1a4 ./system/src/newlib/_cxx.o
 .debug_aranges
                0x0000000000000000       0x28 ./system/src/newlib/_cxx.o
 .debug_ranges  0x0000000000000000       0x18 ./system/src/newlib/_cxx.o
 .debug_line    0x0000000000000000      0x108 ./system/src/newlib/_cxx.o
 .debug_str     0x0000000000000000      0x378 ./system/src/newlib/_cxx.o
 .comment       0x0000000000000000       0x2e ./system/src/newlib/_cxx.o
 .debug_frame   0x0000000000000000       0x40 ./system/src/newlib/_cxx.o
 .ARM.attributes
                0x0000000000000000       0x33 ./system/src/newlib/_cxx.o
 .text          0x0000000000000000        0x0 ./system/src/newlib/_exit.o
 .data          0x0000000000000000        0x0 ./system/src/newlib/_exit.o
 .bss           0x0000000000000000        0x0 ./system/src/newlib/_exit.o
 .text.abort    0x0000000000000000        0x8 ./system/src/newlib/_exit.o
 .text          0x0000000000000000        0x0 ./system/src/newlib/_sbrk.o
 .data          0x0000000000000000        0x0 ./system/src/newlib/_sbrk.o
 .bss           0x0000000000000000        0x0 ./system/src/newlib/_sbrk.o
 .text._sbrk    0x0000000000000000       0x40 ./system/src/newlib/_sbrk.o
 .bss.current_heap_end.3842
                0x0000000000000000        0x4 ./system/src/newlib/_sbrk.o
 .debug_info    0x0000000000000000      0x121 ./system/src/newlib/_sbrk.o
 .debug_abbrev  0x0000000000000000       0xb8 ./system/src/newlib/_sbrk.o
 .debug_loc     0x0000000000000000       0x6e ./system/src/newlib/_sbrk.o
 .debug_aranges
                0x0000000000000000       0x20 ./system/src/newlib/_sbrk.o
 .debug_ranges  0x0000000000000000       0x10 ./system/src/newlib/_sbrk.o
 .debug_line    0x0000000000000000       0x87 ./system/src/newlib/_sbrk.o
 .debug_str     0x0000000000000000      0x1fd ./system/src/newlib/_sbrk.o
 .comment       0x0000000000000000       0x2e ./system/src/newlib/_sbrk.o
 .debug_frame   0x0000000000000000       0x28 ./system/src/newlib/_sbrk.o
 .ARM.attributes
                0x0000000000000000       0x33 ./system/src/newlib/_sbrk.o
 .text          0x0000000000000000        0x0 ./system/src/newlib/_startup.o
 .data          0x0000000000000000        0x0 ./system/src/newlib/_startup.o
 .bss           0x0000000000000000        0x0 ./system/src/newlib/_startup.o
 .text.__initialize_data
                0x0000000000000000       0x10 ./system/src/newlib/_startup.o
 .text.__initialize_bss
                0x0000000000000000        0xe ./system/src/newlib/_startup.o
 .text.__run_init_array
                0x0000000000000000       0x48 ./system/src/newlib/_startup.o
 .text.__run_fini_array
                0x0000000000000000       0x28 ./system/src/newlib/_startup.o
 .text          0x0000000000000000        0x0 ./system/src/newlib/_syscalls.o
 .data          0x0000000000000000        0x0 ./system/src/newlib/_syscalls.o
 .bss           0x0000000000000000        0x0 ./system/src/newlib/_syscalls.o
 .text.raise    0x0000000000000000       0x10 ./system/src/newlib/_syscalls.o
 .text.kill     0x0000000000000000       0x10 ./system/src/newlib/_syscalls.o
 COMMON         0x0000000000000000        0x4 ./system/src/newlib/_syscalls.o
 .text          0x0000000000000000        0x0 ./system/src/newlib/assert.o
 .data          0x0000000000000000        0x0 ./system/src/newlib/assert.o
 .bss           0x0000000000000000        0x0 ./system/src/newlib/assert.o
 .text.__assert_func
                0x0000000000000000        0x6 ./system/src/newlib/assert.o
 .debug_info    0x0000000000000000      0x10b ./system/src/newlib/assert.o
 .debug_abbrev  0x0000000000000000       0xa6 ./system/src/newlib/assert.o
 .debug_loc     0x0000000000000000       0x84 ./system/src/newlib/assert.o
 .debug_aranges
                0x0000000000000000       0x20 ./system/src/newlib/assert.o
 .debug_ranges  0x0000000000000000       0x10 ./system/src/newlib/assert.o
 .debug_line    0x0000000000000000       0x9c ./system/src/newlib/assert.o
 .debug_str     0x0000000000000000      0x1e6 ./system/src/newlib/assert.o
 .comment       0x0000000000000000       0x2e ./system/src/newlib/assert.o
 .debug_frame   0x0000000000000000       0x28 ./system/src/newlib/assert.o
 .ARM.attributes
                0x0000000000000000       0x33 ./system/src/newlib/assert.o
 .text          0x0000000000000000        0x0 ./system/src/diag/Trace.o
 .data          0x0000000000000000        0x0 ./system/src/diag/Trace.o
 .bss           0x0000000000000000        0x0 ./system/src/diag/Trace.o
 .debug_line    0x0000000000000000        0x0 ./system/src/diag/Trace.o
 .debug_str     0x0000000000000000        0x0 ./system/src/diag/Trace.o
 .comment       0x0000000000000000       0x2e ./system/src/diag/Trace.o
 .ARM.attributes
                0x0000000000000000       0x33 ./system/src/diag/Trace.o
 .text          0x0000000000000000        0x0 ./system/src/diag/trace_impl.o
 .data          0x0000000000000000        0x0 ./system/src/diag/trace_impl.o
 .bss           0x0000000000000000        0x0 ./system/src/diag/trace_impl.o
 .debug_line    0x0000000000000000        0x0 ./system/src/diag/trace_impl.o
 .debug_str     0x0000000000000000        0x0 ./system/src/diag/trace_impl.o
 .comment       0x0000000000000000       0x2e ./system/src/diag/trace_impl.o
 .ARM.attributes
                0x0000000000000000       0x33 ./system/src/diag/trace_impl.o
 .text          0x0000000000000000        0x0 ./system/src/cortexm/_initialize_hardware.o
 .data          0x0000000000000000        0x0 ./system/src/cortexm/_initialize_hardware.o
 .bss           0x0000000000000000        0x0 ./system/src/cortexm/_initialize_hardware.o
 .text.__initialize_hardware
                0x0000000000000000        0x4 ./system/src/cortexm/_initialize_hardware.o
 .text          0x0000000000000000        0x0 ./system/src/cortexm/_reset_hardware.o
 .data          0x0000000000000000        0x0 ./system/src/cortexm/_reset_hardware.o
 .bss           0x0000000000000000        0x0 ./system/src/cortexm/_reset_hardware.o
 .text          0x0000000000000000        0x0 ./system/src/cortexm/exception_handlers.o
 .data          0x0000000000000000        0x0 ./system/src/cortexm/exception_handlers.o
 .bss           0x0000000000000000        0x0 ./system/src/cortexm/exception_handlers.o
 .text          0x0000000000000000        0x0 ./system/src/cmsis/system_stm32f4xx.o
 .data          0x0000000000000000        0x0 ./system/src/cmsis/system_stm32f4xx.o
 .bss           0x0000000000000000        0x0 ./system/src/cmsis/system_stm32f4xx.o
 .text          0x0000000000000000        0x0 ./system/src/cmsis/vectors_stm32f4xx.o
 .data          0x0000000000000000        0x0 ./system/src/cmsis/vectors_stm32f4xx.o
 .bss           0x0000000000000000        0x0 ./system/src/cmsis/vectors_stm32f4xx.o
 .data          0x0000000000000000        0x0 ./src/STM32F4_P24v04.o
 .text          0x0000000000000000        0x0 ./src/_initialize_hardware.o
 .data          0x0000000000000000        0x0 ./src/_initialize_hardware.o
 .bss           0x0000000000000000        0x0 ./src/_initialize_hardware.o
 .text          0x0000000000000000        0x0 ./src/_write.o
 .data          0x0000000000000000        0x0 ./src/_write.o
 .bss           0x0000000000000000        0x0 ./src/_write.o
 .debug_line    0x0000000000000000        0x0 ./src/_write.o
 .debug_str     0x0000000000000000        0x0 ./src/_write.o
 .comment       0x0000000000000000       0x2e ./src/_write.o
 .ARM.attributes
                0x0000000000000000       0x33 ./src/_write.o
 .text          0x0000000000000000        0x0 ./src/main.o
 .data          0x0000000000000000        0x0 ./src/main.o
 .bss           0x0000000000000000        0x0 ./src/main.o
 .text          0x0000000000000000        0x0 ./src/p24.o
 .data          0x0000000000000000        0x0 ./src/p24.o
 .bss           0x0000000000000000        0x0 ./src/p24.o
 .text.dequeue  0x0000000000000000       0x40 ./src/p24.o
 .text.getswitch
                0x0000000000000000        0x8 ./src/p24.o
 .text.hw8stuff
                0x0000000000000000       0xa4 ./src/p24.o
 .text.synthstuff
                0x0000000000000000       0x2c ./src/p24.o
 .bss.head      0x0000000000000000        0x4 ./src/p24.o
 .data.note     0x0000000000000000        0x8 ./src/p24.o
 .rodata.ANCA_CLK
                0x0000000000000000       0x30 ./src/p24.o
 .text          0x0000000000000000        0x0 /usr/lib/gcc/arm-none-eabi/4.8/../../../arm-none-eabi/lib/armv7e-m/libg_nano.a(lib_a-errno.o)
 .data          0x0000000000000000        0x0 /usr/lib/gcc/arm-none-eabi/4.8/../../../arm-none-eabi/lib/armv7e-m/libg_nano.a(lib_a-errno.o)
 .bss           0x0000000000000000        0x0 /usr/lib/gcc/arm-none-eabi/4.8/../../../arm-none-eabi/lib/armv7e-m/libg_nano.a(lib_a-errno.o)
 .text.__errno  0x0000000000000000        0xc /usr/lib/gcc/arm-none-eabi/4.8/../../../arm-none-eabi/lib/armv7e-m/libg_nano.a(lib_a-errno.o)
 .debug_info    0x0000000000000000      0x735 /usr/lib/gcc/arm-none-eabi/4.8/../../../arm-none-eabi/lib/armv7e-m/libg_nano.a(lib_a-errno.o)
 .debug_abbrev  0x0000000000000000      0x134 /usr/lib/gcc/arm-none-eabi/4.8/../../../arm-none-eabi/lib/armv7e-m/libg_nano.a(lib_a-errno.o)
 .debug_aranges
                0x0000000000000000       0x20 /usr/lib/gcc/arm-none-eabi/4.8/../../../arm-none-eabi/lib/armv7e-m/libg_nano.a(lib_a-errno.o)
 .debug_ranges  0x0000000000000000       0x10 /usr/lib/gcc/arm-none-eabi/4.8/../../../arm-none-eabi/lib/armv7e-m/libg_nano.a(lib_a-errno.o)
 .debug_line    0x0000000000000000      0x10f /usr/lib/gcc/arm-none-eabi/4.8/../../../arm-none-eabi/lib/armv7e-m/libg_nano.a(lib_a-errno.o)
 .debug_str     0x0000000000000000      0x51b /usr/lib/gcc/arm-none-eabi/4.8/../../../arm-none-eabi/lib/armv7e-m/libg_nano.a(lib_a-errno.o)
 .comment       0x0000000000000000       0x2c /usr/lib/gcc/arm-none-eabi/4.8/../../../arm-none-eabi/lib/armv7e-m/libg_nano.a(lib_a-errno.o)
 .ARM.attributes
                0x0000000000000000       0x2e /usr/lib/gcc/arm-none-eabi/4.8/../../../arm-none-eabi/lib/armv7e-m/libg_nano.a(lib_a-errno.o)
 .debug_frame   0x0000000000000000       0x20 /usr/lib/gcc/arm-none-eabi/4.8/../../../arm-none-eabi/lib/armv7e-m/libg_nano.a(lib_a-errno.o)
 .text          0x0000000000000000        0x0 /usr/lib/gcc/arm-none-eabi/4.8/../../../arm-none-eabi/lib/armv7e-m/libg_nano.a(lib_a-impure.o)
 .data          0x0000000000000000        0x0 /usr/lib/gcc/arm-none-eabi/4.8/../../../arm-none-eabi/lib/armv7e-m/libg_nano.a(lib_a-impure.o)
 .bss           0x0000000000000000        0x0 /usr/lib/gcc/arm-none-eabi/4.8/../../../arm-none-eabi/lib/armv7e-m/libg_nano.a(lib_a-impure.o)
 .data.impure_data
                0x0000000000000000       0x60 /usr/lib/gcc/arm-none-eabi/4.8/../../../arm-none-eabi/lib/armv7e-m/libg_nano.a(lib_a-impure.o)
 .data._impure_ptr
                0x0000000000000000        0x4 /usr/lib/gcc/arm-none-eabi/4.8/../../../arm-none-eabi/lib/armv7e-m/libg_nano.a(lib_a-impure.o)
 .rodata.str1.1
                0x0000000000000000        0x2 /usr/lib/gcc/arm-none-eabi/4.8/../../../arm-none-eabi/lib/armv7e-m/libg_nano.a(lib_a-impure.o)
 .rodata._global_impure_ptr
                0x0000000000000000        0x4 /usr/lib/gcc/arm-none-eabi/4.8/../../../arm-none-eabi/lib/armv7e-m/libg_nano.a(lib_a-impure.o)
 .debug_info    0x0000000000000000      0x7d3 /usr/lib/gcc/arm-none-eabi/4.8/../../../arm-none-eabi/lib/armv7e-m/libg_nano.a(lib_a-impure.o)
 .debug_abbrev  0x0000000000000000      0x136 /usr/lib/gcc/arm-none-eabi/4.8/../../../arm-none-eabi/lib/armv7e-m/libg_nano.a(lib_a-impure.o)
 .debug_aranges
                0x0000000000000000       0x18 /usr/lib/gcc/arm-none-eabi/4.8/../../../arm-none-eabi/lib/armv7e-m/libg_nano.a(lib_a-impure.o)
 .debug_line    0x0000000000000000       0xf5 /usr/lib/gcc/arm-none-eabi/4.8/../../../arm-none-eabi/lib/armv7e-m/libg_nano.a(lib_a-impure.o)
 .debug_str     0x0000000000000000      0x572 /usr/lib/gcc/arm-none-eabi/4.8/../../../arm-none-eabi/lib/armv7e-m/libg_nano.a(lib_a-impure.o)
 .comment       0x0000000000000000       0x2c /usr/lib/gcc/arm-none-eabi/4.8/../../../arm-none-eabi/lib/armv7e-m/libg_nano.a(lib_a-impure.o)
 .ARM.attributes
                0x0000000000000000       0x2e /usr/lib/gcc/arm-none-eabi/4.8/../../../arm-none-eabi/lib/armv7e-m/libg_nano.a(lib_a-impure.o)

Memory Configuration

Name             Origin             Length             Attributes
RAM              0x0000000020000000 0x0000000000020000 xrw
CCMRAM           0x0000000010000000 0x0000000000010000 xrw
FLASH            0x0000000008000000 0x0000000000100000 xr
FLASHB1          0x0000000000000000 0x0000000000000000 xr
EXTMEMB0         0x0000000000000000 0x0000000000000000 xr
EXTMEMB1         0x0000000000000000 0x0000000000000000 xr
EXTMEMB2         0x0000000000000000 0x0000000000000000 xr
EXTMEMB3         0x0000000000000000 0x0000000000000000 xr
MEMORY_ARRAY     0x0000000020002000 0x0000000000000020 xrw
*default*        0x0000000000000000 0xffffffffffffffff

Linker script and memory map

LOAD ./system/src/stm32f4-hal/stm32f4xx_hal.o
LOAD ./system/src/stm32f4-hal/stm32f4xx_hal_cec.o
LOAD ./system/src/stm32f4-hal/stm32f4xx_hal_cortex.o
LOAD ./system/src/stm32f4-hal/stm32f4xx_hal_flash.o
LOAD ./system/src/stm32f4-hal/stm32f4xx_hal_flash_ex.o
LOAD ./system/src/stm32f4-hal/stm32f4xx_hal_flash_ramfunc.o
LOAD ./system/src/stm32f4-hal/stm32f4xx_hal_gpio.o
LOAD ./system/src/stm32f4-hal/stm32f4xx_hal_iwdg.o
LOAD ./system/src/stm32f4-hal/stm32f4xx_hal_pwr.o
LOAD ./system/src/stm32f4-hal/stm32f4xx_hal_pwr_ex.o
LOAD ./system/src/stm32f4-hal/stm32f4xx_hal_rcc.o
LOAD ./system/src/stm32f4-hal/stm32f4xx_hal_rcc_ex.o
LOAD ./system/src/newlib/_cxx.o
LOAD ./system/src/newlib/_exit.o
LOAD ./system/src/newlib/_sbrk.o
LOAD ./system/src/newlib/_startup.o
LOAD ./system/src/newlib/_syscalls.o
LOAD ./system/src/newlib/assert.o
LOAD ./system/src/diag/Trace.o
LOAD ./system/src/diag/trace_impl.o
LOAD ./system/src/cortexm/_initialize_hardware.o
LOAD ./system/src/cortexm/_reset_hardware.o
LOAD ./system/src/cortexm/exception_handlers.o
LOAD ./system/src/cmsis/system_stm32f4xx.o
LOAD ./system/src/cmsis/vectors_stm32f4xx.o
LOAD ./src/STM32F4_P24v04.o
LOAD ./src/_initialize_hardware.o
LOAD ./src/_write.o
LOAD ./src/main.o
LOAD ./src/p24.o
LOAD /usr/lib/gcc/arm-none-eabi/4.8/../../../arm-none-eabi/lib/armv7e-m/libstdc++_nano.a
LOAD /usr/lib/gcc/arm-none-eabi/4.8/../../../arm-none-eabi/lib/armv7e-m/libm.a
START GROUP
LOAD /usr/lib/gcc/arm-none-eabi/4.8/armv7e-m/libgcc.a
LOAD /usr/lib/gcc/arm-none-eabi/4.8/../../../arm-none-eabi/lib/armv7e-m/libg_nano.a
LOAD /usr/lib/gcc/arm-none-eabi/4.8/../../../arm-none-eabi/lib/armv7e-m/libc_nano.a
END GROUP
START GROUP
LOAD /usr/lib/gcc/arm-none-eabi/4.8/armv7e-m/libgcc.a
LOAD /usr/lib/gcc/arm-none-eabi/4.8/../../../arm-none-eabi/lib/armv7e-m/libc_nano.a
END GROUP
                0x0000000020020000                __stack = (ORIGIN (RAM) + 0x20000)
                0x0000000020020000                _estack = __stack
                0x0000000000000400                __Main_Stack_Size = 0x400
                0x0000000000000400                PROVIDE (_Main_Stack_Size, __Main_Stack_Size)
                0x000000002001fc00                __Main_Stack_Limit = (__stack - __Main_Stack_Size)
                0x000000002001fc00                PROVIDE (_Main_Stack_Limit, __Main_Stack_Limit)
                0x0000000000000100                _Minimum_Stack_Size = 0x100
                0x0000000020000120                PROVIDE (_Heap_Begin, _end_noinit)
                0x000000002001fc00                PROVIDE (_Heap_Limit, (__stack - __Main_Stack_Size))

.isr_vector     0x0000000008000000      0x2fe
 FILL mask 0xff
                0x0000000008000000                __vectors_start = ABSOLUTE (.)
                0x0000000008000000                __vectors_start__ = ABSOLUTE (.)
 *(.isr_vector)
 .isr_vector    0x0000000008000000      0x188 ./system/src/cmsis/vectors_stm32f4xx.o
                0x0000000008000000                __isr_vectors
 *(.cfmconfig)
 *(.after_vectors .after_vectors.*)
 .after_vectors
                0x0000000008000188       0xe8 ./system/src/newlib/_startup.o
                0x0000000008000188                _start
 .after_vectors
                0x0000000008000270       0x8c ./system/src/cortexm/exception_handlers.o
                0x0000000008000270                Reset_Handler
                0x0000000008000274                NMI_Handler
                0x0000000008000276                HardFault_Handler
                0x000000000800028a                HardFault_Handler_C
                0x00000000080002b4                MemManage_Handler
                0x00000000080002b6                BusFault_Handler
                0x00000000080002ca                BusFault_Handler_C
                0x00000000080002cc                UsageFault_Handler
                0x00000000080002e0                UsageFault_Handler_C
                0x00000000080002e2                SVC_Handler
                0x00000000080002e4                DebugMon_Handler
                0x00000000080002e6                PendSV_Handler
                0x00000000080002e8                SysTick_Handler
 .after_vectors
                0x00000000080002fc        0x2 ./system/src/cmsis/vectors_stm32f4xx.o
                0x00000000080002fc                RTC_Alarm_IRQHandler
                0x00000000080002fc                HASH_RNG_IRQHandler
                0x00000000080002fc                EXTI2_IRQHandler
                0x00000000080002fc                TIM8_CC_IRQHandler
                0x00000000080002fc                TIM1_CC_IRQHandler
                0x00000000080002fc                DMA2_Stream5_IRQHandler
                0x00000000080002fc                DMA1_Stream5_IRQHandler
                0x00000000080002fc                PVD_IRQHandler
                0x00000000080002fc                SDIO_IRQHandler
                0x00000000080002fc                TAMP_STAMP_IRQHandler
                0x00000000080002fc                CAN2_RX1_IRQHandler
                0x00000000080002fc                EXTI3_IRQHandler
                0x00000000080002fc                TIM8_TRG_COM_TIM14_IRQHandler
                0x00000000080002fc                TIM1_UP_TIM10_IRQHandler
                0x00000000080002fc                TIM8_UP_TIM13_IRQHandler
                0x00000000080002fc                I2C3_ER_IRQHandler
                0x00000000080002fc                EXTI0_IRQHandler
                0x00000000080002fc                I2C2_EV_IRQHandler
                0x00000000080002fc                DMA1_Stream2_IRQHandler
                0x00000000080002fc                CAN1_RX0_IRQHandler
                0x00000000080002fc                FPU_IRQHandler
                0x00000000080002fc                OTG_HS_WKUP_IRQHandler
                0x00000000080002fc                CAN2_SCE_IRQHandler
                0x00000000080002fc                DMA2_Stream2_IRQHandler
                0x00000000080002fc                SPI1_IRQHandler
                0x00000000080002fc                TIM6_DAC_IRQHandler
                0x00000000080002fc                TIM1_BRK_TIM9_IRQHandler
                0x00000000080002fc                DCMI_IRQHandler
                0x00000000080002fc                CAN2_RX0_IRQHandler
                0x00000000080002fc                DMA2_Stream3_IRQHandler
                0x00000000080002fc                USART6_IRQHandler
                0x00000000080002fc                USART3_IRQHandler
                0x00000000080002fc                CAN1_RX1_IRQHandler
                0x00000000080002fc                UART5_IRQHandler
                0x00000000080002fc                DMA2_Stream0_IRQHandler
                0x00000000080002fc                TIM4_IRQHandler
                0x00000000080002fc                I2C1_EV_IRQHandler
                0x00000000080002fc                DMA1_Stream6_IRQHandler
                0x00000000080002fc                DMA1_Stream1_IRQHandler
                0x00000000080002fc                UART4_IRQHandler
                0x00000000080002fc                TIM3_IRQHandler
                0x00000000080002fc                RCC_IRQHandler
                0x00000000080002fc                TIM8_BRK_TIM12_IRQHandler
                0x00000000080002fc                Default_Handler
                0x00000000080002fc                EXTI15_10_IRQHandler
                0x00000000080002fc                ADC_IRQHandler
                0x00000000080002fc                DMA1_Stream7_IRQHandler
                0x00000000080002fc                TIM7_IRQHandler
                0x00000000080002fc                CAN2_TX_IRQHandler
                0x00000000080002fc                TIM5_IRQHandler
                0x00000000080002fc                DMA2_Stream7_IRQHandler
                0x00000000080002fc                I2C3_EV_IRQHandler
                0x00000000080002fc                EXTI9_5_IRQHandler
                0x00000000080002fc                RTC_WKUP_IRQHandler
                0x00000000080002fc                ETH_WKUP_IRQHandler
                0x00000000080002fc                SPI2_IRQHandler
                0x00000000080002fc                OTG_HS_EP1_IN_IRQHandler
                0x00000000080002fc                DMA1_Stream0_IRQHandler
                0x00000000080002fc                CAN1_TX_IRQHandler
                0x00000000080002fc                EXTI4_IRQHandler
                0x00000000080002fc                FSMC_IRQHandler
                0x00000000080002fc                ETH_IRQHandler
                0x00000000080002fc                OTG_HS_EP1_OUT_IRQHandler
                0x00000000080002fc                WWDG_IRQHandler
                0x00000000080002fc                TIM2_IRQHandler
                0x00000000080002fc                OTG_FS_WKUP_IRQHandler
                0x00000000080002fc                TIM1_TRG_COM_TIM11_IRQHandler
                0x00000000080002fc                OTG_HS_IRQHandler
                0x00000000080002fc                EXTI1_IRQHandler
                0x00000000080002fc                USART2_IRQHandler
                0x00000000080002fc                I2C2_ER_IRQHandler
                0x00000000080002fc                DMA2_Stream1_IRQHandler
                0x00000000080002fc                CAN1_SCE_IRQHandler
                0x00000000080002fc                FLASH_IRQHandler
                0x00000000080002fc                DMA2_Stream4_IRQHandler
                0x00000000080002fc                USART1_IRQHandler
                0x00000000080002fc                OTG_FS_IRQHandler
                0x00000000080002fc                SPI3_IRQHandler
                0x00000000080002fc                DMA1_Stream4_IRQHandler
                0x00000000080002fc                I2C1_ER_IRQHandler
                0x00000000080002fc                DMA2_Stream6_IRQHandler
                0x00000000080002fc                DMA1_Stream3_IRQHandler

.inits          0x0000000008000300       0x28
                0x0000000008000300                __data_regions_array_start = .
                0x0000000008000300        0x4 LONG 0x8002ab8 LOADADDR (.data)
                0x0000000008000304        0x4 LONG 0x20000000 ADDR (.data)
                0x0000000008000308        0x4 LONG 0x2000004c (ADDR (.data) + SIZEOF (.data))
                0x000000000800030c        0x4 LONG 0x8002ab8 LOADADDR (.data_CCMRAM)
                0x0000000008000310        0x4 LONG 0x10000000 ADDR (.data_CCMRAM)
                0x0000000008000314        0x4 LONG 0x10000000 (ADDR (.data_CCMRAM) + SIZEOF (.data_CCMRAM))
                0x0000000008000318                __data_regions_array_end = .
                0x0000000008000318                __bss_regions_array_start = .
                0x0000000008000318        0x4 LONG 0x20000050 ADDR (.bss)
                0x000000000800031c        0x4 LONG 0x20000120 (ADDR (.bss) + SIZEOF (.bss))
                0x0000000008000320        0x4 LONG 0x10000000 ADDR (.bss_CCMRAM)
                0x0000000008000324        0x4 LONG 0x10000000 (ADDR (.bss_CCMRAM) + SIZEOF (.bss_CCMRAM))
                0x0000000008000328                __bss_regions_array_end = .
 *(.init)
 *(.fini)
                0x0000000008000328                . = ALIGN (0x4)
                0x0000000008000328                PROVIDE (__preinit_array_start, .)
 *(.preinit_array_sysinit .preinit_array_sysinit.*)
 *(.preinit_array_platform .preinit_array_platform.*)
 *(.preinit_array .preinit_array.*)
                0x0000000008000328                PROVIDE (__preinit_array_end, .)
                0x0000000008000328                . = ALIGN (0x4)
                0x0000000008000328                PROVIDE (__init_array_start, .)
 *(SORT(.init_array.*))
 *(.init_array)
                0x0000000008000328                PROVIDE (__init_array_end, .)
                0x0000000008000328                . = ALIGN (0x4)
                0x0000000008000328                PROVIDE (__fini_array_start, .)
 *(SORT(.fini_array.*))
 *(.fini_array)
                0x0000000008000328                PROVIDE (__fini_array_end, .)

.flashtext
 *(.flashtext .flashtext.*)

.text           0x0000000008000328     0x2790
 *(.text .text.*)
 .text.HAL_MspInit
                0x0000000008000328        0x2 ./system/src/stm32f4-hal/stm32f4xx_hal.o
                0x0000000008000328                HAL_MspInit
 .text.HAL_InitTick
                0x000000000800032a       0x24 ./system/src/stm32f4-hal/stm32f4xx_hal.o
                0x000000000800032a                HAL_InitTick
 *fill*         0x000000000800034e        0x2 
 .text.HAL_Init
                0x0000000008000350       0x34 ./system/src/stm32f4-hal/stm32f4xx_hal.o
                0x0000000008000350                HAL_Init
 .text.HAL_GetTick
                0x0000000008000384        0xc ./system/src/stm32f4-hal/stm32f4xx_hal.o
                0x0000000008000384                HAL_GetTick
 .text.HAL_NVIC_SetPriorityGrouping
                0x0000000008000390       0x24 ./system/src/stm32f4-hal/stm32f4xx_hal_cortex.o
                0x0000000008000390                HAL_NVIC_SetPriorityGrouping
 .text.HAL_NVIC_SetPriority
                0x00000000080003b4       0x64 ./system/src/stm32f4-hal/stm32f4xx_hal_cortex.o
                0x00000000080003b4                HAL_NVIC_SetPriority
 .text.HAL_SYSTICK_Config
                0x0000000008000418       0x2c ./system/src/stm32f4-hal/stm32f4xx_hal_cortex.o
                0x0000000008000418                HAL_SYSTICK_Config
 .text.HAL_SYSTICK_CLKSourceConfig
                0x0000000008000444       0x18 ./system/src/stm32f4-hal/stm32f4xx_hal_cortex.o
                0x0000000008000444                HAL_SYSTICK_CLKSourceConfig
 .text.HAL_GPIO_Init
                0x000000000800045c      0x1d0 ./system/src/stm32f4-hal/stm32f4xx_hal_gpio.o
                0x000000000800045c                HAL_GPIO_Init
 .text.HAL_RCC_OscConfig
                0x000000000800062c      0x304 ./system/src/stm32f4-hal/stm32f4xx_hal_rcc.o
                0x000000000800062c                HAL_RCC_OscConfig
 .text.HAL_RCC_ClockConfig
                0x0000000008000930      0x204 ./system/src/stm32f4-hal/stm32f4xx_hal_rcc.o
                0x0000000008000930                HAL_RCC_ClockConfig
 .text.HAL_RCC_GetSysClockFreq
                0x0000000008000b34       0x8c ./system/src/stm32f4-hal/stm32f4xx_hal_rcc.o
                0x0000000008000b34                HAL_RCC_GetSysClockFreq
 .text.HAL_RCC_GetHCLKFreq
                0x0000000008000bc0       0x38 ./system/src/stm32f4-hal/stm32f4xx_hal_rcc.o
                0x0000000008000bc0                HAL_RCC_GetHCLKFreq
 .text._exit    0x0000000008000bf8        0x6 ./system/src/newlib/_exit.o
                0x0000000008000bf8                _exit
 *fill*         0x0000000008000bfe        0x2 
 .text.__initialize_args
                0x0000000008000c00       0x10 ./system/src/newlib/_syscalls.o
                0x0000000008000c00                __initialize_args
 .text.__initialize_hardware_early
                0x0000000008000c10        0x4 ./system/src/cortexm/_initialize_hardware.o
                0x0000000008000c10                __initialize_hardware_early
 .text.__reset_hardware
                0x0000000008000c14       0x20 ./system/src/cortexm/_reset_hardware.o
                0x0000000008000c14                __reset_hardware
 .text.isSemihosting
                0x0000000008000c34       0x1c ./system/src/cortexm/exception_handlers.o
                0x0000000008000c34                isSemihosting
 .text.SystemInit
                0x0000000008000c50       0x40 ./system/src/cmsis/system_stm32f4xx.o
                0x0000000008000c50                SystemInit
 .text.SystemCoreClockUpdate
                0x0000000008000c90       0x74 ./system/src/cmsis/system_stm32f4xx.o
                0x0000000008000c90                SystemCoreClockUpdate
 .text          0x0000000008000d04     0x1bb4 ./src/STM32F4_P24v04.o
                0x0000000008000d04                P24_init
                0x0000000008001066                asm_print_digit
                0x000000000800270a                asm_vdisplay
                0x00000000080027e2                asm_get_switch
                0x0000000008002806                screw_it
                0x000000000800282c                asm_hw8_stuff
 .text.SystemClock_Config
                0x00000000080028b8       0x94 ./src/_initialize_hardware.o
                0x00000000080028b8                SystemClock_Config
 .text.__initialize_hardware
                0x000000000800294c       0x16 ./src/_initialize_hardware.o
                0x000000000800294c                __initialize_hardware
 *fill*         0x0000000008002962        0x2 
 .text.startup.main
                0x0000000008002964       0x38 ./src/main.o
                0x0000000008002964                main
 .text.ANCAInit
                0x000000000800299c       0x2c ./src/p24.o
                0x000000000800299c                ANCAInit
 .text.ANCA_INIT_All
                0x00000000080029c8       0xa0 ./src/p24.o
                0x00000000080029c8                ANCA_INIT_All
 .text.queue    0x0000000008002a68       0x28 ./src/p24.o
                0x0000000008002a68                queue
 *(.rodata .rodata.* .constdata .constdata.*)
 .rodata.APBAHBPrescTable
                0x0000000008002a90       0x10 ./system/src/stm32f4-hal/stm32f4xx_hal_rcc.o
                0x0000000008002a90                APBAHBPrescTable
 .rodata.ANCA_PIN
                0x0000000008002aa0       0x18 ./src/p24.o
                0x0000000008002aa0                ANCA_PIN
 *(vtable)
 *(.eh_frame*)
 *(.glue_7)
 .glue_7        0x0000000008002ab8        0x0 linker stubs
 *(.glue_7t)
 .glue_7t       0x0000000008002ab8        0x0 linker stubs

.vfp11_veneer   0x0000000008002ab8        0x0
 .vfp11_veneer  0x0000000008002ab8        0x0 linker stubs

.v4_bx          0x0000000008002ab8        0x0
 .v4_bx         0x0000000008002ab8        0x0 linker stubs

.iplt           0x0000000008002ab8        0x0
 .iplt          0x0000000008002ab8        0x0 ./system/src/stm32f4-hal/stm32f4xx_hal.o

.rel.dyn        0x0000000008002ab8        0x0
 .rel.iplt      0x0000000008002ab8        0x0 ./system/src/stm32f4-hal/stm32f4xx_hal.o

.ARM.extab
 *(.ARM.extab* .gnu.linkonce.armextab.*)
                0x0000000008002ab8                . = ALIGN (0x4)
                0x0000000008002ab8                __exidx_start = .

.ARM.exidx
 *(.ARM.exidx* .gnu.linkonce.armexidx.*)
                0x0000000008002ab8                __exidx_end = .
                0x0000000008002ab8                . = ALIGN (0x4)
                0x0000000008002ab8                _etext = .
                0x0000000008002ab8                __etext = .

.data_CCMRAM    0x0000000010000000        0x0 load address 0x0000000008002ab8
 FILL mask 0xff
 *(.data.CCMRAM .data.CCMRAM.*)
                0x0000000010000000                . = ALIGN (0x4)
                0x0000000008002ab8                _sidata = LOADADDR (.data)

.data           0x0000000020000000       0x4c load address 0x0000000008002ab8
 FILL mask 0xff
                0x0000000020000000                _sdata = .
                0x0000000020000000                __data_start__ = .
 *(.data_begin .data_begin.*)
 *(.data .data.*)
 .data.argv.4048
                0x0000000020000000        0x8 ./system/src/newlib/_syscalls.o
 .data.AHBPrescTable
                0x0000000020000008       0x10 ./system/src/cmsis/system_stm32f4xx.o
                0x0000000020000008                AHBPrescTable
 .data.SystemCoreClock
                0x0000000020000018        0x4 ./system/src/cmsis/system_stm32f4xx.o
                0x0000000020000018                SystemCoreClock
 .data.ANCA_PORT
                0x000000002000001c       0x30 ./src/p24.o
                0x000000002000001c                ANCA_PORT
 *(.data_end .data_end.*)
                0x000000002000004c                . = ALIGN (0x4)
                0x000000002000004c                _edata = .
                0x000000002000004c                __data_end__ = .

.igot.plt       0x000000002000004c        0x0 load address 0x0000000008002b04
 .igot.plt      0x000000002000004c        0x0 ./system/src/stm32f4-hal/stm32f4xx_hal.o

.bss_CCMRAM     0x0000000010000000        0x0
 *(.bss.CCMRAM .bss.CCMRAM.*)

.bss            0x0000000020000050       0xd0
                0x0000000020000050                __bss_start__ = .
                0x0000000020000050                _sbss = .
 *(.bss_begin .bss_begin.*)
 *(.bss .bss.*)
 .bss.uwTick    0x0000000020000050        0x4 ./system/src/stm32f4-hal/stm32f4xx_hal.o
 .bss.name.4047
                0x0000000020000054        0x1 ./system/src/newlib/_syscalls.o
 *fill*         0x0000000020000055        0x3 
 .bss           0x0000000020000058       0x40 ./src/STM32F4_P24v04.o
 .bss.i         0x0000000020000098        0x4 ./src/main.o
                0x0000000020000098                i
 .bss.vdisplay  0x000000002000009c       0x2c ./src/p24.o
                0x000000002000009c                vdisplay
 .bss.tail      0x00000000200000c8        0x4 ./src/p24.o
                0x00000000200000c8                tail
 *(COMMON)
 COMMON         0x00000000200000cc        0x4 ./src/STM32F4_P24v04.o
                0x00000000200000cc                outarray
 COMMON         0x00000000200000d0       0x50 ./src/p24.o
                0x00000000200000d0                fifo
 *(.bss_end .bss_end.*)
                0x0000000020000120                . = ALIGN (0x4)
                0x0000000020000120                __bss_end__ = .
                0x0000000020000120                _ebss = .

.noinit_CCMRAM
 *(.noinit.CCMRAM .noinit.CCMRAM.*)

.noinit         0x0000000020000120        0x0
                0x0000000020000120                _noinit = .
 *(.noinit .noinit.*)
                0x0000000020000120                . = ALIGN (0x4)
                0x0000000020000120                _end_noinit = .
                0x0000000020000120                PROVIDE (end, _end_noinit)
                0x0000000020000120                PROVIDE (_end, _end_noinit)
                0x0000000020000120                PROVIDE (__end, _end_noinit)
                0x0000000020000120                PROVIDE (__end__, _end_noinit)

._check_stack   0x0000000020000120      0x100
                0x0000000020000220                . = (. + _Minimum_Stack_Size)
 *fill*         0x0000000020000120      0x100 

.b1text
 *(.b1text)
 *(.b1rodata)
 *(.b1rodata.*)

.eb0text
 *(.eb0text)
 *(.eb0rodata)
 *(.eb0rodata.*)

.eb1text
 *(.eb1text)
 *(.eb1rodata)
 *(.eb1rodata.*)

.eb2text
 *(.eb2text)
 *(.eb2rodata)
 *(.eb2rodata.*)

.eb3text
 *(.eb3text)
 *(.eb3rodata)
 *(.eb3rodata.*)

.stab
 *(.stab)

.stabstr
 *(.stabstr)

.stab.excl
 *(.stab.excl)

.stab.exclstr
 *(.stab.exclstr)

.stab.index
 *(.stab.index)

.stab.indexstr
 *(.stab.indexstr)

.comment        0x0000000000000000       0x2d
 *(.comment)
 .comment       0x0000000000000000       0x2d ./system/src/stm32f4-hal/stm32f4xx_hal.o
                                         0x2e (size before relaxing)
 .comment       0x000000000000002d       0x2e ./system/src/stm32f4-hal/stm32f4xx_hal_cortex.o
 .comment       0x000000000000002d       0x2e ./system/src/stm32f4-hal/stm32f4xx_hal_gpio.o
 .comment       0x000000000000002d       0x2e ./system/src/stm32f4-hal/stm32f4xx_hal_rcc.o
 .comment       0x000000000000002d       0x2e ./system/src/newlib/_exit.o
 .comment       0x000000000000002d       0x2e ./system/src/newlib/_startup.o
 .comment       0x000000000000002d       0x2e ./system/src/newlib/_syscalls.o
 .comment       0x000000000000002d       0x2e ./system/src/cortexm/_initialize_hardware.o
 .comment       0x000000000000002d       0x2e ./system/src/cortexm/_reset_hardware.o
 .comment       0x000000000000002d       0x2e ./system/src/cortexm/exception_handlers.o
 .comment       0x000000000000002d       0x2e ./system/src/cmsis/system_stm32f4xx.o
 .comment       0x000000000000002d       0x2e ./system/src/cmsis/vectors_stm32f4xx.o
 .comment       0x000000000000002d       0x2e ./src/_initialize_hardware.o
 .comment       0x000000000000002d       0x2e ./src/main.o
 .comment       0x000000000000002d       0x2e ./src/p24.o

.ARM.attributes
                0x0000000000000000       0x31
 .ARM.attributes
                0x0000000000000000       0x33 ./system/src/stm32f4-hal/stm32f4xx_hal.o
 .ARM.attributes
                0x0000000000000033       0x33 ./system/src/stm32f4-hal/stm32f4xx_hal_cortex.o
 .ARM.attributes
                0x0000000000000066       0x33 ./system/src/stm32f4-hal/stm32f4xx_hal_gpio.o
 .ARM.attributes
                0x0000000000000099       0x33 ./system/src/stm32f4-hal/stm32f4xx_hal_rcc.o
 .ARM.attributes
                0x00000000000000cc       0x33 ./system/src/newlib/_exit.o
 .ARM.attributes
                0x00000000000000ff       0x33 ./system/src/newlib/_startup.o
 .ARM.attributes
                0x0000000000000132       0x33 ./system/src/newlib/_syscalls.o
 .ARM.attributes
                0x0000000000000165       0x33 ./system/src/cortexm/_initialize_hardware.o
 .ARM.attributes
                0x0000000000000198       0x33 ./system/src/cortexm/_reset_hardware.o
 .ARM.attributes
                0x00000000000001cb       0x33 ./system/src/cortexm/exception_handlers.o
 .ARM.attributes
                0x00000000000001fe       0x33 ./system/src/cmsis/system_stm32f4xx.o
 .ARM.attributes
                0x0000000000000231       0x33 ./system/src/cmsis/vectors_stm32f4xx.o
 .ARM.attributes
                0x0000000000000264       0x21 ./src/STM32F4_P24v04.o
 .ARM.attributes
                0x0000000000000285       0x33 ./src/_initialize_hardware.o
 .ARM.attributes
                0x00000000000002b8       0x33 ./src/main.o
 .ARM.attributes
                0x00000000000002eb       0x33 ./src/p24.o

.debug
 *(.debug)

.line
 *(.line)

.debug_srcinfo
 *(.debug_srcinfo)

.debug_sfnames
 *(.debug_sfnames)

.debug_aranges  0x0000000000000000      0x498
 *(.debug_aranges)
 .debug_aranges
                0x0000000000000000       0xc0 ./system/src/stm32f4-hal/stm32f4xx_hal.o
 .debug_aranges
                0x00000000000000c0       0x90 ./system/src/stm32f4-hal/stm32f4xx_hal_cortex.o
 .debug_aranges
                0x0000000000000150       0x58 ./system/src/stm32f4-hal/stm32f4xx_hal_gpio.o
 .debug_aranges
                0x00000000000001a8       0x88 ./system/src/stm32f4-hal/stm32f4xx_hal_rcc.o
 .debug_aranges
                0x0000000000000230       0x28 ./system/src/newlib/_exit.o
 .debug_aranges
                0x0000000000000258       0x40 ./system/src/newlib/_startup.o
 .debug_aranges
                0x0000000000000298       0x30 ./system/src/newlib/_syscalls.o
 .debug_aranges
                0x00000000000002c8       0x28 ./system/src/cortexm/_initialize_hardware.o
 .debug_aranges
                0x00000000000002f0       0x20 ./system/src/cortexm/_reset_hardware.o
 .debug_aranges
                0x0000000000000310       0x88 ./system/src/cortexm/exception_handlers.o
 .debug_aranges
                0x0000000000000398       0x28 ./system/src/cmsis/system_stm32f4xx.o
 .debug_aranges
                0x00000000000003c0       0x20 ./system/src/cmsis/vectors_stm32f4xx.o
 .debug_aranges
                0x00000000000003e0       0x20 ./src/STM32F4_P24v04.o
 .debug_aranges
                0x0000000000000400       0x28 ./src/_initialize_hardware.o
 .debug_aranges
                0x0000000000000428       0x20 ./src/main.o
 .debug_aranges
                0x0000000000000448       0x50 ./src/p24.o

.debug_pubnames
 *(.debug_pubnames)

.debug_info     0x0000000000000000     0x5199
 *(.debug_info .gnu.linkonce.wi.*)
 .debug_info    0x0000000000000000      0x9a1 ./system/src/stm32f4-hal/stm32f4xx_hal.o
 .debug_info    0x00000000000009a1      0xcc1 ./system/src/stm32f4-hal/stm32f4xx_hal_cortex.o
 .debug_info    0x0000000000001662      0x6e5 ./system/src/stm32f4-hal/stm32f4xx_hal_gpio.o
 .debug_info    0x0000000000001d47      0xfbf ./system/src/stm32f4-hal/stm32f4xx_hal_rcc.o
 .debug_info    0x0000000000002d06      0x100 ./system/src/newlib/_exit.o
 .debug_info    0x0000000000002e06      0x4af ./system/src/newlib/_startup.o
 .debug_info    0x00000000000032b5      0x1a5 ./system/src/newlib/_syscalls.o
 .debug_info    0x000000000000345a       0xe9 ./system/src/cortexm/_initialize_hardware.o
 .debug_info    0x0000000000003543      0x29f ./system/src/cortexm/_reset_hardware.o
 .debug_info    0x00000000000037e2      0x553 ./system/src/cortexm/exception_handlers.o
 .debug_info    0x0000000000003d35      0x490 ./system/src/cmsis/system_stm32f4xx.o
 .debug_info    0x00000000000041c5       0xd0 ./system/src/cmsis/vectors_stm32f4xx.o
 .debug_info    0x0000000000004295       0x7a ./src/STM32F4_P24v04.o
 .debug_info    0x000000000000430f      0x563 ./src/_initialize_hardware.o
 .debug_info    0x0000000000004872      0x14f ./src/main.o
 .debug_info    0x00000000000049c1      0x7d8 ./src/p24.o

.debug_abbrev   0x0000000000000000     0x17c4
 *(.debug_abbrev)
 .debug_abbrev  0x0000000000000000      0x272 ./system/src/stm32f4-hal/stm32f4xx_hal.o
 .debug_abbrev  0x0000000000000272      0x2bb ./system/src/stm32f4-hal/stm32f4xx_hal_cortex.o
 .debug_abbrev  0x000000000000052d      0x1c6 ./system/src/stm32f4-hal/stm32f4xx_hal_gpio.o
 .debug_abbrev  0x00000000000006f3      0x2d7 ./system/src/stm32f4-hal/stm32f4xx_hal_rcc.o
 .debug_abbrev  0x00000000000009ca       0xb8 ./system/src/newlib/_exit.o
 .debug_abbrev  0x0000000000000a82      0x20a ./system/src/newlib/_startup.o
 .debug_abbrev  0x0000000000000c8c       0xe4 ./system/src/newlib/_syscalls.o
 .debug_abbrev  0x0000000000000d70       0x88 ./system/src/cortexm/_initialize_hardware.o
 .debug_abbrev  0x0000000000000df8       0xe7 ./system/src/cortexm/_reset_hardware.o
 .debug_abbrev  0x0000000000000edf      0x1cc ./system/src/cortexm/exception_handlers.o
 .debug_abbrev  0x00000000000010ab      0x101 ./system/src/cmsis/system_stm32f4xx.o
 .debug_abbrev  0x00000000000011ac       0x9a ./system/src/cmsis/vectors_stm32f4xx.o
 .debug_abbrev  0x0000000000001246       0x14 ./src/STM32F4_P24v04.o
 .debug_abbrev  0x000000000000125a      0x201 ./src/_initialize_hardware.o
 .debug_abbrev  0x000000000000145b       0xea ./src/main.o
 .debug_abbrev  0x0000000000001545      0x27f ./src/p24.o

.debug_line     0x0000000000000000     0x1a46
 *(.debug_line)
 .debug_line    0x0000000000000000      0x2dd ./system/src/stm32f4-hal/stm32f4xx_hal.o
 .debug_line    0x00000000000002dd      0x28d ./system/src/stm32f4-hal/stm32f4xx_hal_cortex.o
 .debug_line    0x000000000000056a      0x2d9 ./system/src/stm32f4-hal/stm32f4xx_hal_gpio.o
 .debug_line    0x0000000000000843      0x4f7 ./system/src/stm32f4-hal/stm32f4xx_hal_rcc.o
 .debug_line    0x0000000000000d3a       0xc3 ./system/src/newlib/_exit.o
 .debug_line    0x0000000000000dfd      0x11a ./system/src/newlib/_startup.o
 .debug_line    0x0000000000000f17       0xc6 ./system/src/newlib/_syscalls.o
 .debug_line    0x0000000000000fdd       0xe1 ./system/src/cortexm/_initialize_hardware.o
 .debug_line    0x00000000000010be       0xd9 ./system/src/cortexm/_reset_hardware.o
 .debug_line    0x0000000000001197      0x161 ./system/src/cortexm/exception_handlers.o
 .debug_line    0x00000000000012f8       0xf8 ./system/src/cmsis/system_stm32f4xx.o
 .debug_line    0x00000000000013f0       0x58 ./system/src/cmsis/vectors_stm32f4xx.o
 .debug_line    0x0000000000001448      0x1dc ./src/STM32F4_P24v04.o
 .debug_line    0x0000000000001624      0x1a7 ./src/_initialize_hardware.o
 .debug_line    0x00000000000017cb       0xa8 ./src/main.o
 .debug_line    0x0000000000001873      0x1d3 ./src/p24.o

.debug_frame    0x0000000000000000      0x894
 *(.debug_frame)
 .debug_frame   0x0000000000000000      0x184 ./system/src/stm32f4-hal/stm32f4xx_hal.o
 .debug_frame   0x0000000000000184      0x120 ./system/src/stm32f4-hal/stm32f4xx_hal_cortex.o
 .debug_frame   0x00000000000002a4       0xc8 ./system/src/stm32f4-hal/stm32f4xx_hal_gpio.o
 .debug_frame   0x000000000000036c      0x148 ./system/src/stm32f4-hal/stm32f4xx_hal_rcc.o
 .debug_frame   0x00000000000004b4       0x40 ./system/src/newlib/_exit.o
 .debug_frame   0x00000000000004f4       0x84 ./system/src/newlib/_startup.o
 .debug_frame   0x0000000000000578       0x50 ./system/src/newlib/_syscalls.o
 .debug_frame   0x00000000000005c8       0x30 ./system/src/cortexm/_initialize_hardware.o
 .debug_frame   0x00000000000005f8       0x20 ./system/src/cortexm/_reset_hardware.o
 .debug_frame   0x0000000000000618       0xf8 ./system/src/cortexm/exception_handlers.o
 .debug_frame   0x0000000000000710       0x30 ./system/src/cmsis/system_stm32f4xx.o
 .debug_frame   0x0000000000000740       0x20 ./system/src/cmsis/vectors_stm32f4xx.o
 .debug_frame   0x0000000000000760       0x44 ./src/_initialize_hardware.o
 .debug_frame   0x00000000000007a4       0x28 ./src/main.o
 .debug_frame   0x00000000000007cc       0xc8 ./src/p24.o

.debug_str      0x0000000000000000     0x19d1
 *(.debug_str)
 .debug_str     0x0000000000000000      0xa57 ./system/src/stm32f4-hal/stm32f4xx_hal.o
                                        0xaae (size before relaxing)
 .debug_str     0x0000000000000a57      0x295 ./system/src/stm32f4-hal/stm32f4xx_hal_cortex.o
                                        0xad4 (size before relaxing)
 .debug_str     0x0000000000000cec      0x1d2 ./system/src/stm32f4-hal/stm32f4xx_hal_gpio.o
                                        0x4d9 (size before relaxing)
 .debug_str     0x0000000000000ebe      0x2c8 ./system/src/stm32f4-hal/stm32f4xx_hal_rcc.o
                                        0x6ba (size before relaxing)
 .debug_str     0x0000000000001186       0x4a ./system/src/newlib/_exit.o
                                        0x1d0 (size before relaxing)
 .debug_str     0x00000000000011d0      0x1a9 ./system/src/newlib/_startup.o
                                        0x34b (size before relaxing)
 .debug_str     0x0000000000001379       0x4d ./system/src/newlib/_syscalls.o
                                        0x1f0 (size before relaxing)
 .debug_str     0x00000000000013c6       0x4e ./system/src/cortexm/_initialize_hardware.o
                                        0x21b (size before relaxing)
 .debug_str     0x0000000000001414       0x28 ./system/src/cortexm/_reset_hardware.o
                                        0x25a (size before relaxing)
 .debug_str     0x000000000000143c      0x39f ./system/src/cortexm/exception_handlers.o
                                        0x5b2 (size before relaxing)
 .debug_str     0x00000000000017db       0x31 ./system/src/cmsis/system_stm32f4xx.o
                                        0x37d (size before relaxing)
 .debug_str     0x000000000000180c       0x57 ./system/src/cmsis/vectors_stm32f4xx.o
                                        0x1cc (size before relaxing)
 .debug_str     0x0000000000001863       0x3f ./src/_initialize_hardware.o
                                        0x4de (size before relaxing)
 .debug_str     0x00000000000018a2       0x1e ./src/main.o
                                        0x1d1 (size before relaxing)
 .debug_str     0x00000000000018c0      0x111 ./src/p24.o
                                        0x447 (size before relaxing)

.debug_loc      0x0000000000000000     0x175d
 *(.debug_loc)
 .debug_loc     0x0000000000000000       0xb4 ./system/src/stm32f4-hal/stm32f4xx_hal.o
 .debug_loc     0x00000000000000b4      0x422 ./system/src/stm32f4-hal/stm32f4xx_hal_cortex.o
 .debug_loc     0x00000000000004d6      0x3ec ./system/src/stm32f4-hal/stm32f4xx_hal_gpio.o
 .debug_loc     0x00000000000008c2      0x7c4 ./system/src/stm32f4-hal/stm32f4xx_hal_rcc.o
 .debug_loc     0x0000000000001086       0x21 ./system/src/newlib/_exit.o
 .debug_loc     0x00000000000010a7      0x3cb ./system/src/newlib/_startup.o
 .debug_loc     0x0000000000001472       0x63 ./system/src/newlib/_syscalls.o
 .debug_loc     0x00000000000014d5       0xd4 ./system/src/cortexm/exception_handlers.o
 .debug_loc     0x00000000000015a9       0xb7 ./system/src/cmsis/system_stm32f4xx.o
 .debug_loc     0x0000000000001660       0x42 ./src/main.o
 .debug_loc     0x00000000000016a2       0xbb ./src/p24.o

.debug_macinfo
 *(.debug_macinfo)

.debug_weaknames
 *(.debug_weaknames)

.debug_funcnames
 *(.debug_funcnames)

.debug_typenames
 *(.debug_typenames)

.debug_varnames
 *(.debug_varnames)
OUTPUT(microsynth_eclipse.elf elf32-littlearm)

.debug_ranges   0x0000000000000000      0x498
 .debug_ranges  0x0000000000000000       0xb0 ./system/src/stm32f4-hal/stm32f4xx_hal.o
 .debug_ranges  0x00000000000000b0       0xd0 ./system/src/stm32f4-hal/stm32f4xx_hal_cortex.o
 .debug_ranges  0x0000000000000180       0x60 ./system/src/stm32f4-hal/stm32f4xx_hal_gpio.o
 .debug_ranges  0x00000000000001e0       0xc8 ./system/src/stm32f4-hal/stm32f4xx_hal_rcc.o
 .debug_ranges  0x00000000000002a8       0x18 ./system/src/newlib/_exit.o
 .debug_ranges  0x00000000000002c0       0x50 ./system/src/newlib/_startup.o
 .debug_ranges  0x0000000000000310       0x20 ./system/src/newlib/_syscalls.o
 .debug_ranges  0x0000000000000330       0x18 ./system/src/cortexm/_initialize_hardware.o
 .debug_ranges  0x0000000000000348       0x10 ./system/src/cortexm/_reset_hardware.o
 .debug_ranges  0x0000000000000358       0x78 ./system/src/cortexm/exception_handlers.o
 .debug_ranges  0x00000000000003d0       0x18 ./system/src/cmsis/system_stm32f4xx.o
 .debug_ranges  0x00000000000003e8       0x10 ./system/src/cmsis/vectors_stm32f4xx.o
 .debug_ranges  0x00000000000003f8       0x38 ./src/_initialize_hardware.o
 .debug_ranges  0x0000000000000430       0x10 ./src/main.o
 .debug_ranges  0x0000000000000440       0x58 ./src/p24.o
